-- The C compiler identification is GNU 9.4.0
-- The CXX compiler identification is GNU 9.4.0
-- Check for working C compiler: /usr/bin/cc
-- Check for working C compiler: /usr/bin/cc -- works
-- Detecting C compiler ABI info
-- Detecting C compiler ABI info - done
-- Detecting C compile features
-- Detecting C compile features - done
-- Check for working CXX compiler: /usr/bin/c++
-- Check for working CXX compiler: /usr/bin/c++ -- works
-- Detecting CXX compiler ABI info
-- Detecting CXX compiler ABI info - done
-- Detecting CXX compile features
-- Detecting CXX compile features - done
-- Found ament_cmake: 1.1.6 (/opt/ros/galactic/share/ament_cmake/cmake)
-- Found PythonInterp: /usr/bin/python3 (found suitable version "3.8.10", minimum required is "3") 
-- Using PYTHON_EXECUTABLE: /usr/bin/python3
-- Found rclcpp: 9.2.2 (/opt/ros/galactic/share/rclcpp/cmake)
-- Using all available rosidl_typesupport_c: rosidl_typesupport_fastrtps_c;rosidl_typesupport_introspection_c
-- Found rosidl_adapter: 2.2.3 (/opt/ros/galactic/share/rosidl_adapter/cmake)
-- Found OpenSSL: /usr/lib/x86_64-linux-gnu/libcrypto.so (found version "1.1.1f")  
-- Found FastRTPS: /opt/ros/galactic/include  
-- Using all available rosidl_typesupport_cpp: rosidl_typesupport_fastrtps_cpp;rosidl_typesupport_introspection_cpp
-- Found rmw_implementation_cmake: 3.3.1 (/opt/ros/galactic/share/rmw_implementation_cmake/cmake)
-- Found rmw_cyclonedds_cpp: 0.22.6 (/opt/ros/galactic/share/rmw_cyclonedds_cpp/cmake)
-- Using RMW implementation 'rmw_cyclonedds_cpp' as default
-- Looking for pthread.h
-- Looking for pthread.h - found
-- Performing Test CMAKE_HAVE_LIBC_PTHREAD
-- Performing Test CMAKE_HAVE_LIBC_PTHREAD - Failed
-- Looking for pthread_create in pthreads
-- Looking for pthread_create in pthreads - not found
-- Looking for pthread_create in pthread
-- Looking for pthread_create in pthread - found
-- Found Threads: TRUE  
-- Found rclcpp_components: 9.2.2 (/opt/ros/galactic/share/rclcpp_components/cmake)
-- Found rosidl_default_generators: 1.1.1 (/opt/ros/galactic/share/rosidl_default_generators/cmake)
-- Found sensor_msgs: 2.2.4 (/opt/ros/galactic/share/sensor_msgs/cmake)
-- Found PythonInterp: /usr/bin/python3 (found version "3.8.10") 
-- Found ament_cmake_ros: 0.9.2 (/opt/ros/galactic/share/ament_cmake_ros/cmake)
-- Using all available rosidl_typesupport_c: rosidl_typesupport_fastrtps_c;rosidl_typesupport_introspection_c
-- Using all available rosidl_typesupport_cpp: rosidl_typesupport_fastrtps_cpp;rosidl_typesupport_introspection_cpp
-- Found PythonInterp: /usr/bin/python3 (found suitable version "3.8.10", minimum required is "3.5") 
-- Found python_cmake_module: 0.8.1 (/opt/ros/galactic/share/python_cmake_module/cmake)
-- Found PythonLibs: /usr/lib/x86_64-linux-gnu/libpython3.8.so (found suitable version "3.8.10", minimum required is "3.5") 
-- Using PYTHON_EXECUTABLE: /usr/bin/python3
-- Using PYTHON_INCLUDE_DIRS: /usr/include/python3.8
-- Using PYTHON_LIBRARIES: /usr/lib/x86_64-linux-gnu/libpython3.8.so
-- Found PythonExtra: .so  
-- Found ament_cmake_clang_format: 0.10.7 (/opt/ros/galactic/share/ament_cmake_clang_format/cmake)
-- Found ament_cmake_clang_tidy: 0.10.7 (/opt/ros/galactic/share/ament_cmake_clang_tidy/cmake)
-- Found ament_cmake_cppcheck: 0.10.7 (/opt/ros/galactic/share/ament_cmake_cppcheck/cmake)
-- Found ament_cmake_flake8: 0.10.7 (/opt/ros/galactic/share/ament_cmake_flake8/cmake)
-- Found ament_cmake_xmllint: 0.10.7 (/opt/ros/galactic/share/ament_cmake_xmllint/cmake)
-- Configuring done
-- Generating done
-- Build files have been written to: /home/uwrt/xbox_test_ws/src/uwrt_mars_rover/build/uwrt_mars_rover_xbox_controller
[  2%] [34m[1mGenerating C code for ROS interfaces[0m
[35m[1mScanning dependencies of target uwrt_mars_rover_xbox_controller__cpp[0m
[  5%] [34m[1mGenerating C++ code for ROS interfaces[0m
[35m[1mScanning dependencies of target uwrt_mars_rover_xbox_controller__rosidl_generator_c[0m
[  5%] Built target uwrt_mars_rover_xbox_controller__cpp
[  8%] [32mBuilding C object CMakeFiles/uwrt_mars_rover_xbox_controller__rosidl_generator_c.dir/rosidl_generator_c/uwrt_mars_rover_xbox_controller/msg/detail/xbox_controller__functions.c.o[0m
[ 11%] [34m[1mGenerating C++ introspection for ROS interfaces[0m
[ 14%] [34m[1mGenerating C++ type support dispatch for ROS interfaces[0m
[ 17%] [34m[1mGenerating C++ type support for eProsima Fast-RTPS[0m
[ 20%] [32m[1mLinking C shared library libuwrt_mars_rover_xbox_controller__rosidl_generator_c.so[0m
[ 20%] Built target uwrt_mars_rover_xbox_controller__rosidl_generator_c
[ 22%] [34m[1mGenerating C type support dispatch for ROS interfaces[0m
[35m[1mScanning dependencies of target uwrt_mars_rover_xbox_controller__rosidl_typesupport_cpp[0m
[35m[1mScanning dependencies of target uwrt_mars_rover_xbox_controller__rosidl_typesupport_fastrtps_cpp[0m
[35m[1mScanning dependencies of target uwrt_mars_rover_xbox_controller__rosidl_typesupport_introspection_cpp[0m
[ 25%] [32mBuilding CXX object CMakeFiles/uwrt_mars_rover_xbox_controller__rosidl_typesupport_introspection_cpp.dir/rosidl_typesupport_introspection_cpp/uwrt_mars_rover_xbox_controller/msg/detail/xbox_controller__type_support.cpp.o[0m
[ 28%] [32mBuilding CXX object CMakeFiles/uwrt_mars_rover_xbox_controller__rosidl_typesupport_fastrtps_cpp.dir/rosidl_typesupport_fastrtps_cpp/uwrt_mars_rover_xbox_controller/msg/detail/dds_fastrtps/xbox_controller__type_support.cpp.o[0m
[ 31%] [32mBuilding CXX object CMakeFiles/uwrt_mars_rover_xbox_controller__rosidl_typesupport_cpp.dir/rosidl_typesupport_cpp/uwrt_mars_rover_xbox_controller/msg/xbox_controller__type_support.cpp.o[0m
[35m[1mScanning dependencies of target uwrt_mars_rover_xbox_controller__rosidl_typesupport_c[0m
[ 34%] [32mBuilding CXX object CMakeFiles/uwrt_mars_rover_xbox_controller__rosidl_typesupport_c.dir/rosidl_typesupport_c/uwrt_mars_rover_xbox_controller/msg/xbox_controller__type_support.cpp.o[0m
[ 37%] [32m[1mLinking CXX shared library libuwrt_mars_rover_xbox_controller__rosidl_typesupport_c.so[0m
[ 40%] [32m[1mLinking CXX shared library libuwrt_mars_rover_xbox_controller__rosidl_typesupport_introspection_cpp.so[0m
[ 40%] Built target uwrt_mars_rover_xbox_controller__rosidl_typesupport_c
[ 42%] [34m[1mGenerating C introspection for ROS interfaces[0m
[ 45%] [32m[1mLinking CXX shared library libuwrt_mars_rover_xbox_controller__rosidl_typesupport_cpp.so[0m
[ 45%] Built target uwrt_mars_rover_xbox_controller__rosidl_typesupport_introspection_cpp
[ 45%] Built target uwrt_mars_rover_xbox_controller__rosidl_typesupport_cpp
[ 48%] [32m[1mLinking CXX shared library libuwrt_mars_rover_xbox_controller__rosidl_typesupport_fastrtps_cpp.so[0m
[ 48%] Built target uwrt_mars_rover_xbox_controller__rosidl_typesupport_fastrtps_cpp
[35m[1mScanning dependencies of target uwrt_mars_rover_xbox_controller__rosidl_typesupport_introspection_c[0m
[ 51%] [34m[1mGenerating C type support for eProsima Fast-RTPS[0m
[ 54%] [32mBuilding C object CMakeFiles/uwrt_mars_rover_xbox_controller__rosidl_typesupport_introspection_c.dir/rosidl_typesupport_introspection_c/uwrt_mars_rover_xbox_controller/msg/detail/xbox_controller__type_support.c.o[0m
[ 57%] [32m[1mLinking C shared library libuwrt_mars_rover_xbox_controller__rosidl_typesupport_introspection_c.so[0m
[ 57%] Built target uwrt_mars_rover_xbox_controller__rosidl_typesupport_introspection_c
[35m[1mScanning dependencies of target uwrt_mars_rover_xbox_controller__rosidl_typesupport_fastrtps_c[0m
[ 60%] [32mBuilding CXX object CMakeFiles/uwrt_mars_rover_xbox_controller__rosidl_typesupport_fastrtps_c.dir/rosidl_typesupport_fastrtps_c/uwrt_mars_rover_xbox_controller/msg/detail/xbox_controller__type_support_c.cpp.o[0m
[ 62%] [32m[1mLinking CXX shared library libuwrt_mars_rover_xbox_controller__rosidl_typesupport_fastrtps_c.so[0m
[ 62%] Built target uwrt_mars_rover_xbox_controller__rosidl_typesupport_fastrtps_c
[35m[1mScanning dependencies of target uwrt_mars_rover_xbox_controller[0m
[ 62%] Built target uwrt_mars_rover_xbox_controller
[35m[1mScanning dependencies of target uwrt_mars_rover_xbox_controller__py[0m
[35m[1mScanning dependencies of target xbox_controller[0m
[35m[1mScanning dependencies of target coordinateNode[0m
[ 65%] [34m[1mGenerating Python code for ROS interfaces[0m
[ 68%] [32mBuilding CXX object CMakeFiles/coordinateNode.dir/src/coordinateNode.cpp.o[0m
[ 71%] [32mBuilding CXX object CMakeFiles/xbox_controller.dir/src/uwrt_mars_rover_xbox_controller.cpp.o[0m
[ 71%] Built target uwrt_mars_rover_xbox_controller__py
[35m[1mScanning dependencies of target uwrt_mars_rover_xbox_controller__python[0m
[ 74%] [32mBuilding C object CMakeFiles/uwrt_mars_rover_xbox_controller__python.dir/rosidl_generator_py/uwrt_mars_rover_xbox_controller/msg/_xbox_controller_s.c.o[0m
[ 77%] [32m[1mLinking C shared library rosidl_generator_py/uwrt_mars_rover_xbox_controller/libuwrt_mars_rover_xbox_controller__python.so[0m
[ 77%] Built target uwrt_mars_rover_xbox_controller__python
[35m[1mScanning dependencies of target uwrt_mars_rover_xbox_controller__rosidl_typesupport_c__pyext[0m
[35m[1mScanning dependencies of target uwrt_mars_rover_xbox_controller__rosidl_typesupport_fastrtps_c__pyext[0m
[ 80%] [32mBuilding C object CMakeFiles/uwrt_mars_rover_xbox_controller__rosidl_typesupport_c__pyext.dir/rosidl_generator_py/uwrt_mars_rover_xbox_controller/_uwrt_mars_rover_xbox_controller_s.ep.rosidl_typesupport_c.c.o[0m
[ 82%] [32mBuilding C object CMakeFiles/uwrt_mars_rover_xbox_controller__rosidl_typesupport_fastrtps_c__pyext.dir/rosidl_generator_py/uwrt_mars_rover_xbox_controller/_uwrt_mars_rover_xbox_controller_s.ep.rosidl_typesupport_fastrtps_c.c.o[0m
[ 85%] [32m[1mLinking C shared library rosidl_generator_py/uwrt_mars_rover_xbox_controller/uwrt_mars_rover_xbox_controller_s__rosidl_typesupport_c.cpython-38-x86_64-linux-gnu.so[0m
[ 88%] [32m[1mLinking CXX shared library rosidl_generator_py/uwrt_mars_rover_xbox_controller/uwrt_mars_rover_xbox_controller_s__rosidl_typesupport_fastrtps_c.cpython-38-x86_64-linux-gnu.so[0m
[ 88%] Built target uwrt_mars_rover_xbox_controller__rosidl_typesupport_c__pyext
[35m[1mScanning dependencies of target uwrt_mars_rover_xbox_controller__rosidl_typesupport_introspection_c__pyext[0m
[ 91%] [32mBuilding C object CMakeFiles/uwrt_mars_rover_xbox_controller__rosidl_typesupport_introspection_c__pyext.dir/rosidl_generator_py/uwrt_mars_rover_xbox_controller/_uwrt_mars_rover_xbox_controller_s.ep.rosidl_typesupport_introspection_c.c.o[0m
[ 91%] Built target uwrt_mars_rover_xbox_controller__rosidl_typesupport_fastrtps_c__pyext
[ 94%] [32m[1mLinking C shared library rosidl_generator_py/uwrt_mars_rover_xbox_controller/uwrt_mars_rover_xbox_controller_s__rosidl_typesupport_introspection_c.cpython-38-x86_64-linux-gnu.so[0m
[ 94%] Built target uwrt_mars_rover_xbox_controller__rosidl_typesupport_introspection_c__pyext
[ 97%] [32m[1mLinking CXX shared library libxbox_controller.so[0m
[100%] [32m[1mLinking CXX shared library libcoordinateNode.so[0m
[100%] Built target xbox_controller
[100%] Built target coordinateNode
-- Install configuration: ""
-- Installing: /home/uwrt/xbox_test_ws/src/uwrt_mars_rover/install/uwrt_mars_rover_xbox_controller/share/ament_index/resource_index/rosidl_interfaces/uwrt_mars_rover_xbox_controller
-- Installing: /home/uwrt/xbox_test_ws/src/uwrt_mars_rover/install/uwrt_mars_rover_xbox_controller/include/uwrt_mars_rover_xbox_controller
-- Installing: /home/uwrt/xbox_test_ws/src/uwrt_mars_rover/install/uwrt_mars_rover_xbox_controller/include/uwrt_mars_rover_xbox_controller/msg
-- Installing: /home/uwrt/xbox_test_ws/src/uwrt_mars_rover/install/uwrt_mars_rover_xbox_controller/include/uwrt_mars_rover_xbox_controller/msg/xbox_controller.h
-- Installing: /home/uwrt/xbox_test_ws/src/uwrt_mars_rover/install/uwrt_mars_rover_xbox_controller/include/uwrt_mars_rover_xbox_controller/msg/detail
-- Installing: /home/uwrt/xbox_test_ws/src/uwrt_mars_rover/install/uwrt_mars_rover_xbox_controller/include/uwrt_mars_rover_xbox_controller/msg/detail/xbox_controller__functions.h
-- Installing: /home/uwrt/xbox_test_ws/src/uwrt_mars_rover/install/uwrt_mars_rover_xbox_controller/include/uwrt_mars_rover_xbox_controller/msg/detail/xbox_controller__functions.c
-- Installing: /home/uwrt/xbox_test_ws/src/uwrt_mars_rover/install/uwrt_mars_rover_xbox_controller/include/uwrt_mars_rover_xbox_controller/msg/detail/xbox_controller__struct.h
-- Installing: /home/uwrt/xbox_test_ws/src/uwrt_mars_rover/install/uwrt_mars_rover_xbox_controller/include/uwrt_mars_rover_xbox_controller/msg/detail/xbox_controller__type_support.h
-- Installing: /home/uwrt/xbox_test_ws/src/uwrt_mars_rover/install/uwrt_mars_rover_xbox_controller/include/uwrt_mars_rover_xbox_controller/msg/rosidl_generator_c__visibility_control.h
-- Installing: /home/uwrt/xbox_test_ws/src/uwrt_mars_rover/install/uwrt_mars_rover_xbox_controller/share/uwrt_mars_rover_xbox_controller/environment/library_path.sh
-- Installing: /home/uwrt/xbox_test_ws/src/uwrt_mars_rover/install/uwrt_mars_rover_xbox_controller/share/uwrt_mars_rover_xbox_controller/environment/library_path.dsv
-- Installing: /home/uwrt/xbox_test_ws/src/uwrt_mars_rover/install/uwrt_mars_rover_xbox_controller/lib/libuwrt_mars_rover_xbox_controller__rosidl_generator_c.so
-- Set runtime path of "/home/uwrt/xbox_test_ws/src/uwrt_mars_rover/install/uwrt_mars_rover_xbox_controller/lib/libuwrt_mars_rover_xbox_controller__rosidl_generator_c.so" to ""
-- Up-to-date: /home/uwrt/xbox_test_ws/src/uwrt_mars_rover/install/uwrt_mars_rover_xbox_controller/include/uwrt_mars_rover_xbox_controller
-- Up-to-date: /home/uwrt/xbox_test_ws/src/uwrt_mars_rover/install/uwrt_mars_rover_xbox_controller/include/uwrt_mars_rover_xbox_controller/msg
-- Installing: /home/uwrt/xbox_test_ws/src/uwrt_mars_rover/install/uwrt_mars_rover_xbox_controller/include/uwrt_mars_rover_xbox_controller/msg/rosidl_typesupport_fastrtps_c__visibility_control.h
-- Up-to-date: /home/uwrt/xbox_test_ws/src/uwrt_mars_rover/install/uwrt_mars_rover_xbox_controller/include/uwrt_mars_rover_xbox_controller/msg/detail
-- Installing: /home/uwrt/xbox_test_ws/src/uwrt_mars_rover/install/uwrt_mars_rover_xbox_controller/include/uwrt_mars_rover_xbox_controller/msg/detail/xbox_controller__rosidl_typesupport_fastrtps_c.h
-- Installing: /home/uwrt/xbox_test_ws/src/uwrt_mars_rover/install/uwrt_mars_rover_xbox_controller/lib/libuwrt_mars_rover_xbox_controller__rosidl_typesupport_fastrtps_c.so
-- Set runtime path of "/home/uwrt/xbox_test_ws/src/uwrt_mars_rover/install/uwrt_mars_rover_xbox_controller/lib/libuwrt_mars_rover_xbox_controller__rosidl_typesupport_fastrtps_c.so" to ""
-- Up-to-date: /home/uwrt/xbox_test_ws/src/uwrt_mars_rover/install/uwrt_mars_rover_xbox_controller/include/uwrt_mars_rover_xbox_controller
-- Up-to-date: /home/uwrt/xbox_test_ws/src/uwrt_mars_rover/install/uwrt_mars_rover_xbox_controller/include/uwrt_mars_rover_xbox_controller/msg
-- Up-to-date: /home/uwrt/xbox_test_ws/src/uwrt_mars_rover/install/uwrt_mars_rover_xbox_controller/include/uwrt_mars_rover_xbox_controller/msg/detail
-- Installing: /home/uwrt/xbox_test_ws/src/uwrt_mars_rover/install/uwrt_mars_rover_xbox_controller/include/uwrt_mars_rover_xbox_controller/msg/detail/xbox_controller__rosidl_typesupport_fastrtps_cpp.hpp
-- Installing: /home/uwrt/xbox_test_ws/src/uwrt_mars_rover/install/uwrt_mars_rover_xbox_controller/include/uwrt_mars_rover_xbox_controller/msg/detail/dds_fastrtps
-- Installing: /home/uwrt/xbox_test_ws/src/uwrt_mars_rover/install/uwrt_mars_rover_xbox_controller/include/uwrt_mars_rover_xbox_controller/msg/rosidl_typesupport_fastrtps_cpp__visibility_control.h
-- Installing: /home/uwrt/xbox_test_ws/src/uwrt_mars_rover/install/uwrt_mars_rover_xbox_controller/lib/libuwrt_mars_rover_xbox_controller__rosidl_typesupport_fastrtps_cpp.so
-- Set runtime path of "/home/uwrt/xbox_test_ws/src/uwrt_mars_rover/install/uwrt_mars_rover_xbox_controller/lib/libuwrt_mars_rover_xbox_controller__rosidl_typesupport_fastrtps_cpp.so" to ""
-- Up-to-date: /home/uwrt/xbox_test_ws/src/uwrt_mars_rover/install/uwrt_mars_rover_xbox_controller/include/uwrt_mars_rover_xbox_controller
-- Up-to-date: /home/uwrt/xbox_test_ws/src/uwrt_mars_rover/install/uwrt_mars_rover_xbox_controller/include/uwrt_mars_rover_xbox_controller/msg
-- Up-to-date: /home/uwrt/xbox_test_ws/src/uwrt_mars_rover/install/uwrt_mars_rover_xbox_controller/include/uwrt_mars_rover_xbox_controller/msg/detail
-- Installing: /home/uwrt/xbox_test_ws/src/uwrt_mars_rover/install/uwrt_mars_rover_xbox_controller/include/uwrt_mars_rover_xbox_controller/msg/detail/xbox_controller__type_support.c
-- Installing: /home/uwrt/xbox_test_ws/src/uwrt_mars_rover/install/uwrt_mars_rover_xbox_controller/include/uwrt_mars_rover_xbox_controller/msg/detail/xbox_controller__rosidl_typesupport_introspection_c.h
-- Installing: /home/uwrt/xbox_test_ws/src/uwrt_mars_rover/install/uwrt_mars_rover_xbox_controller/include/uwrt_mars_rover_xbox_controller/msg/rosidl_typesupport_introspection_c__visibility_control.h
-- Installing: /home/uwrt/xbox_test_ws/src/uwrt_mars_rover/install/uwrt_mars_rover_xbox_controller/lib/libuwrt_mars_rover_xbox_controller__rosidl_typesupport_introspection_c.so
-- Set runtime path of "/home/uwrt/xbox_test_ws/src/uwrt_mars_rover/install/uwrt_mars_rover_xbox_controller/lib/libuwrt_mars_rover_xbox_controller__rosidl_typesupport_introspection_c.so" to ""
-- Installing: /home/uwrt/xbox_test_ws/src/uwrt_mars_rover/install/uwrt_mars_rover_xbox_controller/lib/libuwrt_mars_rover_xbox_controller__rosidl_typesupport_c.so
-- Set runtime path of "/home/uwrt/xbox_test_ws/src/uwrt_mars_rover/install/uwrt_mars_rover_xbox_controller/lib/libuwrt_mars_rover_xbox_controller__rosidl_typesupport_c.so" to ""
-- Up-to-date: /home/uwrt/xbox_test_ws/src/uwrt_mars_rover/install/uwrt_mars_rover_xbox_controller/include/uwrt_mars_rover_xbox_controller
-- Up-to-date: /home/uwrt/xbox_test_ws/src/uwrt_mars_rover/install/uwrt_mars_rover_xbox_controller/include/uwrt_mars_rover_xbox_controller/msg
-- Up-to-date: /home/uwrt/xbox_test_ws/src/uwrt_mars_rover/install/uwrt_mars_rover_xbox_controller/include/uwrt_mars_rover_xbox_controller/msg/detail
-- Installing: /home/uwrt/xbox_test_ws/src/uwrt_mars_rover/install/uwrt_mars_rover_xbox_controller/include/uwrt_mars_rover_xbox_controller/msg/detail/xbox_controller__struct.hpp
-- Installing: /home/uwrt/xbox_test_ws/src/uwrt_mars_rover/install/uwrt_mars_rover_xbox_controller/include/uwrt_mars_rover_xbox_controller/msg/detail/xbox_controller__builder.hpp
-- Installing: /home/uwrt/xbox_test_ws/src/uwrt_mars_rover/install/uwrt_mars_rover_xbox_controller/include/uwrt_mars_rover_xbox_controller/msg/detail/xbox_controller__traits.hpp
-- Installing: /home/uwrt/xbox_test_ws/src/uwrt_mars_rover/install/uwrt_mars_rover_xbox_controller/include/uwrt_mars_rover_xbox_controller/msg/xbox_controller.hpp
-- Up-to-date: /home/uwrt/xbox_test_ws/src/uwrt_mars_rover/install/uwrt_mars_rover_xbox_controller/include/uwrt_mars_rover_xbox_controller
-- Up-to-date: /home/uwrt/xbox_test_ws/src/uwrt_mars_rover/install/uwrt_mars_rover_xbox_controller/include/uwrt_mars_rover_xbox_controller/msg
-- Up-to-date: /home/uwrt/xbox_test_ws/src/uwrt_mars_rover/install/uwrt_mars_rover_xbox_controller/include/uwrt_mars_rover_xbox_controller/msg/detail
-- Installing: /home/uwrt/xbox_test_ws/src/uwrt_mars_rover/install/uwrt_mars_rover_xbox_controller/include/uwrt_mars_rover_xbox_controller/msg/detail/xbox_controller__type_support.cpp
-- Installing: /home/uwrt/xbox_test_ws/src/uwrt_mars_rover/install/uwrt_mars_rover_xbox_controller/include/uwrt_mars_rover_xbox_controller/msg/detail/xbox_controller__rosidl_typesupport_introspection_cpp.hpp
-- Installing: /home/uwrt/xbox_test_ws/src/uwrt_mars_rover/install/uwrt_mars_rover_xbox_controller/lib/libuwrt_mars_rover_xbox_controller__rosidl_typesupport_introspection_cpp.so
-- Set runtime path of "/home/uwrt/xbox_test_ws/src/uwrt_mars_rover/install/uwrt_mars_rover_xbox_controller/lib/libuwrt_mars_rover_xbox_controller__rosidl_typesupport_introspection_cpp.so" to ""
-- Installing: /home/uwrt/xbox_test_ws/src/uwrt_mars_rover/install/uwrt_mars_rover_xbox_controller/lib/libuwrt_mars_rover_xbox_controller__rosidl_typesupport_cpp.so
-- Set runtime path of "/home/uwrt/xbox_test_ws/src/uwrt_mars_rover/install/uwrt_mars_rover_xbox_controller/lib/libuwrt_mars_rover_xbox_controller__rosidl_typesupport_cpp.so" to ""
-- Installing: /home/uwrt/xbox_test_ws/src/uwrt_mars_rover/install/uwrt_mars_rover_xbox_controller/share/uwrt_mars_rover_xbox_controller/environment/pythonpath.sh
-- Installing: /home/uwrt/xbox_test_ws/src/uwrt_mars_rover/install/uwrt_mars_rover_xbox_controller/share/uwrt_mars_rover_xbox_controller/environment/pythonpath.dsv
-- Installing: /home/uwrt/xbox_test_ws/src/uwrt_mars_rover/install/uwrt_mars_rover_xbox_controller/lib/python3.8/site-packages/uwrt_mars_rover_xbox_controller/__init__.py
Compiling '/home/uwrt/xbox_test_ws/src/uwrt_mars_rover/install/uwrt_mars_rover_xbox_controller/lib/python3.8/site-packages/uwrt_mars_rover_xbox_controller/__init__.py'...
-- Installing: /home/uwrt/xbox_test_ws/src/uwrt_mars_rover/install/uwrt_mars_rover_xbox_controller/lib/python3.8/site-packages/uwrt_mars_rover_xbox_controller/msg
-- Installing: /home/uwrt/xbox_test_ws/src/uwrt_mars_rover/install/uwrt_mars_rover_xbox_controller/lib/python3.8/site-packages/uwrt_mars_rover_xbox_controller/msg/_xbox_controller_s.c
-- Installing: /home/uwrt/xbox_test_ws/src/uwrt_mars_rover/install/uwrt_mars_rover_xbox_controller/lib/python3.8/site-packages/uwrt_mars_rover_xbox_controller/msg/_xbox_controller.py
-- Installing: /home/uwrt/xbox_test_ws/src/uwrt_mars_rover/install/uwrt_mars_rover_xbox_controller/lib/python3.8/site-packages/uwrt_mars_rover_xbox_controller/msg/__init__.py
-- Installing: /home/uwrt/xbox_test_ws/src/uwrt_mars_rover/install/uwrt_mars_rover_xbox_controller/lib/python3.8/site-packages/uwrt_mars_rover_xbox_controller/uwrt_mars_rover_xbox_controller_s__rosidl_typesupport_fastrtps_c.cpython-38-x86_64-linux-gnu.so
-- Set runtime path of "/home/uwrt/xbox_test_ws/src/uwrt_mars_rover/install/uwrt_mars_rover_xbox_controller/lib/python3.8/site-packages/uwrt_mars_rover_xbox_controller/uwrt_mars_rover_xbox_controller_s__rosidl_typesupport_fastrtps_c.cpython-38-x86_64-linux-gnu.so" to ""
-- Installing: /home/uwrt/xbox_test_ws/src/uwrt_mars_rover/install/uwrt_mars_rover_xbox_controller/lib/python3.8/site-packages/uwrt_mars_rover_xbox_controller/uwrt_mars_rover_xbox_controller_s__rosidl_typesupport_introspection_c.cpython-38-x86_64-linux-gnu.so
-- Set runtime path of "/home/uwrt/xbox_test_ws/src/uwrt_mars_rover/install/uwrt_mars_rover_xbox_controller/lib/python3.8/site-packages/uwrt_mars_rover_xbox_controller/uwrt_mars_rover_xbox_controller_s__rosidl_typesupport_introspection_c.cpython-38-x86_64-linux-gnu.so" to ""
-- Installing: /home/uwrt/xbox_test_ws/src/uwrt_mars_rover/install/uwrt_mars_rover_xbox_controller/lib/python3.8/site-packages/uwrt_mars_rover_xbox_controller/uwrt_mars_rover_xbox_controller_s__rosidl_typesupport_c.cpython-38-x86_64-linux-gnu.so
-- Set runtime path of "/home/uwrt/xbox_test_ws/src/uwrt_mars_rover/install/uwrt_mars_rover_xbox_controller/lib/python3.8/site-packages/uwrt_mars_rover_xbox_controller/uwrt_mars_rover_xbox_controller_s__rosidl_typesupport_c.cpython-38-x86_64-linux-gnu.so" to ""
-- Installing: /home/uwrt/xbox_test_ws/src/uwrt_mars_rover/install/uwrt_mars_rover_xbox_controller/lib/libuwrt_mars_rover_xbox_controller__python.so
-- Set runtime path of "/home/uwrt/xbox_test_ws/src/uwrt_mars_rover/install/uwrt_mars_rover_xbox_controller/lib/libuwrt_mars_rover_xbox_controller__python.so" to ""
-- Installing: /home/uwrt/xbox_test_ws/src/uwrt_mars_rover/install/uwrt_mars_rover_xbox_controller/share/uwrt_mars_rover_xbox_controller/msg/XboxController.idl
-- Installing: /home/uwrt/xbox_test_ws/src/uwrt_mars_rover/install/uwrt_mars_rover_xbox_controller/share/uwrt_mars_rover_xbox_controller/msg/XboxController.msg
-- Installing: /home/uwrt/xbox_test_ws/src/uwrt_mars_rover/install/uwrt_mars_rover_xbox_controller/share/uwrt_mars_rover_xbox_controller/launch
-- Installing: /home/uwrt/xbox_test_ws/src/uwrt_mars_rover/install/uwrt_mars_rover_xbox_controller/share/uwrt_mars_rover_xbox_controller/launch/xbox_launch.py
-- Installing: /home/uwrt/xbox_test_ws/src/uwrt_mars_rover/install/uwrt_mars_rover_xbox_controller/share/uwrt_mars_rover_xbox_controller/launch/location_launch.py
-- Installing: /home/uwrt/xbox_test_ws/src/uwrt_mars_rover/install/uwrt_mars_rover_xbox_controller/lib/libxbox_controller.so
-- Set runtime path of "/home/uwrt/xbox_test_ws/src/uwrt_mars_rover/install/uwrt_mars_rover_xbox_controller/lib/libxbox_controller.so" to ""
-- Installing: /home/uwrt/xbox_test_ws/src/uwrt_mars_rover/install/uwrt_mars_rover_xbox_controller/lib/libcoordinateNode.so
-- Set runtime path of "/home/uwrt/xbox_test_ws/src/uwrt_mars_rover/install/uwrt_mars_rover_xbox_controller/lib/libcoordinateNode.so" to ""
-- Installing: /home/uwrt/xbox_test_ws/src/uwrt_mars_rover/install/uwrt_mars_rover_xbox_controller/share/ament_index/resource_index/package_run_dependencies/uwrt_mars_rover_xbox_controller
-- Installing: /home/uwrt/xbox_test_ws/src/uwrt_mars_rover/install/uwrt_mars_rover_xbox_controller/share/ament_index/resource_index/parent_prefix_path/uwrt_mars_rover_xbox_controller
-- Installing: /home/uwrt/xbox_test_ws/src/uwrt_mars_rover/install/uwrt_mars_rover_xbox_controller/share/uwrt_mars_rover_xbox_controller/environment/ament_prefix_path.sh
-- Installing: /home/uwrt/xbox_test_ws/src/uwrt_mars_rover/install/uwrt_mars_rover_xbox_controller/share/uwrt_mars_rover_xbox_controller/environment/ament_prefix_path.dsv
-- Installing: /home/uwrt/xbox_test_ws/src/uwrt_mars_rover/install/uwrt_mars_rover_xbox_controller/share/uwrt_mars_rover_xbox_controller/environment/path.sh
-- Installing: /home/uwrt/xbox_test_ws/src/uwrt_mars_rover/install/uwrt_mars_rover_xbox_controller/share/uwrt_mars_rover_xbox_controller/environment/path.dsv
-- Installing: /home/uwrt/xbox_test_ws/src/uwrt_mars_rover/install/uwrt_mars_rover_xbox_controller/share/uwrt_mars_rover_xbox_controller/local_setup.bash
-- Installing: /home/uwrt/xbox_test_ws/src/uwrt_mars_rover/install/uwrt_mars_rover_xbox_controller/share/uwrt_mars_rover_xbox_controller/local_setup.sh
-- Installing: /home/uwrt/xbox_test_ws/src/uwrt_mars_rover/install/uwrt_mars_rover_xbox_controller/share/uwrt_mars_rover_xbox_controller/local_setup.zsh
-- Installing: /home/uwrt/xbox_test_ws/src/uwrt_mars_rover/install/uwrt_mars_rover_xbox_controller/share/uwrt_mars_rover_xbox_controller/local_setup.dsv
-- Installing: /home/uwrt/xbox_test_ws/src/uwrt_mars_rover/install/uwrt_mars_rover_xbox_controller/share/uwrt_mars_rover_xbox_controller/package.dsv
-- Installing: /home/uwrt/xbox_test_ws/src/uwrt_mars_rover/install/uwrt_mars_rover_xbox_controller/share/ament_index/resource_index/packages/uwrt_mars_rover_xbox_controller
-- Installing: /home/uwrt/xbox_test_ws/src/uwrt_mars_rover/install/uwrt_mars_rover_xbox_controller/share/uwrt_mars_rover_xbox_controller/cmake/uwrt_mars_rover_xbox_controller__rosidl_generator_cExport.cmake
-- Installing: /home/uwrt/xbox_test_ws/src/uwrt_mars_rover/install/uwrt_mars_rover_xbox_controller/share/uwrt_mars_rover_xbox_controller/cmake/uwrt_mars_rover_xbox_controller__rosidl_generator_cExport-noconfig.cmake
-- Installing: /home/uwrt/xbox_test_ws/src/uwrt_mars_rover/install/uwrt_mars_rover_xbox_controller/share/uwrt_mars_rover_xbox_controller/cmake/uwrt_mars_rover_xbox_controller__rosidl_typesupport_introspection_cExport.cmake
-- Installing: /home/uwrt/xbox_test_ws/src/uwrt_mars_rover/install/uwrt_mars_rover_xbox_controller/share/uwrt_mars_rover_xbox_controller/cmake/uwrt_mars_rover_xbox_controller__rosidl_typesupport_introspection_cExport-noconfig.cmake
-- Installing: /home/uwrt/xbox_test_ws/src/uwrt_mars_rover/install/uwrt_mars_rover_xbox_controller/share/uwrt_mars_rover_xbox_controller/cmake/uwrt_mars_rover_xbox_controller__rosidl_typesupport_cExport.cmake
-- Installing: /home/uwrt/xbox_test_ws/src/uwrt_mars_rover/install/uwrt_mars_rover_xbox_controller/share/uwrt_mars_rover_xbox_controller/cmake/uwrt_mars_rover_xbox_controller__rosidl_typesupport_cExport-noconfig.cmake
-- Installing: /home/uwrt/xbox_test_ws/src/uwrt_mars_rover/install/uwrt_mars_rover_xbox_controller/share/uwrt_mars_rover_xbox_controller/cmake/uwrt_mars_rover_xbox_controller__rosidl_generator_cppExport.cmake
-- Installing: /home/uwrt/xbox_test_ws/src/uwrt_mars_rover/install/uwrt_mars_rover_xbox_controller/share/uwrt_mars_rover_xbox_controller/cmake/uwrt_mars_rover_xbox_controller__rosidl_typesupport_introspection_cppExport.cmake
-- Installing: /home/uwrt/xbox_test_ws/src/uwrt_mars_rover/install/uwrt_mars_rover_xbox_controller/share/uwrt_mars_rover_xbox_controller/cmake/uwrt_mars_rover_xbox_controller__rosidl_typesupport_introspection_cppExport-noconfig.cmake
-- Installing: /home/uwrt/xbox_test_ws/src/uwrt_mars_rover/install/uwrt_mars_rover_xbox_controller/share/uwrt_mars_rover_xbox_controller/cmake/uwrt_mars_rover_xbox_controller__rosidl_typesupport_cppExport.cmake
-- Installing: /home/uwrt/xbox_test_ws/src/uwrt_mars_rover/install/uwrt_mars_rover_xbox_controller/share/uwrt_mars_rover_xbox_controller/cmake/uwrt_mars_rover_xbox_controller__rosidl_typesupport_cppExport-noconfig.cmake
-- Installing: /home/uwrt/xbox_test_ws/src/uwrt_mars_rover/install/uwrt_mars_rover_xbox_controller/share/ament_index/resource_index/rclcpp_components/uwrt_mars_rover_xbox_controller
-- Installing: /home/uwrt/xbox_test_ws/src/uwrt_mars_rover/install/uwrt_mars_rover_xbox_controller/share/uwrt_mars_rover_xbox_controller/cmake/rosidl_cmake-extras.cmake
-- Installing: /home/uwrt/xbox_test_ws/src/uwrt_mars_rover/install/uwrt_mars_rover_xbox_controller/share/uwrt_mars_rover_xbox_controller/cmake/ament_cmake_export_dependencies-extras.cmake
-- Installing: /home/uwrt/xbox_test_ws/src/uwrt_mars_rover/install/uwrt_mars_rover_xbox_controller/share/uwrt_mars_rover_xbox_controller/cmake/ament_cmake_export_libraries-extras.cmake
-- Installing: /home/uwrt/xbox_test_ws/src/uwrt_mars_rover/install/uwrt_mars_rover_xbox_controller/share/uwrt_mars_rover_xbox_controller/cmake/ament_cmake_export_targets-extras.cmake
-- Installing: /home/uwrt/xbox_test_ws/src/uwrt_mars_rover/install/uwrt_mars_rover_xbox_controller/share/uwrt_mars_rover_xbox_controller/cmake/ament_cmake_export_include_directories-extras.cmake
-- Installing: /home/uwrt/xbox_test_ws/src/uwrt_mars_rover/install/uwrt_mars_rover_xbox_controller/share/uwrt_mars_rover_xbox_controller/cmake/rosidl_cmake_export_typesupport_libraries-extras.cmake
-- Installing: /home/uwrt/xbox_test_ws/src/uwrt_mars_rover/install/uwrt_mars_rover_xbox_controller/share/uwrt_mars_rover_xbox_controller/cmake/rosidl_cmake_export_typesupport_targets-extras.cmake
-- Installing: /home/uwrt/xbox_test_ws/src/uwrt_mars_rover/install/uwrt_mars_rover_xbox_controller/share/uwrt_mars_rover_xbox_controller/cmake/uwrt_mars_rover_xbox_controllerConfig.cmake
-- Installing: /home/uwrt/xbox_test_ws/src/uwrt_mars_rover/install/uwrt_mars_rover_xbox_controller/share/uwrt_mars_rover_xbox_controller/cmake/uwrt_mars_rover_xbox_controllerConfig-version.cmake
-- Installing: /home/uwrt/xbox_test_ws/src/uwrt_mars_rover/install/uwrt_mars_rover_xbox_controller/share/uwrt_mars_rover_xbox_controller/package.xml
