[  2%] Built target uwrt_mars_rover_xbox_controller__cpp
[ 11%] Built target uwrt_mars_rover_xbox_controller__rosidl_generator_c
[ 20%] Built target uwrt_mars_rover_xbox_controller__rosidl_typesupport_fastrtps_cpp
[ 28%] Built target uwrt_mars_rover_xbox_controller__rosidl_typesupport_cpp
[ 37%] Built target uwrt_mars_rover_xbox_controller__rosidl_typesupport_c
[ 45%] Built target uwrt_mars_rover_xbox_controller__rosidl_typesupport_introspection_cpp
[ 54%] Built target uwrt_mars_rover_xbox_controller__rosidl_typesupport_introspection_c
[ 62%] Built target uwrt_mars_rover_xbox_controller__rosidl_typesupport_fastrtps_c
[ 62%] Built target uwrt_mars_rover_xbox_controller
[35m[1mScanning dependencies of target coordinateNode[0m
[ 68%] Built target xbox_controller
[ 71%] Built target uwrt_mars_rover_xbox_controller__py
[ 74%] [32mBuilding CXX object CMakeFiles/coordinateNode.dir/src/coordinateNode.cpp.o[0m
[ 80%] Built target uwrt_mars_rover_xbox_controller__python
[ 85%] Built target uwrt_mars_rover_xbox_controller__rosidl_typesupport_fastrtps_c__pyext
[ 91%] Built target uwrt_mars_rover_xbox_controller__rosidl_typesupport_introspection_c__pyext
[ 97%] Built target uwrt_mars_rover_xbox_controller__rosidl_typesupport_c__pyext
[100%] [32m[1mLinking CXX shared library libcoordinateNode.so[0m
[100%] Built target coordinateNode
-- Install configuration: ""
-- Up-to-date: /home/uwrt/xbox_test_ws/src/uwrt_mars_rover/install/uwrt_mars_rover_xbox_controller/share/ament_index/resource_index/rosidl_interfaces/uwrt_mars_rover_xbox_controller
-- Up-to-date: /home/uwrt/xbox_test_ws/src/uwrt_mars_rover/install/uwrt_mars_rover_xbox_controller/include/uwrt_mars_rover_xbox_controller
-- Up-to-date: /home/uwrt/xbox_test_ws/src/uwrt_mars_rover/install/uwrt_mars_rover_xbox_controller/include/uwrt_mars_rover_xbox_controller/msg
-- Up-to-date: /home/uwrt/xbox_test_ws/src/uwrt_mars_rover/install/uwrt_mars_rover_xbox_controller/include/uwrt_mars_rover_xbox_controller/msg/xbox_controller.h
-- Up-to-date: /home/uwrt/xbox_test_ws/src/uwrt_mars_rover/install/uwrt_mars_rover_xbox_controller/include/uwrt_mars_rover_xbox_controller/msg/detail
-- Up-to-date: /home/uwrt/xbox_test_ws/src/uwrt_mars_rover/install/uwrt_mars_rover_xbox_controller/include/uwrt_mars_rover_xbox_controller/msg/detail/xbox_controller__functions.h
-- Up-to-date: /home/uwrt/xbox_test_ws/src/uwrt_mars_rover/install/uwrt_mars_rover_xbox_controller/include/uwrt_mars_rover_xbox_controller/msg/detail/xbox_controller__functions.c
-- Up-to-date: /home/uwrt/xbox_test_ws/src/uwrt_mars_rover/install/uwrt_mars_rover_xbox_controller/include/uwrt_mars_rover_xbox_controller/msg/detail/xbox_controller__struct.h
-- Up-to-date: /home/uwrt/xbox_test_ws/src/uwrt_mars_rover/install/uwrt_mars_rover_xbox_controller/include/uwrt_mars_rover_xbox_controller/msg/detail/xbox_controller__type_support.h
-- Up-to-date: /home/uwrt/xbox_test_ws/src/uwrt_mars_rover/install/uwrt_mars_rover_xbox_controller/include/uwrt_mars_rover_xbox_controller/msg/rosidl_generator_c__visibility_control.h
-- Up-to-date: /home/uwrt/xbox_test_ws/src/uwrt_mars_rover/install/uwrt_mars_rover_xbox_controller/share/uwrt_mars_rover_xbox_controller/environment/library_path.sh
-- Up-to-date: /home/uwrt/xbox_test_ws/src/uwrt_mars_rover/install/uwrt_mars_rover_xbox_controller/share/uwrt_mars_rover_xbox_controller/environment/library_path.dsv
-- Up-to-date: /home/uwrt/xbox_test_ws/src/uwrt_mars_rover/install/uwrt_mars_rover_xbox_controller/lib/libuwrt_mars_rover_xbox_controller__rosidl_generator_c.so
-- Up-to-date: /home/uwrt/xbox_test_ws/src/uwrt_mars_rover/install/uwrt_mars_rover_xbox_controller/include/uwrt_mars_rover_xbox_controller
-- Up-to-date: /home/uwrt/xbox_test_ws/src/uwrt_mars_rover/install/uwrt_mars_rover_xbox_controller/include/uwrt_mars_rover_xbox_controller/msg
-- Up-to-date: /home/uwrt/xbox_test_ws/src/uwrt_mars_rover/install/uwrt_mars_rover_xbox_controller/include/uwrt_mars_rover_xbox_controller/msg/rosidl_typesupport_fastrtps_c__visibility_control.h
-- Up-to-date: /home/uwrt/xbox_test_ws/src/uwrt_mars_rover/install/uwrt_mars_rover_xbox_controller/include/uwrt_mars_rover_xbox_controller/msg/detail
-- Up-to-date: /home/uwrt/xbox_test_ws/src/uwrt_mars_rover/install/uwrt_mars_rover_xbox_controller/include/uwrt_mars_rover_xbox_controller/msg/detail/xbox_controller__rosidl_typesupport_fastrtps_c.h
-- Up-to-date: /home/uwrt/xbox_test_ws/src/uwrt_mars_rover/install/uwrt_mars_rover_xbox_controller/lib/libuwrt_mars_rover_xbox_controller__rosidl_typesupport_fastrtps_c.so
-- Up-to-date: /home/uwrt/xbox_test_ws/src/uwrt_mars_rover/install/uwrt_mars_rover_xbox_controller/include/uwrt_mars_rover_xbox_controller
-- Up-to-date: /home/uwrt/xbox_test_ws/src/uwrt_mars_rover/install/uwrt_mars_rover_xbox_controller/include/uwrt_mars_rover_xbox_controller/msg
-- Up-to-date: /home/uwrt/xbox_test_ws/src/uwrt_mars_rover/install/uwrt_mars_rover_xbox_controller/include/uwrt_mars_rover_xbox_controller/msg/detail
-- Up-to-date: /home/uwrt/xbox_test_ws/src/uwrt_mars_rover/install/uwrt_mars_rover_xbox_controller/include/uwrt_mars_rover_xbox_controller/msg/detail/xbox_controller__rosidl_typesupport_fastrtps_cpp.hpp
-- Up-to-date: /home/uwrt/xbox_test_ws/src/uwrt_mars_rover/install/uwrt_mars_rover_xbox_controller/include/uwrt_mars_rover_xbox_controller/msg/detail/dds_fastrtps
-- Up-to-date: /home/uwrt/xbox_test_ws/src/uwrt_mars_rover/install/uwrt_mars_rover_xbox_controller/include/uwrt_mars_rover_xbox_controller/msg/rosidl_typesupport_fastrtps_cpp__visibility_control.h
-- Up-to-date: /home/uwrt/xbox_test_ws/src/uwrt_mars_rover/install/uwrt_mars_rover_xbox_controller/lib/libuwrt_mars_rover_xbox_controller__rosidl_typesupport_fastrtps_cpp.so
-- Up-to-date: /home/uwrt/xbox_test_ws/src/uwrt_mars_rover/install/uwrt_mars_rover_xbox_controller/include/uwrt_mars_rover_xbox_controller
-- Up-to-date: /home/uwrt/xbox_test_ws/src/uwrt_mars_rover/install/uwrt_mars_rover_xbox_controller/include/uwrt_mars_rover_xbox_controller/msg
-- Up-to-date: /home/uwrt/xbox_test_ws/src/uwrt_mars_rover/install/uwrt_mars_rover_xbox_controller/include/uwrt_mars_rover_xbox_controller/msg/detail
-- Up-to-date: /home/uwrt/xbox_test_ws/src/uwrt_mars_rover/install/uwrt_mars_rover_xbox_controller/include/uwrt_mars_rover_xbox_controller/msg/detail/xbox_controller__type_support.c
-- Up-to-date: /home/uwrt/xbox_test_ws/src/uwrt_mars_rover/install/uwrt_mars_rover_xbox_controller/include/uwrt_mars_rover_xbox_controller/msg/detail/xbox_controller__rosidl_typesupport_introspection_c.h
-- Up-to-date: /home/uwrt/xbox_test_ws/src/uwrt_mars_rover/install/uwrt_mars_rover_xbox_controller/include/uwrt_mars_rover_xbox_controller/msg/rosidl_typesupport_introspection_c__visibility_control.h
-- Up-to-date: /home/uwrt/xbox_test_ws/src/uwrt_mars_rover/install/uwrt_mars_rover_xbox_controller/lib/libuwrt_mars_rover_xbox_controller__rosidl_typesupport_introspection_c.so
-- Up-to-date: /home/uwrt/xbox_test_ws/src/uwrt_mars_rover/install/uwrt_mars_rover_xbox_controller/lib/libuwrt_mars_rover_xbox_controller__rosidl_typesupport_c.so
-- Up-to-date: /home/uwrt/xbox_test_ws/src/uwrt_mars_rover/install/uwrt_mars_rover_xbox_controller/include/uwrt_mars_rover_xbox_controller
-- Up-to-date: /home/uwrt/xbox_test_ws/src/uwrt_mars_rover/install/uwrt_mars_rover_xbox_controller/include/uwrt_mars_rover_xbox_controller/msg
-- Up-to-date: /home/uwrt/xbox_test_ws/src/uwrt_mars_rover/install/uwrt_mars_rover_xbox_controller/include/uwrt_mars_rover_xbox_controller/msg/detail
-- Up-to-date: /home/uwrt/xbox_test_ws/src/uwrt_mars_rover/install/uwrt_mars_rover_xbox_controller/include/uwrt_mars_rover_xbox_controller/msg/detail/xbox_controller__struct.hpp
-- Up-to-date: /home/uwrt/xbox_test_ws/src/uwrt_mars_rover/install/uwrt_mars_rover_xbox_controller/include/uwrt_mars_rover_xbox_controller/msg/detail/xbox_controller__builder.hpp
-- Up-to-date: /home/uwrt/xbox_test_ws/src/uwrt_mars_rover/install/uwrt_mars_rover_xbox_controller/include/uwrt_mars_rover_xbox_controller/msg/detail/xbox_controller__traits.hpp
-- Up-to-date: /home/uwrt/xbox_test_ws/src/uwrt_mars_rover/install/uwrt_mars_rover_xbox_controller/include/uwrt_mars_rover_xbox_controller/msg/xbox_controller.hpp
-- Up-to-date: /home/uwrt/xbox_test_ws/src/uwrt_mars_rover/install/uwrt_mars_rover_xbox_controller/include/uwrt_mars_rover_xbox_controller
-- Up-to-date: /home/uwrt/xbox_test_ws/src/uwrt_mars_rover/install/uwrt_mars_rover_xbox_controller/include/uwrt_mars_rover_xbox_controller/msg
-- Up-to-date: /home/uwrt/xbox_test_ws/src/uwrt_mars_rover/install/uwrt_mars_rover_xbox_controller/include/uwrt_mars_rover_xbox_controller/msg/detail
-- Up-to-date: /home/uwrt/xbox_test_ws/src/uwrt_mars_rover/install/uwrt_mars_rover_xbox_controller/include/uwrt_mars_rover_xbox_controller/msg/detail/xbox_controller__type_support.cpp
-- Up-to-date: /home/uwrt/xbox_test_ws/src/uwrt_mars_rover/install/uwrt_mars_rover_xbox_controller/include/uwrt_mars_rover_xbox_controller/msg/detail/xbox_controller__rosidl_typesupport_introspection_cpp.hpp
-- Up-to-date: /home/uwrt/xbox_test_ws/src/uwrt_mars_rover/install/uwrt_mars_rover_xbox_controller/lib/libuwrt_mars_rover_xbox_controller__rosidl_typesupport_introspection_cpp.so
-- Up-to-date: /home/uwrt/xbox_test_ws/src/uwrt_mars_rover/install/uwrt_mars_rover_xbox_controller/lib/libuwrt_mars_rover_xbox_controller__rosidl_typesupport_cpp.so
-- Up-to-date: /home/uwrt/xbox_test_ws/src/uwrt_mars_rover/install/uwrt_mars_rover_xbox_controller/share/uwrt_mars_rover_xbox_controller/environment/pythonpath.sh
-- Up-to-date: /home/uwrt/xbox_test_ws/src/uwrt_mars_rover/install/uwrt_mars_rover_xbox_controller/share/uwrt_mars_rover_xbox_controller/environment/pythonpath.dsv
-- Up-to-date: /home/uwrt/xbox_test_ws/src/uwrt_mars_rover/install/uwrt_mars_rover_xbox_controller/lib/python3.8/site-packages/uwrt_mars_rover_xbox_controller/__init__.py
-- Up-to-date: /home/uwrt/xbox_test_ws/src/uwrt_mars_rover/install/uwrt_mars_rover_xbox_controller/lib/python3.8/site-packages/uwrt_mars_rover_xbox_controller/msg
-- Up-to-date: /home/uwrt/xbox_test_ws/src/uwrt_mars_rover/install/uwrt_mars_rover_xbox_controller/lib/python3.8/site-packages/uwrt_mars_rover_xbox_controller/msg/_xbox_controller_s.c
-- Up-to-date: /home/uwrt/xbox_test_ws/src/uwrt_mars_rover/install/uwrt_mars_rover_xbox_controller/lib/python3.8/site-packages/uwrt_mars_rover_xbox_controller/msg/_xbox_controller.py
-- Up-to-date: /home/uwrt/xbox_test_ws/src/uwrt_mars_rover/install/uwrt_mars_rover_xbox_controller/lib/python3.8/site-packages/uwrt_mars_rover_xbox_controller/msg/__init__.py
-- Up-to-date: /home/uwrt/xbox_test_ws/src/uwrt_mars_rover/install/uwrt_mars_rover_xbox_controller/lib/python3.8/site-packages/uwrt_mars_rover_xbox_controller/uwrt_mars_rover_xbox_controller_s__rosidl_typesupport_fastrtps_c.cpython-38-x86_64-linux-gnu.so
-- Up-to-date: /home/uwrt/xbox_test_ws/src/uwrt_mars_rover/install/uwrt_mars_rover_xbox_controller/lib/python3.8/site-packages/uwrt_mars_rover_xbox_controller/uwrt_mars_rover_xbox_controller_s__rosidl_typesupport_introspection_c.cpython-38-x86_64-linux-gnu.so
-- Up-to-date: /home/uwrt/xbox_test_ws/src/uwrt_mars_rover/install/uwrt_mars_rover_xbox_controller/lib/python3.8/site-packages/uwrt_mars_rover_xbox_controller/uwrt_mars_rover_xbox_controller_s__rosidl_typesupport_c.cpython-38-x86_64-linux-gnu.so
-- Up-to-date: /home/uwrt/xbox_test_ws/src/uwrt_mars_rover/install/uwrt_mars_rover_xbox_controller/lib/libuwrt_mars_rover_xbox_controller__python.so
-- Up-to-date: /home/uwrt/xbox_test_ws/src/uwrt_mars_rover/install/uwrt_mars_rover_xbox_controller/share/uwrt_mars_rover_xbox_controller/msg/XboxController.idl
-- Up-to-date: /home/uwrt/xbox_test_ws/src/uwrt_mars_rover/install/uwrt_mars_rover_xbox_controller/share/uwrt_mars_rover_xbox_controller/msg/XboxController.msg
-- Up-to-date: /home/uwrt/xbox_test_ws/src/uwrt_mars_rover/install/uwrt_mars_rover_xbox_controller/share/uwrt_mars_rover_xbox_controller/launch
-- Up-to-date: /home/uwrt/xbox_test_ws/src/uwrt_mars_rover/install/uwrt_mars_rover_xbox_controller/share/uwrt_mars_rover_xbox_controller/launch/xbox_launch.py
-- Installing: /home/uwrt/xbox_test_ws/src/uwrt_mars_rover/install/uwrt_mars_rover_xbox_controller/share/uwrt_mars_rover_xbox_controller/launch/location_launch.py
-- Up-to-date: /home/uwrt/xbox_test_ws/src/uwrt_mars_rover/install/uwrt_mars_rover_xbox_controller/lib/libxbox_controller.so
-- Installing: /home/uwrt/xbox_test_ws/src/uwrt_mars_rover/install/uwrt_mars_rover_xbox_controller/lib/libcoordinateNode.so
-- Set runtime path of "/home/uwrt/xbox_test_ws/src/uwrt_mars_rover/install/uwrt_mars_rover_xbox_controller/lib/libcoordinateNode.so" to ""
-- Up-to-date: /home/uwrt/xbox_test_ws/src/uwrt_mars_rover/install/uwrt_mars_rover_xbox_controller/share/ament_index/resource_index/package_run_dependencies/uwrt_mars_rover_xbox_controller
-- Up-to-date: /home/uwrt/xbox_test_ws/src/uwrt_mars_rover/install/uwrt_mars_rover_xbox_controller/share/ament_index/resource_index/parent_prefix_path/uwrt_mars_rover_xbox_controller
-- Up-to-date: /home/uwrt/xbox_test_ws/src/uwrt_mars_rover/install/uwrt_mars_rover_xbox_controller/share/uwrt_mars_rover_xbox_controller/environment/ament_prefix_path.sh
-- Up-to-date: /home/uwrt/xbox_test_ws/src/uwrt_mars_rover/install/uwrt_mars_rover_xbox_controller/share/uwrt_mars_rover_xbox_controller/environment/ament_prefix_path.dsv
-- Up-to-date: /home/uwrt/xbox_test_ws/src/uwrt_mars_rover/install/uwrt_mars_rover_xbox_controller/share/uwrt_mars_rover_xbox_controller/environment/path.sh
-- Up-to-date: /home/uwrt/xbox_test_ws/src/uwrt_mars_rover/install/uwrt_mars_rover_xbox_controller/share/uwrt_mars_rover_xbox_controller/environment/path.dsv
-- Up-to-date: /home/uwrt/xbox_test_ws/src/uwrt_mars_rover/install/uwrt_mars_rover_xbox_controller/share/uwrt_mars_rover_xbox_controller/local_setup.bash
-- Up-to-date: /home/uwrt/xbox_test_ws/src/uwrt_mars_rover/install/uwrt_mars_rover_xbox_controller/share/uwrt_mars_rover_xbox_controller/local_setup.sh
-- Up-to-date: /home/uwrt/xbox_test_ws/src/uwrt_mars_rover/install/uwrt_mars_rover_xbox_controller/share/uwrt_mars_rover_xbox_controller/local_setup.zsh
-- Up-to-date: /home/uwrt/xbox_test_ws/src/uwrt_mars_rover/install/uwrt_mars_rover_xbox_controller/share/uwrt_mars_rover_xbox_controller/local_setup.dsv
-- Installing: /home/uwrt/xbox_test_ws/src/uwrt_mars_rover/install/uwrt_mars_rover_xbox_controller/share/uwrt_mars_rover_xbox_controller/package.dsv
-- Up-to-date: /home/uwrt/xbox_test_ws/src/uwrt_mars_rover/install/uwrt_mars_rover_xbox_controller/share/ament_index/resource_index/packages/uwrt_mars_rover_xbox_controller
-- Up-to-date: /home/uwrt/xbox_test_ws/src/uwrt_mars_rover/install/uwrt_mars_rover_xbox_controller/share/uwrt_mars_rover_xbox_controller/cmake/uwrt_mars_rover_xbox_controller__rosidl_generator_cExport.cmake
-- Up-to-date: /home/uwrt/xbox_test_ws/src/uwrt_mars_rover/install/uwrt_mars_rover_xbox_controller/share/uwrt_mars_rover_xbox_controller/cmake/uwrt_mars_rover_xbox_controller__rosidl_generator_cExport-noconfig.cmake
-- Up-to-date: /home/uwrt/xbox_test_ws/src/uwrt_mars_rover/install/uwrt_mars_rover_xbox_controller/share/uwrt_mars_rover_xbox_controller/cmake/uwrt_mars_rover_xbox_controller__rosidl_typesupport_introspection_cExport.cmake
-- Up-to-date: /home/uwrt/xbox_test_ws/src/uwrt_mars_rover/install/uwrt_mars_rover_xbox_controller/share/uwrt_mars_rover_xbox_controller/cmake/uwrt_mars_rover_xbox_controller__rosidl_typesupport_introspection_cExport-noconfig.cmake
-- Up-to-date: /home/uwrt/xbox_test_ws/src/uwrt_mars_rover/install/uwrt_mars_rover_xbox_controller/share/uwrt_mars_rover_xbox_controller/cmake/uwrt_mars_rover_xbox_controller__rosidl_typesupport_cExport.cmake
-- Up-to-date: /home/uwrt/xbox_test_ws/src/uwrt_mars_rover/install/uwrt_mars_rover_xbox_controller/share/uwrt_mars_rover_xbox_controller/cmake/uwrt_mars_rover_xbox_controller__rosidl_typesupport_cExport-noconfig.cmake
-- Up-to-date: /home/uwrt/xbox_test_ws/src/uwrt_mars_rover/install/uwrt_mars_rover_xbox_controller/share/uwrt_mars_rover_xbox_controller/cmake/uwrt_mars_rover_xbox_controller__rosidl_generator_cppExport.cmake
-- Up-to-date: /home/uwrt/xbox_test_ws/src/uwrt_mars_rover/install/uwrt_mars_rover_xbox_controller/share/uwrt_mars_rover_xbox_controller/cmake/uwrt_mars_rover_xbox_controller__rosidl_typesupport_introspection_cppExport.cmake
-- Up-to-date: /home/uwrt/xbox_test_ws/src/uwrt_mars_rover/install/uwrt_mars_rover_xbox_controller/share/uwrt_mars_rover_xbox_controller/cmake/uwrt_mars_rover_xbox_controller__rosidl_typesupport_introspection_cppExport-noconfig.cmake
-- Up-to-date: /home/uwrt/xbox_test_ws/src/uwrt_mars_rover/install/uwrt_mars_rover_xbox_controller/share/uwrt_mars_rover_xbox_controller/cmake/uwrt_mars_rover_xbox_controller__rosidl_typesupport_cppExport.cmake
-- Up-to-date: /home/uwrt/xbox_test_ws/src/uwrt_mars_rover/install/uwrt_mars_rover_xbox_controller/share/uwrt_mars_rover_xbox_controller/cmake/uwrt_mars_rover_xbox_controller__rosidl_typesupport_cppExport-noconfig.cmake
-- Up-to-date: /home/uwrt/xbox_test_ws/src/uwrt_mars_rover/install/uwrt_mars_rover_xbox_controller/share/ament_index/resource_index/rclcpp_components/uwrt_mars_rover_xbox_controller
-- Up-to-date: /home/uwrt/xbox_test_ws/src/uwrt_mars_rover/install/uwrt_mars_rover_xbox_controller/share/uwrt_mars_rover_xbox_controller/cmake/rosidl_cmake-extras.cmake
-- Up-to-date: /home/uwrt/xbox_test_ws/src/uwrt_mars_rover/install/uwrt_mars_rover_xbox_controller/share/uwrt_mars_rover_xbox_controller/cmake/ament_cmake_export_dependencies-extras.cmake
-- Up-to-date: /home/uwrt/xbox_test_ws/src/uwrt_mars_rover/install/uwrt_mars_rover_xbox_controller/share/uwrt_mars_rover_xbox_controller/cmake/ament_cmake_export_libraries-extras.cmake
-- Up-to-date: /home/uwrt/xbox_test_ws/src/uwrt_mars_rover/install/uwrt_mars_rover_xbox_controller/share/uwrt_mars_rover_xbox_controller/cmake/ament_cmake_export_targets-extras.cmake
-- Up-to-date: /home/uwrt/xbox_test_ws/src/uwrt_mars_rover/install/uwrt_mars_rover_xbox_controller/share/uwrt_mars_rover_xbox_controller/cmake/ament_cmake_export_include_directories-extras.cmake
-- Up-to-date: /home/uwrt/xbox_test_ws/src/uwrt_mars_rover/install/uwrt_mars_rover_xbox_controller/share/uwrt_mars_rover_xbox_controller/cmake/rosidl_cmake_export_typesupport_libraries-extras.cmake
-- Up-to-date: /home/uwrt/xbox_test_ws/src/uwrt_mars_rover/install/uwrt_mars_rover_xbox_controller/share/uwrt_mars_rover_xbox_controller/cmake/rosidl_cmake_export_typesupport_targets-extras.cmake
-- Up-to-date: /home/uwrt/xbox_test_ws/src/uwrt_mars_rover/install/uwrt_mars_rover_xbox_controller/share/uwrt_mars_rover_xbox_controller/cmake/uwrt_mars_rover_xbox_controllerConfig.cmake
-- Up-to-date: /home/uwrt/xbox_test_ws/src/uwrt_mars_rover/install/uwrt_mars_rover_xbox_controller/share/uwrt_mars_rover_xbox_controller/cmake/uwrt_mars_rover_xbox_controllerConfig-version.cmake
-- Up-to-date: /home/uwrt/xbox_test_ws/src/uwrt_mars_rover/install/uwrt_mars_rover_xbox_controller/share/uwrt_mars_rover_xbox_controller/package.xml
