[0.051s] Invoking command in '/home/uwrt/xbox_test_ws/src/uwrt_mars_rover/build/uwrt_mars_rover_drivetrain_description': CMAKE_PREFIX_PATH=/opt/ros/galactic /usr/bin/cmake --build /home/uwrt/xbox_test_ws/src/uwrt_mars_rover/build/uwrt_mars_rover_drivetrain_description -- -j4 -l4
[0.135s] Invoked command in '/home/uwrt/xbox_test_ws/src/uwrt_mars_rover/build/uwrt_mars_rover_drivetrain_description' returned '0': CMAKE_PREFIX_PATH=/opt/ros/galactic /usr/bin/cmake --build /home/uwrt/xbox_test_ws/src/uwrt_mars_rover/build/uwrt_mars_rover_drivetrain_description -- -j4 -l4
[0.201s] Invoking command in '/home/uwrt/xbox_test_ws/src/uwrt_mars_rover/build/uwrt_mars_rover_drivetrain_description': CMAKE_PREFIX_PATH=/opt/ros/galactic /usr/bin/cmake --install /home/uwrt/xbox_test_ws/src/uwrt_mars_rover/build/uwrt_mars_rover_drivetrain_description
[0.227s] -- Install configuration: ""
[0.227s] -- Up-to-date: /home/uwrt/xbox_test_ws/src/uwrt_mars_rover/install/uwrt_mars_rover_drivetrain_description/share/uwrt_mars_rover_drivetrain_description/config
[0.229s] -- Up-to-date: /home/uwrt/xbox_test_ws/src/uwrt_mars_rover/install/uwrt_mars_rover_drivetrain_description/share/uwrt_mars_rover_drivetrain_description/config/physical_parameters.yaml
[0.229s] -- Up-to-date: /home/uwrt/xbox_test_ws/src/uwrt_mars_rover/install/uwrt_mars_rover_drivetrain_description/share/uwrt_mars_rover_drivetrain_description/launch
[0.230s] -- Up-to-date: /home/uwrt/xbox_test_ws/src/uwrt_mars_rover/install/uwrt_mars_rover_drivetrain_description/share/uwrt_mars_rover_drivetrain_description/launch/simulation.launch.py
[0.241s] -- Up-to-date: /home/uwrt/xbox_test_ws/src/uwrt_mars_rover/install/uwrt_mars_rover_drivetrain_description/share/uwrt_mars_rover_drivetrain_description/launch/display.launch.py
[0.241s] -- Up-to-date: /home/uwrt/xbox_test_ws/src/uwrt_mars_rover/install/uwrt_mars_rover_drivetrain_description/share/uwrt_mars_rover_drivetrain_description/rviz
[0.241s] -- Up-to-date: /home/uwrt/xbox_test_ws/src/uwrt_mars_rover/install/uwrt_mars_rover_drivetrain_description/share/uwrt_mars_rover_drivetrain_description/rviz/urdf.rviz
[0.241s] -- Up-to-date: /home/uwrt/xbox_test_ws/src/uwrt_mars_rover/install/uwrt_mars_rover_drivetrain_description/share/uwrt_mars_rover_drivetrain_description/urdf
[0.241s] -- Up-to-date: /home/uwrt/xbox_test_ws/src/uwrt_mars_rover/install/uwrt_mars_rover_drivetrain_description/share/uwrt_mars_rover_drivetrain_description/urdf/drivetrain.urdf.xacro
[0.242s] -- Up-to-date: /home/uwrt/xbox_test_ws/src/uwrt_mars_rover/install/uwrt_mars_rover_drivetrain_description/share/uwrt_mars_rover_drivetrain_description/urdf/drivetrain.ros2control.xacro
[0.242s] -- Up-to-date: /home/uwrt/xbox_test_ws/src/uwrt_mars_rover/install/uwrt_mars_rover_drivetrain_description/share/uwrt_mars_rover_drivetrain_description/urdf/drivetrain.macro.xacro
[0.243s] -- Up-to-date: /home/uwrt/xbox_test_ws/src/uwrt_mars_rover/install/uwrt_mars_rover_drivetrain_description/share/ament_index/resource_index/package_run_dependencies/uwrt_mars_rover_drivetrain_description
[0.243s] -- Up-to-date: /home/uwrt/xbox_test_ws/src/uwrt_mars_rover/install/uwrt_mars_rover_drivetrain_description/share/ament_index/resource_index/parent_prefix_path/uwrt_mars_rover_drivetrain_description
[0.244s] -- Up-to-date: /home/uwrt/xbox_test_ws/src/uwrt_mars_rover/install/uwrt_mars_rover_drivetrain_description/share/uwrt_mars_rover_drivetrain_description/environment/ament_prefix_path.sh
[0.244s] -- Up-to-date: /home/uwrt/xbox_test_ws/src/uwrt_mars_rover/install/uwrt_mars_rover_drivetrain_description/share/uwrt_mars_rover_drivetrain_description/environment/ament_prefix_path.dsv
[0.244s] -- Up-to-date: /home/uwrt/xbox_test_ws/src/uwrt_mars_rover/install/uwrt_mars_rover_drivetrain_description/share/uwrt_mars_rover_drivetrain_description/environment/path.sh
[0.245s] -- Up-to-date: /home/uwrt/xbox_test_ws/src/uwrt_mars_rover/install/uwrt_mars_rover_drivetrain_description/share/uwrt_mars_rover_drivetrain_description/environment/path.dsv
[0.245s] -- Up-to-date: /home/uwrt/xbox_test_ws/src/uwrt_mars_rover/install/uwrt_mars_rover_drivetrain_description/share/uwrt_mars_rover_drivetrain_description/local_setup.bash
[0.246s] -- Up-to-date: /home/uwrt/xbox_test_ws/src/uwrt_mars_rover/install/uwrt_mars_rover_drivetrain_description/share/uwrt_mars_rover_drivetrain_description/local_setup.sh
[0.246s] -- Up-to-date: /home/uwrt/xbox_test_ws/src/uwrt_mars_rover/install/uwrt_mars_rover_drivetrain_description/share/uwrt_mars_rover_drivetrain_description/local_setup.zsh
[0.246s] -- Up-to-date: /home/uwrt/xbox_test_ws/src/uwrt_mars_rover/install/uwrt_mars_rover_drivetrain_description/share/uwrt_mars_rover_drivetrain_description/local_setup.dsv
[0.247s] -- Installing: /home/uwrt/xbox_test_ws/src/uwrt_mars_rover/install/uwrt_mars_rover_drivetrain_description/share/uwrt_mars_rover_drivetrain_description/package.dsv
[0.247s] -- Up-to-date: /home/uwrt/xbox_test_ws/src/uwrt_mars_rover/install/uwrt_mars_rover_drivetrain_description/share/ament_index/resource_index/packages/uwrt_mars_rover_drivetrain_description
[0.248s] -- Up-to-date: /home/uwrt/xbox_test_ws/src/uwrt_mars_rover/install/uwrt_mars_rover_drivetrain_description/share/uwrt_mars_rover_drivetrain_description/cmake/uwrt_mars_rover_drivetrain_descriptionConfig.cmake
[0.248s] -- Up-to-date: /home/uwrt/xbox_test_ws/src/uwrt_mars_rover/install/uwrt_mars_rover_drivetrain_description/share/uwrt_mars_rover_drivetrain_description/cmake/uwrt_mars_rover_drivetrain_descriptionConfig-version.cmake
[0.248s] -- Up-to-date: /home/uwrt/xbox_test_ws/src/uwrt_mars_rover/install/uwrt_mars_rover_drivetrain_description/share/uwrt_mars_rover_drivetrain_description/package.xml
[0.262s] Invoked command in '/home/uwrt/xbox_test_ws/src/uwrt_mars_rover/build/uwrt_mars_rover_drivetrain_description' returned '0': CMAKE_PREFIX_PATH=/opt/ros/galactic /usr/bin/cmake --install /home/uwrt/xbox_test_ws/src/uwrt_mars_rover/build/uwrt_mars_rover_drivetrain_description
