[0.021s] Invoking command in '/home/uwrt/xbox_test_ws/src/uwrt_mars_rover/build/uwrt_mars_rover_drivetrain_hw': AMENT_PREFIX_PATH=/home/uwrt/xbox_test_ws/src/uwrt_mars_rover/install/uwrt_mars_rover_drivetrain_description:${AMENT_PREFIX_PATH} CMAKE_PREFIX_PATH=/home/uwrt/xbox_test_ws/src/uwrt_mars_rover/install/uwrt_mars_rover_drivetrain_description:/opt/ros/galactic /usr/bin/cmake /home/uwrt/xbox_test_ws/src/uwrt_mars_rover/uwrt_mars_rover_drivetrain/uwrt_mars_rover_drivetrain_hw -DCMAKE_INSTALL_PREFIX=/home/uwrt/xbox_test_ws/src/uwrt_mars_rover/install/uwrt_mars_rover_drivetrain_hw
[0.107s] -- The C compiler identification is GNU 9.4.0
[0.186s] -- The CXX compiler identification is GNU 9.4.0
[0.193s] -- Check for working C compiler: /usr/bin/cc
[0.291s] -- Check for working C compiler: /usr/bin/cc -- works
[0.293s] -- Detecting C compiler ABI info
[0.401s] -- Detecting C compiler ABI info - done
[0.411s] -- Detecting C compile features
[0.412s] -- Detecting C compile features - done
[0.418s] -- Check for working CXX compiler: /usr/bin/c++
[0.563s] -- Check for working CXX compiler: /usr/bin/c++ -- works
[0.565s] -- Detecting CXX compiler ABI info
[0.798s] -- Detecting CXX compiler ABI info - done
[0.825s] -- Detecting CXX compile features
[0.826s] -- Detecting CXX compile features - done
[0.830s] -- Found ament_cmake: 1.1.6 (/opt/ros/galactic/share/ament_cmake/cmake)
[0.862s] -- Found PythonInterp: /usr/bin/python3 (found suitable version "3.8.10", minimum required is "3") 
[0.862s] -- Using PYTHON_EXECUTABLE: /usr/bin/python3
[0.973s] -- Found hardware_interface: 1.6.0 (/opt/ros/galactic/share/hardware_interface/cmake)
[1.039s] -- Using all available rosidl_typesupport_c: rosidl_typesupport_fastrtps_c;rosidl_typesupport_introspection_c
[1.053s] -- Found rosidl_adapter: 2.2.3 (/opt/ros/galactic/share/rosidl_adapter/cmake)
[1.224s] -- Found OpenSSL: /usr/lib/x86_64-linux-gnu/libcrypto.so (found version "1.1.1f")  
[1.264s] -- Found FastRTPS: /opt/ros/galactic/include  
[1.375s] -- Using all available rosidl_typesupport_cpp: rosidl_typesupport_fastrtps_cpp;rosidl_typesupport_introspection_cpp
[2.434s] -- Found rmw_implementation_cmake: 3.3.1 (/opt/ros/galactic/share/rmw_implementation_cmake/cmake)
[2.440s] -- Found rmw_cyclonedds_cpp: 0.22.6 (/opt/ros/galactic/share/rmw_cyclonedds_cpp/cmake)
[2.466s] -- Using RMW implementation 'rmw_cyclonedds_cpp' as default
[2.467s] -- Looking for pthread.h
[2.616s] -- Looking for pthread.h - found
[2.616s] -- Performing Test CMAKE_HAVE_LIBC_PTHREAD
[2.760s] -- Performing Test CMAKE_HAVE_LIBC_PTHREAD - Failed
[2.760s] -- Looking for pthread_create in pthreads
[2.850s] -- Looking for pthread_create in pthreads - not found
[2.851s] -- Looking for pthread_create in pthread
[3.012s] -- Looking for pthread_create in pthread - found
[3.014s] -- Found Threads: TRUE  
[3.584s] -- Found transmission_interface: 1.6.0 (/opt/ros/galactic/share/transmission_interface/cmake)
[3.824s] -- Found ament_cmake_clang_format: 0.10.7 (/opt/ros/galactic/share/ament_cmake_clang_format/cmake)
[3.830s] -- Found ament_cmake_clang_tidy: 0.10.7 (/opt/ros/galactic/share/ament_cmake_clang_tidy/cmake)
[3.835s] -- Found ament_cmake_cppcheck: 0.10.7 (/opt/ros/galactic/share/ament_cmake_cppcheck/cmake)
[3.840s] -- Found ament_cmake_flake8: 0.10.7 (/opt/ros/galactic/share/ament_cmake_flake8/cmake)
[3.845s] -- Found ament_cmake_xmllint: 0.10.7 (/opt/ros/galactic/share/ament_cmake_xmllint/cmake)
[4.051s] -- Configuring done
[4.181s] -- Generating done
[4.191s] -- Build files have been written to: /home/uwrt/xbox_test_ws/src/uwrt_mars_rover/build/uwrt_mars_rover_drivetrain_hw
[4.222s] Invoked command in '/home/uwrt/xbox_test_ws/src/uwrt_mars_rover/build/uwrt_mars_rover_drivetrain_hw' returned '0': AMENT_PREFIX_PATH=/home/uwrt/xbox_test_ws/src/uwrt_mars_rover/install/uwrt_mars_rover_drivetrain_description:${AMENT_PREFIX_PATH} CMAKE_PREFIX_PATH=/home/uwrt/xbox_test_ws/src/uwrt_mars_rover/install/uwrt_mars_rover_drivetrain_description:/opt/ros/galactic /usr/bin/cmake /home/uwrt/xbox_test_ws/src/uwrt_mars_rover/uwrt_mars_rover_drivetrain/uwrt_mars_rover_drivetrain_hw -DCMAKE_INSTALL_PREFIX=/home/uwrt/xbox_test_ws/src/uwrt_mars_rover/install/uwrt_mars_rover_drivetrain_hw
[4.224s] Invoking command in '/home/uwrt/xbox_test_ws/src/uwrt_mars_rover/build/uwrt_mars_rover_drivetrain_hw': AMENT_PREFIX_PATH=/home/uwrt/xbox_test_ws/src/uwrt_mars_rover/install/uwrt_mars_rover_drivetrain_description:${AMENT_PREFIX_PATH} CMAKE_PREFIX_PATH=/home/uwrt/xbox_test_ws/src/uwrt_mars_rover/install/uwrt_mars_rover_drivetrain_description:/opt/ros/galactic /usr/bin/cmake --build /home/uwrt/xbox_test_ws/src/uwrt_mars_rover/build/uwrt_mars_rover_drivetrain_hw -- -j4 -l4
[4.326s] [35m[1mScanning dependencies of target uwrt_mars_rover_drivetrain_hw[0m
[4.434s] [ 50%] [32mBuilding CXX object CMakeFiles/uwrt_mars_rover_drivetrain_hw.dir/src/uwrt_mars_rover_drivetrain_hw_actuator_interface.cpp.o[0m
[10.208s] [100%] [32m[1mLinking CXX shared library libuwrt_mars_rover_drivetrain_hw.so[0m
[10.492s] [100%] Built target uwrt_mars_rover_drivetrain_hw
[10.509s] Invoked command in '/home/uwrt/xbox_test_ws/src/uwrt_mars_rover/build/uwrt_mars_rover_drivetrain_hw' returned '0': AMENT_PREFIX_PATH=/home/uwrt/xbox_test_ws/src/uwrt_mars_rover/install/uwrt_mars_rover_drivetrain_description:${AMENT_PREFIX_PATH} CMAKE_PREFIX_PATH=/home/uwrt/xbox_test_ws/src/uwrt_mars_rover/install/uwrt_mars_rover_drivetrain_description:/opt/ros/galactic /usr/bin/cmake --build /home/uwrt/xbox_test_ws/src/uwrt_mars_rover/build/uwrt_mars_rover_drivetrain_hw -- -j4 -l4
[10.558s] Invoking command in '/home/uwrt/xbox_test_ws/src/uwrt_mars_rover/build/uwrt_mars_rover_drivetrain_hw': AMENT_PREFIX_PATH=/home/uwrt/xbox_test_ws/src/uwrt_mars_rover/install/uwrt_mars_rover_drivetrain_description:${AMENT_PREFIX_PATH} CMAKE_PREFIX_PATH=/home/uwrt/xbox_test_ws/src/uwrt_mars_rover/install/uwrt_mars_rover_drivetrain_description:/opt/ros/galactic /usr/bin/cmake --install /home/uwrt/xbox_test_ws/src/uwrt_mars_rover/build/uwrt_mars_rover_drivetrain_hw
[10.576s] -- Install configuration: ""
[10.577s] -- Installing: /home/uwrt/xbox_test_ws/src/uwrt_mars_rover/install/uwrt_mars_rover_drivetrain_hw/share/uwrt_mars_rover_drivetrain_hw/uwrt_mars_rover_drivetrain_hw.xml
[10.580s] -- Installing: /home/uwrt/xbox_test_ws/src/uwrt_mars_rover/install/uwrt_mars_rover_drivetrain_hw/lib/libuwrt_mars_rover_drivetrain_hw.so
[10.580s] -- Set runtime path of "/home/uwrt/xbox_test_ws/src/uwrt_mars_rover/install/uwrt_mars_rover_drivetrain_hw/lib/libuwrt_mars_rover_drivetrain_hw.so" to ""
[10.581s] -- Installing: /home/uwrt/xbox_test_ws/src/uwrt_mars_rover/install/uwrt_mars_rover_drivetrain_hw/include/include
[10.581s] -- Installing: /home/uwrt/xbox_test_ws/src/uwrt_mars_rover/install/uwrt_mars_rover_drivetrain_hw/include/include/uwrt_mars_rover_drivetrain_hw
[10.581s] -- Installing: /home/uwrt/xbox_test_ws/src/uwrt_mars_rover/install/uwrt_mars_rover_drivetrain_hw/include/include/uwrt_mars_rover_drivetrain_hw/uwrt_mars_rover_drivetrain_hw_actuator_interface.hpp
[10.581s] -- Installing: /home/uwrt/xbox_test_ws/src/uwrt_mars_rover/install/uwrt_mars_rover_drivetrain_hw/include/include/uwrt_mars_rover_drivetrain_hw/visibility_control.hpp
[10.581s] -- Installing: /home/uwrt/xbox_test_ws/src/uwrt_mars_rover/install/uwrt_mars_rover_drivetrain_hw/share/uwrt_mars_rover_drivetrain_hw/config
[10.582s] -- Installing: /home/uwrt/xbox_test_ws/src/uwrt_mars_rover/install/uwrt_mars_rover_drivetrain_hw/share/uwrt_mars_rover_drivetrain_hw/config/drivetrain_controllers.yaml
[10.582s] -- Installing: /home/uwrt/xbox_test_ws/src/uwrt_mars_rover/install/uwrt_mars_rover_drivetrain_hw/share/uwrt_mars_rover_drivetrain_hw/launch
[10.582s] -- Installing: /home/uwrt/xbox_test_ws/src/uwrt_mars_rover/install/uwrt_mars_rover_drivetrain_hw/share/uwrt_mars_rover_drivetrain_hw/launch/drivetrain.launch.py
[10.582s] -- Installing: /home/uwrt/xbox_test_ws/src/uwrt_mars_rover/install/uwrt_mars_rover_drivetrain_hw/share/uwrt_mars_rover_drivetrain_hw/environment/library_path.sh
[10.582s] -- Installing: /home/uwrt/xbox_test_ws/src/uwrt_mars_rover/install/uwrt_mars_rover_drivetrain_hw/share/uwrt_mars_rover_drivetrain_hw/environment/library_path.dsv
[10.583s] -- Installing: /home/uwrt/xbox_test_ws/src/uwrt_mars_rover/install/uwrt_mars_rover_drivetrain_hw/share/ament_index/resource_index/package_run_dependencies/uwrt_mars_rover_drivetrain_hw
[10.583s] -- Installing: /home/uwrt/xbox_test_ws/src/uwrt_mars_rover/install/uwrt_mars_rover_drivetrain_hw/share/ament_index/resource_index/parent_prefix_path/uwrt_mars_rover_drivetrain_hw
[10.584s] -- Installing: /home/uwrt/xbox_test_ws/src/uwrt_mars_rover/install/uwrt_mars_rover_drivetrain_hw/share/uwrt_mars_rover_drivetrain_hw/environment/ament_prefix_path.sh
[10.584s] -- Installing: /home/uwrt/xbox_test_ws/src/uwrt_mars_rover/install/uwrt_mars_rover_drivetrain_hw/share/uwrt_mars_rover_drivetrain_hw/environment/ament_prefix_path.dsv
[10.584s] -- Installing: /home/uwrt/xbox_test_ws/src/uwrt_mars_rover/install/uwrt_mars_rover_drivetrain_hw/share/uwrt_mars_rover_drivetrain_hw/environment/path.sh
[10.584s] -- Installing: /home/uwrt/xbox_test_ws/src/uwrt_mars_rover/install/uwrt_mars_rover_drivetrain_hw/share/uwrt_mars_rover_drivetrain_hw/environment/path.dsv
[10.584s] -- Installing: /home/uwrt/xbox_test_ws/src/uwrt_mars_rover/install/uwrt_mars_rover_drivetrain_hw/share/uwrt_mars_rover_drivetrain_hw/local_setup.bash
[10.585s] -- Installing: /home/uwrt/xbox_test_ws/src/uwrt_mars_rover/install/uwrt_mars_rover_drivetrain_hw/share/uwrt_mars_rover_drivetrain_hw/local_setup.sh
[10.585s] -- Installing: /home/uwrt/xbox_test_ws/src/uwrt_mars_rover/install/uwrt_mars_rover_drivetrain_hw/share/uwrt_mars_rover_drivetrain_hw/local_setup.zsh
[10.585s] -- Installing: /home/uwrt/xbox_test_ws/src/uwrt_mars_rover/install/uwrt_mars_rover_drivetrain_hw/share/uwrt_mars_rover_drivetrain_hw/local_setup.dsv
[10.585s] -- Installing: /home/uwrt/xbox_test_ws/src/uwrt_mars_rover/install/uwrt_mars_rover_drivetrain_hw/share/uwrt_mars_rover_drivetrain_hw/package.dsv
[10.586s] -- Installing: /home/uwrt/xbox_test_ws/src/uwrt_mars_rover/install/uwrt_mars_rover_drivetrain_hw/share/ament_index/resource_index/packages/uwrt_mars_rover_drivetrain_hw
[10.586s] -- Installing: /home/uwrt/xbox_test_ws/src/uwrt_mars_rover/install/uwrt_mars_rover_drivetrain_hw/share/ament_index/resource_index/hardware_interface__pluginlib__plugin/uwrt_mars_rover_drivetrain_hw
[10.587s] -- Installing: /home/uwrt/xbox_test_ws/src/uwrt_mars_rover/install/uwrt_mars_rover_drivetrain_hw/share/uwrt_mars_rover_drivetrain_hw/cmake/ament_cmake_export_include_directories-extras.cmake
[10.587s] -- Installing: /home/uwrt/xbox_test_ws/src/uwrt_mars_rover/install/uwrt_mars_rover_drivetrain_hw/share/uwrt_mars_rover_drivetrain_hw/cmake/ament_cmake_export_libraries-extras.cmake
[10.587s] -- Installing: /home/uwrt/xbox_test_ws/src/uwrt_mars_rover/install/uwrt_mars_rover_drivetrain_hw/share/uwrt_mars_rover_drivetrain_hw/cmake/ament_cmake_export_dependencies-extras.cmake
[10.588s] -- Installing: /home/uwrt/xbox_test_ws/src/uwrt_mars_rover/install/uwrt_mars_rover_drivetrain_hw/share/uwrt_mars_rover_drivetrain_hw/cmake/uwrt_mars_rover_drivetrain_hwConfig.cmake
[10.588s] -- Installing: /home/uwrt/xbox_test_ws/src/uwrt_mars_rover/install/uwrt_mars_rover_drivetrain_hw/share/uwrt_mars_rover_drivetrain_hw/cmake/uwrt_mars_rover_drivetrain_hwConfig-version.cmake
[10.588s] -- Installing: /home/uwrt/xbox_test_ws/src/uwrt_mars_rover/install/uwrt_mars_rover_drivetrain_hw/share/uwrt_mars_rover_drivetrain_hw/package.xml
[10.597s] Invoked command in '/home/uwrt/xbox_test_ws/src/uwrt_mars_rover/build/uwrt_mars_rover_drivetrain_hw' returned '0': AMENT_PREFIX_PATH=/home/uwrt/xbox_test_ws/src/uwrt_mars_rover/install/uwrt_mars_rover_drivetrain_description:${AMENT_PREFIX_PATH} CMAKE_PREFIX_PATH=/home/uwrt/xbox_test_ws/src/uwrt_mars_rover/install/uwrt_mars_rover_drivetrain_description:/opt/ros/galactic /usr/bin/cmake --install /home/uwrt/xbox_test_ws/src/uwrt_mars_rover/build/uwrt_mars_rover_drivetrain_hw
