[0.366s] DEBUG:colcon:Command line arguments: ['/usr/bin/colcon', 'build']
[0.367s] DEBUG:colcon:Parsed command line arguments: Namespace(allow_overriding=[], ament_cmake_args=None, base_paths=['.'], build_base='build', catkin_cmake_args=None, catkin_skip_building_tests=False, cmake_args=None, cmake_clean_cache=False, cmake_clean_first=False, cmake_force_configure=False, cmake_target=None, cmake_target_skip_unavailable=False, continue_on_error=False, event_handlers=None, executor='parallel', ignore_user_meta=False, install_base='install', log_base=None, log_level=None, main=<bound method BuildVerb.main of <colcon_core.verb.build.BuildVerb object at 0x7f194adf0ca0>>, merge_install=False, metas=['./colcon.meta'], packages_above=None, packages_above_and_dependencies=None, packages_above_depth=None, packages_end=None, packages_ignore=None, packages_ignore_regex=None, packages_select=None, packages_select_build_failed=False, packages_select_by_dep=None, packages_select_regex=None, packages_select_test_failures=False, packages_skip=None, packages_skip_build_finished=False, packages_skip_by_dep=None, packages_skip_regex=None, packages_skip_test_passed=False, packages_skip_up_to=None, packages_start=None, packages_up_to=None, packages_up_to_regex=None, parallel_workers=4, paths=None, symlink_install=False, test_result_base=None, verb_extension=<colcon_core.verb.build.BuildVerb object at 0x7f194adf0ca0>, verb_name='build', verb_parser=<colcon_defaults.argument_parser.defaults.DefaultArgumentsDecorator object at 0x7f194adfb250>)
[0.397s] Level 1:colcon.colcon_core.package_discovery:discover_packages(colcon_meta) check parameters
[0.397s] Level 1:colcon.colcon_core.package_discovery:discover_packages(recursive) check parameters
[0.397s] Level 1:colcon.colcon_core.package_discovery:discover_packages(ignore) check parameters
[0.397s] Level 1:colcon.colcon_core.package_discovery:discover_packages(path) check parameters
[0.397s] Level 1:colcon.colcon_core.package_discovery:discover_packages(colcon_meta) discover
[0.397s] Level 1:colcon.colcon_core.package_discovery:discover_packages(recursive) discover
[0.397s] INFO:colcon.colcon_core.package_discovery:Crawling recursively for packages in '/home/uwrt/xbox_test_ws/src/uwrt_mars_rover'
[0.397s] Level 1:colcon.colcon_core.package_identification:_identify(.) by extensions ['ignore', 'ignore_ament_install']
[0.397s] Level 1:colcon.colcon_core.package_identification:_identify(.) by extension 'ignore'
[0.397s] Level 1:colcon.colcon_core.package_identification:_identify(.) by extension 'ignore_ament_install'
[0.398s] Level 1:colcon.colcon_core.package_identification:_identify(.) by extensions ['colcon_pkg']
[0.398s] Level 1:colcon.colcon_core.package_identification:_identify(.) by extension 'colcon_pkg'
[0.398s] Level 1:colcon.colcon_core.package_identification:_identify(.) by extensions ['colcon_meta']
[0.398s] Level 1:colcon.colcon_core.package_identification:_identify(.) by extension 'colcon_meta'
[0.398s] Level 1:colcon.colcon_core.package_identification:_identify(.) by extensions ['ros']
[0.398s] Level 1:colcon.colcon_core.package_identification:_identify(.) by extension 'ros'
[0.420s] Level 1:colcon.colcon_core.package_identification:_identify(.) by extensions ['cmake', 'python']
[0.420s] Level 1:colcon.colcon_core.package_identification:_identify(.) by extension 'cmake'
[0.420s] Level 1:colcon.colcon_core.package_identification:_identify(.) by extension 'python'
[0.420s] Level 1:colcon.colcon_core.package_identification:_identify(.) by extensions ['python_setup_py']
[0.420s] Level 1:colcon.colcon_core.package_identification:_identify(.) by extension 'python_setup_py'
[0.421s] Level 1:colcon.colcon_core.package_identification:_identify(build) by extensions ['ignore', 'ignore_ament_install']
[0.421s] Level 1:colcon.colcon_core.package_identification:_identify(build) by extension 'ignore'
[0.421s] Level 1:colcon.colcon_core.package_identification:_identify(build) ignored
[0.421s] Level 1:colcon.colcon_core.package_identification:_identify(install) by extensions ['ignore', 'ignore_ament_install']
[0.421s] Level 1:colcon.colcon_core.package_identification:_identify(install) by extension 'ignore'
[0.421s] Level 1:colcon.colcon_core.package_identification:_identify(install) ignored
[0.421s] Level 1:colcon.colcon_core.package_identification:_identify(log) by extensions ['ignore', 'ignore_ament_install']
[0.421s] Level 1:colcon.colcon_core.package_identification:_identify(log) by extension 'ignore'
[0.421s] Level 1:colcon.colcon_core.package_identification:_identify(log) ignored
[0.421s] Level 1:colcon.colcon_core.package_identification:_identify(uwrt_mars_rover) by extensions ['ignore', 'ignore_ament_install']
[0.422s] Level 1:colcon.colcon_core.package_identification:_identify(uwrt_mars_rover) by extension 'ignore'
[0.422s] Level 1:colcon.colcon_core.package_identification:_identify(uwrt_mars_rover) by extension 'ignore_ament_install'
[0.422s] Level 1:colcon.colcon_core.package_identification:_identify(uwrt_mars_rover) by extensions ['colcon_pkg']
[0.422s] Level 1:colcon.colcon_core.package_identification:_identify(uwrt_mars_rover) by extension 'colcon_pkg'
[0.422s] Level 1:colcon.colcon_core.package_identification:_identify(uwrt_mars_rover) by extensions ['colcon_meta']
[0.422s] Level 1:colcon.colcon_core.package_identification:_identify(uwrt_mars_rover) by extension 'colcon_meta'
[0.422s] Level 1:colcon.colcon_core.package_identification:_identify(uwrt_mars_rover) by extensions ['ros']
[0.422s] Level 1:colcon.colcon_core.package_identification:_identify(uwrt_mars_rover) by extension 'ros'
[0.425s] DEBUG:colcon.colcon_core.package_identification:Package 'uwrt_mars_rover' with type 'ros.ament_cmake' and name 'uwrt_mars_rover'
[0.425s] Level 1:colcon.colcon_core.package_identification:_identify(uwrt_mars_rover_description) by extensions ['ignore', 'ignore_ament_install']
[0.425s] Level 1:colcon.colcon_core.package_identification:_identify(uwrt_mars_rover_description) by extension 'ignore'
[0.425s] Level 1:colcon.colcon_core.package_identification:_identify(uwrt_mars_rover_description) by extension 'ignore_ament_install'
[0.425s] Level 1:colcon.colcon_core.package_identification:_identify(uwrt_mars_rover_description) by extensions ['colcon_pkg']
[0.425s] Level 1:colcon.colcon_core.package_identification:_identify(uwrt_mars_rover_description) by extension 'colcon_pkg'
[0.425s] Level 1:colcon.colcon_core.package_identification:_identify(uwrt_mars_rover_description) by extensions ['colcon_meta']
[0.425s] Level 1:colcon.colcon_core.package_identification:_identify(uwrt_mars_rover_description) by extension 'colcon_meta'
[0.425s] Level 1:colcon.colcon_core.package_identification:_identify(uwrt_mars_rover_description) by extensions ['ros']
[0.426s] Level 1:colcon.colcon_core.package_identification:_identify(uwrt_mars_rover_description) by extension 'ros'
[0.426s] DEBUG:colcon.colcon_core.package_identification:Package 'uwrt_mars_rover_description' with type 'ros.ament_cmake' and name 'uwrt_mars_rover_description'
[0.426s] Level 1:colcon.colcon_core.package_identification:_identify(uwrt_mars_rover_drivetrain) by extensions ['ignore', 'ignore_ament_install']
[0.426s] Level 1:colcon.colcon_core.package_identification:_identify(uwrt_mars_rover_drivetrain) by extension 'ignore'
[0.426s] Level 1:colcon.colcon_core.package_identification:_identify(uwrt_mars_rover_drivetrain) by extension 'ignore_ament_install'
[0.426s] Level 1:colcon.colcon_core.package_identification:_identify(uwrt_mars_rover_drivetrain) by extensions ['colcon_pkg']
[0.426s] Level 1:colcon.colcon_core.package_identification:_identify(uwrt_mars_rover_drivetrain) by extension 'colcon_pkg'
[0.427s] Level 1:colcon.colcon_core.package_identification:_identify(uwrt_mars_rover_drivetrain) by extensions ['colcon_meta']
[0.427s] Level 1:colcon.colcon_core.package_identification:_identify(uwrt_mars_rover_drivetrain) by extension 'colcon_meta'
[0.427s] Level 1:colcon.colcon_core.package_identification:_identify(uwrt_mars_rover_drivetrain) by extensions ['ros']
[0.427s] Level 1:colcon.colcon_core.package_identification:_identify(uwrt_mars_rover_drivetrain) by extension 'ros'
[0.427s] Level 1:colcon.colcon_core.package_identification:_identify(uwrt_mars_rover_drivetrain) by extensions ['cmake', 'python']
[0.427s] Level 1:colcon.colcon_core.package_identification:_identify(uwrt_mars_rover_drivetrain) by extension 'cmake'
[0.427s] Level 1:colcon.colcon_core.package_identification:_identify(uwrt_mars_rover_drivetrain) by extension 'python'
[0.427s] Level 1:colcon.colcon_core.package_identification:_identify(uwrt_mars_rover_drivetrain) by extensions ['python_setup_py']
[0.427s] Level 1:colcon.colcon_core.package_identification:_identify(uwrt_mars_rover_drivetrain) by extension 'python_setup_py'
[0.427s] Level 1:colcon.colcon_core.package_identification:_identify(uwrt_mars_rover_drivetrain/uwrt_mars_rover_drivetrain) by extensions ['ignore', 'ignore_ament_install']
[0.427s] Level 1:colcon.colcon_core.package_identification:_identify(uwrt_mars_rover_drivetrain/uwrt_mars_rover_drivetrain) by extension 'ignore'
[0.427s] Level 1:colcon.colcon_core.package_identification:_identify(uwrt_mars_rover_drivetrain/uwrt_mars_rover_drivetrain) by extension 'ignore_ament_install'
[0.427s] Level 1:colcon.colcon_core.package_identification:_identify(uwrt_mars_rover_drivetrain/uwrt_mars_rover_drivetrain) by extensions ['colcon_pkg']
[0.427s] Level 1:colcon.colcon_core.package_identification:_identify(uwrt_mars_rover_drivetrain/uwrt_mars_rover_drivetrain) by extension 'colcon_pkg'
[0.427s] Level 1:colcon.colcon_core.package_identification:_identify(uwrt_mars_rover_drivetrain/uwrt_mars_rover_drivetrain) by extensions ['colcon_meta']
[0.427s] Level 1:colcon.colcon_core.package_identification:_identify(uwrt_mars_rover_drivetrain/uwrt_mars_rover_drivetrain) by extension 'colcon_meta'
[0.428s] Level 1:colcon.colcon_core.package_identification:_identify(uwrt_mars_rover_drivetrain/uwrt_mars_rover_drivetrain) by extensions ['ros']
[0.428s] Level 1:colcon.colcon_core.package_identification:_identify(uwrt_mars_rover_drivetrain/uwrt_mars_rover_drivetrain) by extension 'ros'
[0.428s] DEBUG:colcon.colcon_core.package_identification:Package 'uwrt_mars_rover_drivetrain/uwrt_mars_rover_drivetrain' with type 'ros.ament_cmake' and name 'uwrt_mars_rover_drivetrain'
[0.428s] Level 1:colcon.colcon_core.package_identification:_identify(uwrt_mars_rover_drivetrain/uwrt_mars_rover_drivetrain_description) by extensions ['ignore', 'ignore_ament_install']
[0.428s] Level 1:colcon.colcon_core.package_identification:_identify(uwrt_mars_rover_drivetrain/uwrt_mars_rover_drivetrain_description) by extension 'ignore'
[0.428s] Level 1:colcon.colcon_core.package_identification:_identify(uwrt_mars_rover_drivetrain/uwrt_mars_rover_drivetrain_description) by extension 'ignore_ament_install'
[0.429s] Level 1:colcon.colcon_core.package_identification:_identify(uwrt_mars_rover_drivetrain/uwrt_mars_rover_drivetrain_description) by extensions ['colcon_pkg']
[0.429s] Level 1:colcon.colcon_core.package_identification:_identify(uwrt_mars_rover_drivetrain/uwrt_mars_rover_drivetrain_description) by extension 'colcon_pkg'
[0.429s] Level 1:colcon.colcon_core.package_identification:_identify(uwrt_mars_rover_drivetrain/uwrt_mars_rover_drivetrain_description) by extensions ['colcon_meta']
[0.429s] Level 1:colcon.colcon_core.package_identification:_identify(uwrt_mars_rover_drivetrain/uwrt_mars_rover_drivetrain_description) by extension 'colcon_meta'
[0.429s] Level 1:colcon.colcon_core.package_identification:_identify(uwrt_mars_rover_drivetrain/uwrt_mars_rover_drivetrain_description) by extensions ['ros']
[0.429s] Level 1:colcon.colcon_core.package_identification:_identify(uwrt_mars_rover_drivetrain/uwrt_mars_rover_drivetrain_description) by extension 'ros'
[0.430s] DEBUG:colcon.colcon_core.package_identification:Package 'uwrt_mars_rover_drivetrain/uwrt_mars_rover_drivetrain_description' with type 'ros.ament_cmake' and name 'uwrt_mars_rover_drivetrain_description'
[0.430s] Level 1:colcon.colcon_core.package_identification:_identify(uwrt_mars_rover_drivetrain/uwrt_mars_rover_drivetrain_hw) by extensions ['ignore', 'ignore_ament_install']
[0.430s] Level 1:colcon.colcon_core.package_identification:_identify(uwrt_mars_rover_drivetrain/uwrt_mars_rover_drivetrain_hw) by extension 'ignore'
[0.430s] Level 1:colcon.colcon_core.package_identification:_identify(uwrt_mars_rover_drivetrain/uwrt_mars_rover_drivetrain_hw) by extension 'ignore_ament_install'
[0.430s] Level 1:colcon.colcon_core.package_identification:_identify(uwrt_mars_rover_drivetrain/uwrt_mars_rover_drivetrain_hw) by extensions ['colcon_pkg']
[0.430s] Level 1:colcon.colcon_core.package_identification:_identify(uwrt_mars_rover_drivetrain/uwrt_mars_rover_drivetrain_hw) by extension 'colcon_pkg'
[0.430s] Level 1:colcon.colcon_core.package_identification:_identify(uwrt_mars_rover_drivetrain/uwrt_mars_rover_drivetrain_hw) by extensions ['colcon_meta']
[0.430s] Level 1:colcon.colcon_core.package_identification:_identify(uwrt_mars_rover_drivetrain/uwrt_mars_rover_drivetrain_hw) by extension 'colcon_meta'
[0.430s] Level 1:colcon.colcon_core.package_identification:_identify(uwrt_mars_rover_drivetrain/uwrt_mars_rover_drivetrain_hw) by extensions ['ros']
[0.430s] Level 1:colcon.colcon_core.package_identification:_identify(uwrt_mars_rover_drivetrain/uwrt_mars_rover_drivetrain_hw) by extension 'ros'
[0.431s] DEBUG:colcon.colcon_core.package_identification:Package 'uwrt_mars_rover_drivetrain/uwrt_mars_rover_drivetrain_hw' with type 'ros.ament_cmake' and name 'uwrt_mars_rover_drivetrain_hw'
[0.432s] Level 1:colcon.colcon_core.package_identification:_identify(uwrt_mars_rover_utils) by extensions ['ignore', 'ignore_ament_install']
[0.432s] Level 1:colcon.colcon_core.package_identification:_identify(uwrt_mars_rover_utils) by extension 'ignore'
[0.432s] Level 1:colcon.colcon_core.package_identification:_identify(uwrt_mars_rover_utils) by extension 'ignore_ament_install'
[0.432s] Level 1:colcon.colcon_core.package_identification:_identify(uwrt_mars_rover_utils) by extensions ['colcon_pkg']
[0.432s] Level 1:colcon.colcon_core.package_identification:_identify(uwrt_mars_rover_utils) by extension 'colcon_pkg'
[0.432s] Level 1:colcon.colcon_core.package_identification:_identify(uwrt_mars_rover_utils) by extensions ['colcon_meta']
[0.432s] Level 1:colcon.colcon_core.package_identification:_identify(uwrt_mars_rover_utils) by extension 'colcon_meta'
[0.432s] Level 1:colcon.colcon_core.package_identification:_identify(uwrt_mars_rover_utils) by extensions ['ros']
[0.432s] Level 1:colcon.colcon_core.package_identification:_identify(uwrt_mars_rover_utils) by extension 'ros'
[0.432s] Level 1:colcon.colcon_core.package_identification:_identify(uwrt_mars_rover_utils) by extensions ['cmake', 'python']
[0.432s] Level 1:colcon.colcon_core.package_identification:_identify(uwrt_mars_rover_utils) by extension 'cmake'
[0.432s] Level 1:colcon.colcon_core.package_identification:_identify(uwrt_mars_rover_utils) by extension 'python'
[0.432s] Level 1:colcon.colcon_core.package_identification:_identify(uwrt_mars_rover_utils) by extensions ['python_setup_py']
[0.432s] Level 1:colcon.colcon_core.package_identification:_identify(uwrt_mars_rover_utils) by extension 'python_setup_py'
[0.432s] Level 1:colcon.colcon_core.package_identification:_identify(uwrt_mars_rover_utils/config) by extensions ['ignore', 'ignore_ament_install']
[0.433s] Level 1:colcon.colcon_core.package_identification:_identify(uwrt_mars_rover_utils/config) by extension 'ignore'
[0.433s] Level 1:colcon.colcon_core.package_identification:_identify(uwrt_mars_rover_utils/config) by extension 'ignore_ament_install'
[0.433s] Level 1:colcon.colcon_core.package_identification:_identify(uwrt_mars_rover_utils/config) by extensions ['colcon_pkg']
[0.433s] Level 1:colcon.colcon_core.package_identification:_identify(uwrt_mars_rover_utils/config) by extension 'colcon_pkg'
[0.433s] Level 1:colcon.colcon_core.package_identification:_identify(uwrt_mars_rover_utils/config) by extensions ['colcon_meta']
[0.433s] Level 1:colcon.colcon_core.package_identification:_identify(uwrt_mars_rover_utils/config) by extension 'colcon_meta'
[0.433s] Level 1:colcon.colcon_core.package_identification:_identify(uwrt_mars_rover_utils/config) by extensions ['ros']
[0.433s] Level 1:colcon.colcon_core.package_identification:_identify(uwrt_mars_rover_utils/config) by extension 'ros'
[0.433s] Level 1:colcon.colcon_core.package_identification:_identify(uwrt_mars_rover_utils/config) by extensions ['cmake', 'python']
[0.433s] Level 1:colcon.colcon_core.package_identification:_identify(uwrt_mars_rover_utils/config) by extension 'cmake'
[0.433s] Level 1:colcon.colcon_core.package_identification:_identify(uwrt_mars_rover_utils/config) by extension 'python'
[0.433s] Level 1:colcon.colcon_core.package_identification:_identify(uwrt_mars_rover_utils/config) by extensions ['python_setup_py']
[0.433s] Level 1:colcon.colcon_core.package_identification:_identify(uwrt_mars_rover_utils/config) by extension 'python_setup_py'
[0.433s] Level 1:colcon.colcon_core.package_identification:_identify(uwrt_mars_rover_utils/uwrt_mars_rover_xbox_controller) by extensions ['ignore', 'ignore_ament_install']
[0.433s] Level 1:colcon.colcon_core.package_identification:_identify(uwrt_mars_rover_utils/uwrt_mars_rover_xbox_controller) by extension 'ignore'
[0.434s] Level 1:colcon.colcon_core.package_identification:_identify(uwrt_mars_rover_utils/uwrt_mars_rover_xbox_controller) by extension 'ignore_ament_install'
[0.434s] Level 1:colcon.colcon_core.package_identification:_identify(uwrt_mars_rover_utils/uwrt_mars_rover_xbox_controller) by extensions ['colcon_pkg']
[0.434s] Level 1:colcon.colcon_core.package_identification:_identify(uwrt_mars_rover_utils/uwrt_mars_rover_xbox_controller) by extension 'colcon_pkg'
[0.434s] Level 1:colcon.colcon_core.package_identification:_identify(uwrt_mars_rover_utils/uwrt_mars_rover_xbox_controller) by extensions ['colcon_meta']
[0.434s] Level 1:colcon.colcon_core.package_identification:_identify(uwrt_mars_rover_utils/uwrt_mars_rover_xbox_controller) by extension 'colcon_meta'
[0.434s] Level 1:colcon.colcon_core.package_identification:_identify(uwrt_mars_rover_utils/uwrt_mars_rover_xbox_controller) by extensions ['ros']
[0.434s] Level 1:colcon.colcon_core.package_identification:_identify(uwrt_mars_rover_utils/uwrt_mars_rover_xbox_controller) by extension 'ros'
[0.435s] DEBUG:colcon.colcon_core.package_identification:Package 'uwrt_mars_rover_utils/uwrt_mars_rover_xbox_controller' with type 'ros.ament_cmake' and name 'uwrt_mars_rover_xbox_controller'
[0.435s] Level 1:colcon.colcon_core.package_discovery:discover_packages(recursive) using defaults
[0.435s] Level 1:colcon.colcon_core.package_discovery:discover_packages(ignore) discover
[0.435s] Level 1:colcon.colcon_core.package_discovery:discover_packages(ignore) using defaults
[0.435s] Level 1:colcon.colcon_core.package_discovery:discover_packages(path) discover
[0.435s] Level 1:colcon.colcon_core.package_discovery:discover_packages(path) using defaults
[0.460s] Level 1:colcon.colcon_core.package_discovery:discover_packages(prefix_path) check parameters
[0.460s] Level 1:colcon.colcon_core.package_discovery:discover_packages(prefix_path) discover
[0.464s] DEBUG:colcon.colcon_installed_package_information.package_discovery:Found 301 installed packages in /opt/ros/galactic
[0.466s] Level 1:colcon.colcon_core.package_discovery:discover_packages(prefix_path) using defaults
[0.561s] Level 5:colcon.colcon_core.verb:set package 'uwrt_mars_rover_description' build argument 'cmake_args' from command line to 'None'
[0.561s] Level 5:colcon.colcon_core.verb:set package 'uwrt_mars_rover_description' build argument 'cmake_target' from command line to 'None'
[0.561s] Level 5:colcon.colcon_core.verb:set package 'uwrt_mars_rover_description' build argument 'cmake_target_skip_unavailable' from command line to 'False'
[0.561s] Level 5:colcon.colcon_core.verb:set package 'uwrt_mars_rover_description' build argument 'cmake_clean_cache' from command line to 'False'
[0.561s] Level 5:colcon.colcon_core.verb:set package 'uwrt_mars_rover_description' build argument 'cmake_clean_first' from command line to 'False'
[0.561s] Level 5:colcon.colcon_core.verb:set package 'uwrt_mars_rover_description' build argument 'cmake_force_configure' from command line to 'False'
[0.561s] Level 5:colcon.colcon_core.verb:set package 'uwrt_mars_rover_description' build argument 'ament_cmake_args' from command line to 'None'
[0.561s] Level 5:colcon.colcon_core.verb:set package 'uwrt_mars_rover_description' build argument 'catkin_cmake_args' from command line to 'None'
[0.561s] Level 5:colcon.colcon_core.verb:set package 'uwrt_mars_rover_description' build argument 'catkin_skip_building_tests' from command line to 'False'
[0.561s] DEBUG:colcon.colcon_core.verb:Building package 'uwrt_mars_rover_description' with the following arguments: {'ament_cmake_args': None, 'build_base': '/home/uwrt/xbox_test_ws/src/uwrt_mars_rover/build/uwrt_mars_rover_description', 'catkin_cmake_args': None, 'catkin_skip_building_tests': False, 'cmake_args': None, 'cmake_clean_cache': False, 'cmake_clean_first': False, 'cmake_force_configure': False, 'cmake_target': None, 'cmake_target_skip_unavailable': False, 'install_base': '/home/uwrt/xbox_test_ws/src/uwrt_mars_rover/install/uwrt_mars_rover_description', 'merge_install': False, 'path': '/home/uwrt/xbox_test_ws/src/uwrt_mars_rover/uwrt_mars_rover_description', 'symlink_install': False, 'test_result_base': None}
[0.562s] Level 5:colcon.colcon_core.verb:set package 'uwrt_mars_rover_drivetrain_description' build argument 'cmake_args' from command line to 'None'
[0.562s] Level 5:colcon.colcon_core.verb:set package 'uwrt_mars_rover_drivetrain_description' build argument 'cmake_target' from command line to 'None'
[0.563s] Level 5:colcon.colcon_core.verb:set package 'uwrt_mars_rover_drivetrain_description' build argument 'cmake_target_skip_unavailable' from command line to 'False'
[0.563s] Level 5:colcon.colcon_core.verb:set package 'uwrt_mars_rover_drivetrain_description' build argument 'cmake_clean_cache' from command line to 'False'
[0.563s] Level 5:colcon.colcon_core.verb:set package 'uwrt_mars_rover_drivetrain_description' build argument 'cmake_clean_first' from command line to 'False'
[0.563s] Level 5:colcon.colcon_core.verb:set package 'uwrt_mars_rover_drivetrain_description' build argument 'cmake_force_configure' from command line to 'False'
[0.563s] Level 5:colcon.colcon_core.verb:set package 'uwrt_mars_rover_drivetrain_description' build argument 'ament_cmake_args' from command line to 'None'
[0.563s] Level 5:colcon.colcon_core.verb:set package 'uwrt_mars_rover_drivetrain_description' build argument 'catkin_cmake_args' from command line to 'None'
[0.563s] Level 5:colcon.colcon_core.verb:set package 'uwrt_mars_rover_drivetrain_description' build argument 'catkin_skip_building_tests' from command line to 'False'
[0.563s] DEBUG:colcon.colcon_core.verb:Building package 'uwrt_mars_rover_drivetrain_description' with the following arguments: {'ament_cmake_args': None, 'build_base': '/home/uwrt/xbox_test_ws/src/uwrt_mars_rover/build/uwrt_mars_rover_drivetrain_description', 'catkin_cmake_args': None, 'catkin_skip_building_tests': False, 'cmake_args': None, 'cmake_clean_cache': False, 'cmake_clean_first': False, 'cmake_force_configure': False, 'cmake_target': None, 'cmake_target_skip_unavailable': False, 'install_base': '/home/uwrt/xbox_test_ws/src/uwrt_mars_rover/install/uwrt_mars_rover_drivetrain_description', 'merge_install': False, 'path': '/home/uwrt/xbox_test_ws/src/uwrt_mars_rover/uwrt_mars_rover_drivetrain/uwrt_mars_rover_drivetrain_description', 'symlink_install': False, 'test_result_base': None}
[0.564s] Level 5:colcon.colcon_core.verb:set package 'uwrt_mars_rover_xbox_controller' build argument 'cmake_args' from command line to 'None'
[0.564s] Level 5:colcon.colcon_core.verb:set package 'uwrt_mars_rover_xbox_controller' build argument 'cmake_target' from command line to 'None'
[0.564s] Level 5:colcon.colcon_core.verb:set package 'uwrt_mars_rover_xbox_controller' build argument 'cmake_target_skip_unavailable' from command line to 'False'
[0.564s] Level 5:colcon.colcon_core.verb:set package 'uwrt_mars_rover_xbox_controller' build argument 'cmake_clean_cache' from command line to 'False'
[0.564s] Level 5:colcon.colcon_core.verb:set package 'uwrt_mars_rover_xbox_controller' build argument 'cmake_clean_first' from command line to 'False'
[0.564s] Level 5:colcon.colcon_core.verb:set package 'uwrt_mars_rover_xbox_controller' build argument 'cmake_force_configure' from command line to 'False'
[0.564s] Level 5:colcon.colcon_core.verb:set package 'uwrt_mars_rover_xbox_controller' build argument 'ament_cmake_args' from command line to 'None'
[0.564s] Level 5:colcon.colcon_core.verb:set package 'uwrt_mars_rover_xbox_controller' build argument 'catkin_cmake_args' from command line to 'None'
[0.564s] Level 5:colcon.colcon_core.verb:set package 'uwrt_mars_rover_xbox_controller' build argument 'catkin_skip_building_tests' from command line to 'False'
[0.564s] DEBUG:colcon.colcon_core.verb:Building package 'uwrt_mars_rover_xbox_controller' with the following arguments: {'ament_cmake_args': None, 'build_base': '/home/uwrt/xbox_test_ws/src/uwrt_mars_rover/build/uwrt_mars_rover_xbox_controller', 'catkin_cmake_args': None, 'catkin_skip_building_tests': False, 'cmake_args': None, 'cmake_clean_cache': False, 'cmake_clean_first': False, 'cmake_force_configure': False, 'cmake_target': None, 'cmake_target_skip_unavailable': False, 'install_base': '/home/uwrt/xbox_test_ws/src/uwrt_mars_rover/install/uwrt_mars_rover_xbox_controller', 'merge_install': False, 'path': '/home/uwrt/xbox_test_ws/src/uwrt_mars_rover/uwrt_mars_rover_utils/uwrt_mars_rover_xbox_controller', 'symlink_install': False, 'test_result_base': None}
[0.565s] Level 5:colcon.colcon_core.verb:set package 'uwrt_mars_rover_drivetrain_hw' build argument 'cmake_args' from command line to 'None'
[0.565s] Level 5:colcon.colcon_core.verb:set package 'uwrt_mars_rover_drivetrain_hw' build argument 'cmake_target' from command line to 'None'
[0.565s] Level 5:colcon.colcon_core.verb:set package 'uwrt_mars_rover_drivetrain_hw' build argument 'cmake_target_skip_unavailable' from command line to 'False'
[0.565s] Level 5:colcon.colcon_core.verb:set package 'uwrt_mars_rover_drivetrain_hw' build argument 'cmake_clean_cache' from command line to 'False'
[0.566s] Level 5:colcon.colcon_core.verb:set package 'uwrt_mars_rover_drivetrain_hw' build argument 'cmake_clean_first' from command line to 'False'
[0.566s] Level 5:colcon.colcon_core.verb:set package 'uwrt_mars_rover_drivetrain_hw' build argument 'cmake_force_configure' from command line to 'False'
[0.566s] Level 5:colcon.colcon_core.verb:set package 'uwrt_mars_rover_drivetrain_hw' build argument 'ament_cmake_args' from command line to 'None'
[0.566s] Level 5:colcon.colcon_core.verb:set package 'uwrt_mars_rover_drivetrain_hw' build argument 'catkin_cmake_args' from command line to 'None'
[0.566s] Level 5:colcon.colcon_core.verb:set package 'uwrt_mars_rover_drivetrain_hw' build argument 'catkin_skip_building_tests' from command line to 'False'
[0.566s] DEBUG:colcon.colcon_core.verb:Building package 'uwrt_mars_rover_drivetrain_hw' with the following arguments: {'ament_cmake_args': None, 'build_base': '/home/uwrt/xbox_test_ws/src/uwrt_mars_rover/build/uwrt_mars_rover_drivetrain_hw', 'catkin_cmake_args': None, 'catkin_skip_building_tests': False, 'cmake_args': None, 'cmake_clean_cache': False, 'cmake_clean_first': False, 'cmake_force_configure': False, 'cmake_target': None, 'cmake_target_skip_unavailable': False, 'install_base': '/home/uwrt/xbox_test_ws/src/uwrt_mars_rover/install/uwrt_mars_rover_drivetrain_hw', 'merge_install': False, 'path': '/home/uwrt/xbox_test_ws/src/uwrt_mars_rover/uwrt_mars_rover_drivetrain/uwrt_mars_rover_drivetrain_hw', 'symlink_install': False, 'test_result_base': None}
[0.567s] Level 5:colcon.colcon_core.verb:set package 'uwrt_mars_rover_drivetrain' build argument 'cmake_args' from command line to 'None'
[0.567s] Level 5:colcon.colcon_core.verb:set package 'uwrt_mars_rover_drivetrain' build argument 'cmake_target' from command line to 'None'
[0.567s] Level 5:colcon.colcon_core.verb:set package 'uwrt_mars_rover_drivetrain' build argument 'cmake_target_skip_unavailable' from command line to 'False'
[0.567s] Level 5:colcon.colcon_core.verb:set package 'uwrt_mars_rover_drivetrain' build argument 'cmake_clean_cache' from command line to 'False'
[0.567s] Level 5:colcon.colcon_core.verb:set package 'uwrt_mars_rover_drivetrain' build argument 'cmake_clean_first' from command line to 'False'
[0.567s] Level 5:colcon.colcon_core.verb:set package 'uwrt_mars_rover_drivetrain' build argument 'cmake_force_configure' from command line to 'False'
[0.567s] Level 5:colcon.colcon_core.verb:set package 'uwrt_mars_rover_drivetrain' build argument 'ament_cmake_args' from command line to 'None'
[0.567s] Level 5:colcon.colcon_core.verb:set package 'uwrt_mars_rover_drivetrain' build argument 'catkin_cmake_args' from command line to 'None'
[0.567s] Level 5:colcon.colcon_core.verb:set package 'uwrt_mars_rover_drivetrain' build argument 'catkin_skip_building_tests' from command line to 'False'
[0.567s] DEBUG:colcon.colcon_core.verb:Building package 'uwrt_mars_rover_drivetrain' with the following arguments: {'ament_cmake_args': None, 'build_base': '/home/uwrt/xbox_test_ws/src/uwrt_mars_rover/build/uwrt_mars_rover_drivetrain', 'catkin_cmake_args': None, 'catkin_skip_building_tests': False, 'cmake_args': None, 'cmake_clean_cache': False, 'cmake_clean_first': False, 'cmake_force_configure': False, 'cmake_target': None, 'cmake_target_skip_unavailable': False, 'install_base': '/home/uwrt/xbox_test_ws/src/uwrt_mars_rover/install/uwrt_mars_rover_drivetrain', 'merge_install': False, 'path': '/home/uwrt/xbox_test_ws/src/uwrt_mars_rover/uwrt_mars_rover_drivetrain/uwrt_mars_rover_drivetrain', 'symlink_install': False, 'test_result_base': None}
[0.568s] Level 5:colcon.colcon_core.verb:set package 'uwrt_mars_rover' build argument 'cmake_args' from command line to 'None'
[0.568s] Level 5:colcon.colcon_core.verb:set package 'uwrt_mars_rover' build argument 'cmake_target' from command line to 'None'
[0.568s] Level 5:colcon.colcon_core.verb:set package 'uwrt_mars_rover' build argument 'cmake_target_skip_unavailable' from command line to 'False'
[0.568s] Level 5:colcon.colcon_core.verb:set package 'uwrt_mars_rover' build argument 'cmake_clean_cache' from command line to 'False'
[0.568s] Level 5:colcon.colcon_core.verb:set package 'uwrt_mars_rover' build argument 'cmake_clean_first' from command line to 'False'
[0.568s] Level 5:colcon.colcon_core.verb:set package 'uwrt_mars_rover' build argument 'cmake_force_configure' from command line to 'False'
[0.568s] Level 5:colcon.colcon_core.verb:set package 'uwrt_mars_rover' build argument 'ament_cmake_args' from command line to 'None'
[0.568s] Level 5:colcon.colcon_core.verb:set package 'uwrt_mars_rover' build argument 'catkin_cmake_args' from command line to 'None'
[0.568s] Level 5:colcon.colcon_core.verb:set package 'uwrt_mars_rover' build argument 'catkin_skip_building_tests' from command line to 'False'
[0.568s] DEBUG:colcon.colcon_core.verb:Building package 'uwrt_mars_rover' with the following arguments: {'ament_cmake_args': None, 'build_base': '/home/uwrt/xbox_test_ws/src/uwrt_mars_rover/build/uwrt_mars_rover', 'catkin_cmake_args': None, 'catkin_skip_building_tests': False, 'cmake_args': None, 'cmake_clean_cache': False, 'cmake_clean_first': False, 'cmake_force_configure': False, 'cmake_target': None, 'cmake_target_skip_unavailable': False, 'install_base': '/home/uwrt/xbox_test_ws/src/uwrt_mars_rover/install/uwrt_mars_rover', 'merge_install': False, 'path': '/home/uwrt/xbox_test_ws/src/uwrt_mars_rover/uwrt_mars_rover', 'symlink_install': False, 'test_result_base': None}
[0.569s] INFO:colcon.colcon_core.executor:Executing jobs using 'parallel' executor
[0.573s] DEBUG:colcon.colcon_parallel_executor.executor.parallel:run_until_complete
[0.574s] INFO:colcon.colcon_ros.task.ament_cmake.build:Building ROS package in '/home/uwrt/xbox_test_ws/src/uwrt_mars_rover/uwrt_mars_rover_drivetrain/uwrt_mars_rover_drivetrain_description' with build type 'ament_cmake'
[0.574s] INFO:colcon.colcon_cmake.task.cmake.build:Building CMake package in '/home/uwrt/xbox_test_ws/src/uwrt_mars_rover/uwrt_mars_rover_drivetrain/uwrt_mars_rover_drivetrain_description'
[0.579s] INFO:colcon.colcon_core.plugin_system:Skipping extension 'colcon_core.shell.bat': Not used on non-Windows systems
[0.579s] INFO:colcon.colcon_core.shell:Skip shell extension 'powershell' for command environment: Not usable outside of PowerShell
[0.579s] DEBUG:colcon.colcon_core.shell:Skip shell extension 'dsv' for command environment
[0.586s] INFO:colcon.colcon_ros.task.ament_cmake.build:Building ROS package in '/home/uwrt/xbox_test_ws/src/uwrt_mars_rover/uwrt_mars_rover_description' with build type 'ament_cmake'
[0.586s] INFO:colcon.colcon_cmake.task.cmake.build:Building CMake package in '/home/uwrt/xbox_test_ws/src/uwrt_mars_rover/uwrt_mars_rover_description'
[0.589s] INFO:colcon.colcon_core.shell:Skip shell extension 'powershell' for command environment: Not usable outside of PowerShell
[0.589s] DEBUG:colcon.colcon_core.shell:Skip shell extension 'dsv' for command environment
[0.597s] INFO:colcon.colcon_ros.task.ament_cmake.build:Building ROS package in '/home/uwrt/xbox_test_ws/src/uwrt_mars_rover/uwrt_mars_rover_utils/uwrt_mars_rover_xbox_controller' with build type 'ament_cmake'
[0.598s] INFO:colcon.colcon_cmake.task.cmake.build:Building CMake package in '/home/uwrt/xbox_test_ws/src/uwrt_mars_rover/uwrt_mars_rover_utils/uwrt_mars_rover_xbox_controller'
[0.601s] INFO:colcon.colcon_core.shell:Skip shell extension 'powershell' for command environment: Not usable outside of PowerShell
[0.601s] DEBUG:colcon.colcon_core.shell:Skip shell extension 'dsv' for command environment
[0.626s] DEBUG:colcon.colcon_core.event_handler.log_command:Invoking command in '/home/uwrt/xbox_test_ws/src/uwrt_mars_rover/build/uwrt_mars_rover_drivetrain_description': CMAKE_PREFIX_PATH=/opt/ros/galactic /usr/bin/cmake --build /home/uwrt/xbox_test_ws/src/uwrt_mars_rover/build/uwrt_mars_rover_drivetrain_description -- -j4 -l4
[0.633s] DEBUG:colcon.colcon_core.event_handler.log_command:Invoking command in '/home/uwrt/xbox_test_ws/src/uwrt_mars_rover/build/uwrt_mars_rover_description': CMAKE_PREFIX_PATH=/opt/ros/galactic /usr/bin/cmake --build /home/uwrt/xbox_test_ws/src/uwrt_mars_rover/build/uwrt_mars_rover_description -- -j4 -l4
[0.647s] DEBUG:colcon.colcon_core.event_handler.log_command:Invoking command in '/home/uwrt/xbox_test_ws/src/uwrt_mars_rover/build/uwrt_mars_rover_xbox_controller': CMAKE_PREFIX_PATH=/opt/ros/galactic /usr/bin/cmake --build /home/uwrt/xbox_test_ws/src/uwrt_mars_rover/build/uwrt_mars_rover_xbox_controller -- -j4 -l4
[0.726s] DEBUG:colcon.colcon_core.event_handler.log_command:Invoked command in '/home/uwrt/xbox_test_ws/src/uwrt_mars_rover/build/uwrt_mars_rover_drivetrain_description' returned '0': CMAKE_PREFIX_PATH=/opt/ros/galactic /usr/bin/cmake --build /home/uwrt/xbox_test_ws/src/uwrt_mars_rover/build/uwrt_mars_rover_drivetrain_description -- -j4 -l4
[0.743s] DEBUG:colcon.colcon_core.event_handler.log_command:Invoked command in '/home/uwrt/xbox_test_ws/src/uwrt_mars_rover/build/uwrt_mars_rover_description' returned '0': CMAKE_PREFIX_PATH=/opt/ros/galactic /usr/bin/cmake --build /home/uwrt/xbox_test_ws/src/uwrt_mars_rover/build/uwrt_mars_rover_description -- -j4 -l4
[0.810s] DEBUG:colcon.colcon_core.event_handler.log_command:Invoking command in '/home/uwrt/xbox_test_ws/src/uwrt_mars_rover/build/uwrt_mars_rover_drivetrain_description': CMAKE_PREFIX_PATH=/opt/ros/galactic /usr/bin/cmake --install /home/uwrt/xbox_test_ws/src/uwrt_mars_rover/build/uwrt_mars_rover_drivetrain_description
[0.831s] DEBUG:colcon.colcon_core.event_handler.log_command:Invoking command in '/home/uwrt/xbox_test_ws/src/uwrt_mars_rover/build/uwrt_mars_rover_description': CMAKE_PREFIX_PATH=/opt/ros/galactic /usr/bin/cmake --install /home/uwrt/xbox_test_ws/src/uwrt_mars_rover/build/uwrt_mars_rover_description
[0.844s] Level 1:colcon.colcon_core.environment:create_environment_scripts_only(uwrt_mars_rover_drivetrain_description)
[0.848s] DEBUG:colcon.colcon_core.event_handler.log_command:Invoked command in '/home/uwrt/xbox_test_ws/src/uwrt_mars_rover/build/uwrt_mars_rover_drivetrain_description' returned '0': CMAKE_PREFIX_PATH=/opt/ros/galactic /usr/bin/cmake --install /home/uwrt/xbox_test_ws/src/uwrt_mars_rover/build/uwrt_mars_rover_drivetrain_description
[0.862s] Level 1:colcon.colcon_core.environment:checking '/home/uwrt/xbox_test_ws/src/uwrt_mars_rover/install/uwrt_mars_rover_drivetrain_description' for CMake module files
[0.863s] Level 1:colcon.colcon_core.environment:checking '/home/uwrt/xbox_test_ws/src/uwrt_mars_rover/install/uwrt_mars_rover_drivetrain_description' for CMake config files
[0.864s] Level 1:colcon.colcon_core.shell:create_environment_hook('uwrt_mars_rover_drivetrain_description', 'cmake_prefix_path')
[0.867s] INFO:colcon.colcon_core.shell:Creating environment hook '/home/uwrt/xbox_test_ws/src/uwrt_mars_rover/install/uwrt_mars_rover_drivetrain_description/share/uwrt_mars_rover_drivetrain_description/hook/cmake_prefix_path.ps1'
[0.869s] INFO:colcon.colcon_core.shell:Creating environment descriptor '/home/uwrt/xbox_test_ws/src/uwrt_mars_rover/install/uwrt_mars_rover_drivetrain_description/share/uwrt_mars_rover_drivetrain_description/hook/cmake_prefix_path.dsv'
[0.870s] INFO:colcon.colcon_core.shell:Creating environment hook '/home/uwrt/xbox_test_ws/src/uwrt_mars_rover/install/uwrt_mars_rover_drivetrain_description/share/uwrt_mars_rover_drivetrain_description/hook/cmake_prefix_path.sh'
[0.874s] Level 1:colcon.colcon_core.environment:checking '/home/uwrt/xbox_test_ws/src/uwrt_mars_rover/install/uwrt_mars_rover_drivetrain_description/bin'
[0.874s] Level 1:colcon.colcon_core.environment:checking '/home/uwrt/xbox_test_ws/src/uwrt_mars_rover/install/uwrt_mars_rover_drivetrain_description/lib/pkgconfig/uwrt_mars_rover_drivetrain_description.pc'
[0.875s] Level 1:colcon.colcon_core.environment:checking '/home/uwrt/xbox_test_ws/src/uwrt_mars_rover/install/uwrt_mars_rover_drivetrain_description/lib/python3.8/site-packages'
[0.875s] Level 1:colcon.colcon_core.environment:checking '/home/uwrt/xbox_test_ws/src/uwrt_mars_rover/install/uwrt_mars_rover_drivetrain_description/bin'
[0.878s] INFO:colcon.colcon_core.shell:Creating package script '/home/uwrt/xbox_test_ws/src/uwrt_mars_rover/install/uwrt_mars_rover_drivetrain_description/share/uwrt_mars_rover_drivetrain_description/package.ps1'
[0.880s] INFO:colcon.colcon_core.shell:Creating package descriptor '/home/uwrt/xbox_test_ws/src/uwrt_mars_rover/install/uwrt_mars_rover_drivetrain_description/share/uwrt_mars_rover_drivetrain_description/package.dsv'
[0.882s] INFO:colcon.colcon_core.shell:Creating package script '/home/uwrt/xbox_test_ws/src/uwrt_mars_rover/install/uwrt_mars_rover_drivetrain_description/share/uwrt_mars_rover_drivetrain_description/package.sh'
[0.883s] INFO:colcon.colcon_core.shell:Creating package script '/home/uwrt/xbox_test_ws/src/uwrt_mars_rover/install/uwrt_mars_rover_drivetrain_description/share/uwrt_mars_rover_drivetrain_description/package.bash'
[0.885s] INFO:colcon.colcon_core.shell:Creating package script '/home/uwrt/xbox_test_ws/src/uwrt_mars_rover/install/uwrt_mars_rover_drivetrain_description/share/uwrt_mars_rover_drivetrain_description/package.zsh'
[0.887s] Level 1:colcon.colcon_core.environment:create_file_with_runtime_dependencies(/home/uwrt/xbox_test_ws/src/uwrt_mars_rover/install/uwrt_mars_rover_drivetrain_description/share/colcon-core/packages/uwrt_mars_rover_drivetrain_description)
[0.899s] Level 1:colcon.colcon_core.environment:create_environment_scripts_only(uwrt_mars_rover_description)
[0.904s] Level 1:colcon.colcon_core.environment:checking '/home/uwrt/xbox_test_ws/src/uwrt_mars_rover/install/uwrt_mars_rover_description' for CMake module files
[0.905s] DEBUG:colcon.colcon_core.event_handler.log_command:Invoked command in '/home/uwrt/xbox_test_ws/src/uwrt_mars_rover/build/uwrt_mars_rover_description' returned '0': CMAKE_PREFIX_PATH=/opt/ros/galactic /usr/bin/cmake --install /home/uwrt/xbox_test_ws/src/uwrt_mars_rover/build/uwrt_mars_rover_description
[0.906s] Level 1:colcon.colcon_core.environment:checking '/home/uwrt/xbox_test_ws/src/uwrt_mars_rover/install/uwrt_mars_rover_description' for CMake config files
[0.907s] Level 1:colcon.colcon_core.shell:create_environment_hook('uwrt_mars_rover_description', 'cmake_prefix_path')
[0.909s] INFO:colcon.colcon_core.shell:Creating environment hook '/home/uwrt/xbox_test_ws/src/uwrt_mars_rover/install/uwrt_mars_rover_description/share/uwrt_mars_rover_description/hook/cmake_prefix_path.ps1'
[0.910s] INFO:colcon.colcon_core.shell:Creating environment descriptor '/home/uwrt/xbox_test_ws/src/uwrt_mars_rover/install/uwrt_mars_rover_description/share/uwrt_mars_rover_description/hook/cmake_prefix_path.dsv'
[0.911s] INFO:colcon.colcon_core.shell:Creating environment hook '/home/uwrt/xbox_test_ws/src/uwrt_mars_rover/install/uwrt_mars_rover_description/share/uwrt_mars_rover_description/hook/cmake_prefix_path.sh'
[0.912s] Level 1:colcon.colcon_core.environment:checking '/home/uwrt/xbox_test_ws/src/uwrt_mars_rover/install/uwrt_mars_rover_description/bin'
[0.912s] Level 1:colcon.colcon_core.environment:checking '/home/uwrt/xbox_test_ws/src/uwrt_mars_rover/install/uwrt_mars_rover_description/lib/pkgconfig/uwrt_mars_rover_description.pc'
[0.913s] Level 1:colcon.colcon_core.environment:checking '/home/uwrt/xbox_test_ws/src/uwrt_mars_rover/install/uwrt_mars_rover_description/lib/python3.8/site-packages'
[0.913s] Level 1:colcon.colcon_core.environment:checking '/home/uwrt/xbox_test_ws/src/uwrt_mars_rover/install/uwrt_mars_rover_description/bin'
[0.917s] INFO:colcon.colcon_core.shell:Creating package script '/home/uwrt/xbox_test_ws/src/uwrt_mars_rover/install/uwrt_mars_rover_description/share/uwrt_mars_rover_description/package.ps1'
[0.918s] INFO:colcon.colcon_core.shell:Creating package descriptor '/home/uwrt/xbox_test_ws/src/uwrt_mars_rover/install/uwrt_mars_rover_description/share/uwrt_mars_rover_description/package.dsv'
[0.919s] INFO:colcon.colcon_core.shell:Creating package script '/home/uwrt/xbox_test_ws/src/uwrt_mars_rover/install/uwrt_mars_rover_description/share/uwrt_mars_rover_description/package.sh'
[0.919s] INFO:colcon.colcon_core.shell:Creating package script '/home/uwrt/xbox_test_ws/src/uwrt_mars_rover/install/uwrt_mars_rover_description/share/uwrt_mars_rover_description/package.bash'
[0.920s] INFO:colcon.colcon_core.shell:Creating package script '/home/uwrt/xbox_test_ws/src/uwrt_mars_rover/install/uwrt_mars_rover_description/share/uwrt_mars_rover_description/package.zsh'
[0.920s] Level 1:colcon.colcon_core.environment:create_file_with_runtime_dependencies(/home/uwrt/xbox_test_ws/src/uwrt_mars_rover/install/uwrt_mars_rover_description/share/colcon-core/packages/uwrt_mars_rover_description)
[0.938s] Level 1:colcon.colcon_core.environment:create_environment_scripts_only(uwrt_mars_rover_drivetrain_description)
[0.943s] Level 1:colcon.colcon_core.environment:checking '/home/uwrt/xbox_test_ws/src/uwrt_mars_rover/install/uwrt_mars_rover_drivetrain_description' for CMake module files
[0.945s] Level 1:colcon.colcon_core.environment:checking '/home/uwrt/xbox_test_ws/src/uwrt_mars_rover/install/uwrt_mars_rover_drivetrain_description' for CMake config files
[0.946s] Level 1:colcon.colcon_core.shell:create_environment_hook('uwrt_mars_rover_drivetrain_description', 'cmake_prefix_path')
[0.951s] INFO:colcon.colcon_core.shell:Creating environment hook '/home/uwrt/xbox_test_ws/src/uwrt_mars_rover/install/uwrt_mars_rover_drivetrain_description/share/uwrt_mars_rover_drivetrain_description/hook/cmake_prefix_path.ps1'
[0.952s] INFO:colcon.colcon_core.shell:Creating environment descriptor '/home/uwrt/xbox_test_ws/src/uwrt_mars_rover/install/uwrt_mars_rover_drivetrain_description/share/uwrt_mars_rover_drivetrain_description/hook/cmake_prefix_path.dsv'
[0.953s] INFO:colcon.colcon_core.shell:Creating environment hook '/home/uwrt/xbox_test_ws/src/uwrt_mars_rover/install/uwrt_mars_rover_drivetrain_description/share/uwrt_mars_rover_drivetrain_description/hook/cmake_prefix_path.sh'
[0.955s] Level 1:colcon.colcon_core.environment:checking '/home/uwrt/xbox_test_ws/src/uwrt_mars_rover/install/uwrt_mars_rover_drivetrain_description/bin'
[0.955s] Level 1:colcon.colcon_core.environment:checking '/home/uwrt/xbox_test_ws/src/uwrt_mars_rover/install/uwrt_mars_rover_drivetrain_description/lib/pkgconfig/uwrt_mars_rover_drivetrain_description.pc'
[0.955s] Level 1:colcon.colcon_core.environment:checking '/home/uwrt/xbox_test_ws/src/uwrt_mars_rover/install/uwrt_mars_rover_drivetrain_description/lib/python3.8/site-packages'
[0.956s] Level 1:colcon.colcon_core.environment:checking '/home/uwrt/xbox_test_ws/src/uwrt_mars_rover/install/uwrt_mars_rover_drivetrain_description/bin'
[0.960s] INFO:colcon.colcon_core.shell:Creating package script '/home/uwrt/xbox_test_ws/src/uwrt_mars_rover/install/uwrt_mars_rover_drivetrain_description/share/uwrt_mars_rover_drivetrain_description/package.ps1'
[0.962s] INFO:colcon.colcon_core.shell:Creating package descriptor '/home/uwrt/xbox_test_ws/src/uwrt_mars_rover/install/uwrt_mars_rover_drivetrain_description/share/uwrt_mars_rover_drivetrain_description/package.dsv'
[0.963s] INFO:colcon.colcon_core.shell:Creating package script '/home/uwrt/xbox_test_ws/src/uwrt_mars_rover/install/uwrt_mars_rover_drivetrain_description/share/uwrt_mars_rover_drivetrain_description/package.sh'
[0.964s] INFO:colcon.colcon_core.shell:Creating package script '/home/uwrt/xbox_test_ws/src/uwrt_mars_rover/install/uwrt_mars_rover_drivetrain_description/share/uwrt_mars_rover_drivetrain_description/package.bash'
[0.965s] INFO:colcon.colcon_core.shell:Creating package script '/home/uwrt/xbox_test_ws/src/uwrt_mars_rover/install/uwrt_mars_rover_drivetrain_description/share/uwrt_mars_rover_drivetrain_description/package.zsh'
[0.966s] Level 1:colcon.colcon_core.environment:create_file_with_runtime_dependencies(/home/uwrt/xbox_test_ws/src/uwrt_mars_rover/install/uwrt_mars_rover_drivetrain_description/share/colcon-core/packages/uwrt_mars_rover_drivetrain_description)
[0.969s] INFO:colcon.colcon_ros.task.ament_cmake.build:Building ROS package in '/home/uwrt/xbox_test_ws/src/uwrt_mars_rover/uwrt_mars_rover_drivetrain/uwrt_mars_rover_drivetrain_hw' with build type 'ament_cmake'
[0.970s] INFO:colcon.colcon_cmake.task.cmake.build:Building CMake package in '/home/uwrt/xbox_test_ws/src/uwrt_mars_rover/uwrt_mars_rover_drivetrain/uwrt_mars_rover_drivetrain_hw'
[0.974s] INFO:colcon.colcon_core.shell:Skip shell extension 'powershell' for command environment: Not usable outside of PowerShell
[0.975s] DEBUG:colcon.colcon_core.shell:Skip shell extension 'dsv' for command environment
[0.997s] Level 1:colcon.colcon_core.environment:create_environment_scripts_only(uwrt_mars_rover_description)
[1.003s] Level 1:colcon.colcon_core.environment:checking '/home/uwrt/xbox_test_ws/src/uwrt_mars_rover/install/uwrt_mars_rover_description' for CMake module files
[1.004s] Level 1:colcon.colcon_core.environment:checking '/home/uwrt/xbox_test_ws/src/uwrt_mars_rover/install/uwrt_mars_rover_description' for CMake config files
[1.004s] Level 1:colcon.colcon_core.shell:create_environment_hook('uwrt_mars_rover_description', 'cmake_prefix_path')
[1.007s] INFO:colcon.colcon_core.shell:Creating environment hook '/home/uwrt/xbox_test_ws/src/uwrt_mars_rover/install/uwrt_mars_rover_description/share/uwrt_mars_rover_description/hook/cmake_prefix_path.ps1'
[1.011s] INFO:colcon.colcon_core.shell:Creating environment descriptor '/home/uwrt/xbox_test_ws/src/uwrt_mars_rover/install/uwrt_mars_rover_description/share/uwrt_mars_rover_description/hook/cmake_prefix_path.dsv'
[1.012s] INFO:colcon.colcon_core.shell:Creating environment hook '/home/uwrt/xbox_test_ws/src/uwrt_mars_rover/install/uwrt_mars_rover_description/share/uwrt_mars_rover_description/hook/cmake_prefix_path.sh'
[1.013s] Level 1:colcon.colcon_core.environment:checking '/home/uwrt/xbox_test_ws/src/uwrt_mars_rover/install/uwrt_mars_rover_description/bin'
[1.013s] Level 1:colcon.colcon_core.environment:checking '/home/uwrt/xbox_test_ws/src/uwrt_mars_rover/install/uwrt_mars_rover_description/lib/pkgconfig/uwrt_mars_rover_description.pc'
[1.017s] Level 1:colcon.colcon_core.environment:checking '/home/uwrt/xbox_test_ws/src/uwrt_mars_rover/install/uwrt_mars_rover_description/lib/python3.8/site-packages'
[1.017s] Level 1:colcon.colcon_core.environment:checking '/home/uwrt/xbox_test_ws/src/uwrt_mars_rover/install/uwrt_mars_rover_description/bin'
[1.021s] INFO:colcon.colcon_core.shell:Creating package script '/home/uwrt/xbox_test_ws/src/uwrt_mars_rover/install/uwrt_mars_rover_description/share/uwrt_mars_rover_description/package.ps1'
[1.022s] INFO:colcon.colcon_core.shell:Creating package descriptor '/home/uwrt/xbox_test_ws/src/uwrt_mars_rover/install/uwrt_mars_rover_description/share/uwrt_mars_rover_description/package.dsv'
[1.023s] INFO:colcon.colcon_core.shell:Creating package script '/home/uwrt/xbox_test_ws/src/uwrt_mars_rover/install/uwrt_mars_rover_description/share/uwrt_mars_rover_description/package.sh'
[1.024s] INFO:colcon.colcon_core.shell:Creating package script '/home/uwrt/xbox_test_ws/src/uwrt_mars_rover/install/uwrt_mars_rover_description/share/uwrt_mars_rover_description/package.bash'
[1.025s] INFO:colcon.colcon_core.shell:Creating package script '/home/uwrt/xbox_test_ws/src/uwrt_mars_rover/install/uwrt_mars_rover_description/share/uwrt_mars_rover_description/package.zsh'
[1.026s] Level 1:colcon.colcon_core.environment:create_file_with_runtime_dependencies(/home/uwrt/xbox_test_ws/src/uwrt_mars_rover/install/uwrt_mars_rover_description/share/colcon-core/packages/uwrt_mars_rover_description)
[1.056s] DEBUG:colcon.colcon_core.event_handler.log_command:Invoking command in '/home/uwrt/xbox_test_ws/src/uwrt_mars_rover/build/uwrt_mars_rover_drivetrain_hw': AMENT_PREFIX_PATH=/home/uwrt/xbox_test_ws/src/uwrt_mars_rover/install/uwrt_mars_rover_drivetrain_description:${AMENT_PREFIX_PATH} CMAKE_PREFIX_PATH=/home/uwrt/xbox_test_ws/src/uwrt_mars_rover/install/uwrt_mars_rover_drivetrain_description:/opt/ros/galactic /usr/bin/cmake --build /home/uwrt/xbox_test_ws/src/uwrt_mars_rover/build/uwrt_mars_rover_drivetrain_hw -- -j4 -l4
[1.279s] DEBUG:colcon.colcon_core.event_handler.log_command:Invoked command in '/home/uwrt/xbox_test_ws/src/uwrt_mars_rover/build/uwrt_mars_rover_drivetrain_hw' returned '0': AMENT_PREFIX_PATH=/home/uwrt/xbox_test_ws/src/uwrt_mars_rover/install/uwrt_mars_rover_drivetrain_description:${AMENT_PREFIX_PATH} CMAKE_PREFIX_PATH=/home/uwrt/xbox_test_ws/src/uwrt_mars_rover/install/uwrt_mars_rover_drivetrain_description:/opt/ros/galactic /usr/bin/cmake --build /home/uwrt/xbox_test_ws/src/uwrt_mars_rover/build/uwrt_mars_rover_drivetrain_hw -- -j4 -l4
[1.333s] DEBUG:colcon.colcon_core.event_handler.log_command:Invoking command in '/home/uwrt/xbox_test_ws/src/uwrt_mars_rover/build/uwrt_mars_rover_drivetrain_hw': AMENT_PREFIX_PATH=/home/uwrt/xbox_test_ws/src/uwrt_mars_rover/install/uwrt_mars_rover_drivetrain_description:${AMENT_PREFIX_PATH} CMAKE_PREFIX_PATH=/home/uwrt/xbox_test_ws/src/uwrt_mars_rover/install/uwrt_mars_rover_drivetrain_description:/opt/ros/galactic /usr/bin/cmake --install /home/uwrt/xbox_test_ws/src/uwrt_mars_rover/build/uwrt_mars_rover_drivetrain_hw
[1.354s] Level 1:colcon.colcon_core.environment:create_environment_scripts_only(uwrt_mars_rover_drivetrain_hw)
[1.359s] Level 1:colcon.colcon_core.environment:checking '/home/uwrt/xbox_test_ws/src/uwrt_mars_rover/install/uwrt_mars_rover_drivetrain_hw' for CMake module files
[1.360s] DEBUG:colcon.colcon_core.event_handler.log_command:Invoked command in '/home/uwrt/xbox_test_ws/src/uwrt_mars_rover/build/uwrt_mars_rover_drivetrain_hw' returned '0': AMENT_PREFIX_PATH=/home/uwrt/xbox_test_ws/src/uwrt_mars_rover/install/uwrt_mars_rover_drivetrain_description:${AMENT_PREFIX_PATH} CMAKE_PREFIX_PATH=/home/uwrt/xbox_test_ws/src/uwrt_mars_rover/install/uwrt_mars_rover_drivetrain_description:/opt/ros/galactic /usr/bin/cmake --install /home/uwrt/xbox_test_ws/src/uwrt_mars_rover/build/uwrt_mars_rover_drivetrain_hw
[1.360s] Level 1:colcon.colcon_core.environment:checking '/home/uwrt/xbox_test_ws/src/uwrt_mars_rover/install/uwrt_mars_rover_drivetrain_hw' for CMake config files
[1.361s] Level 1:colcon.colcon_core.shell:create_environment_hook('uwrt_mars_rover_drivetrain_hw', 'cmake_prefix_path')
[1.363s] INFO:colcon.colcon_core.shell:Creating environment hook '/home/uwrt/xbox_test_ws/src/uwrt_mars_rover/install/uwrt_mars_rover_drivetrain_hw/share/uwrt_mars_rover_drivetrain_hw/hook/cmake_prefix_path.ps1'
[1.364s] INFO:colcon.colcon_core.shell:Creating environment descriptor '/home/uwrt/xbox_test_ws/src/uwrt_mars_rover/install/uwrt_mars_rover_drivetrain_hw/share/uwrt_mars_rover_drivetrain_hw/hook/cmake_prefix_path.dsv'
[1.364s] INFO:colcon.colcon_core.shell:Creating environment hook '/home/uwrt/xbox_test_ws/src/uwrt_mars_rover/install/uwrt_mars_rover_drivetrain_hw/share/uwrt_mars_rover_drivetrain_hw/hook/cmake_prefix_path.sh'
[1.366s] Level 1:colcon.colcon_core.environment:checking '/home/uwrt/xbox_test_ws/src/uwrt_mars_rover/install/uwrt_mars_rover_drivetrain_hw/lib'
[1.366s] Level 1:colcon.colcon_core.shell:create_environment_hook('uwrt_mars_rover_drivetrain_hw', 'ld_library_path_lib')
[1.368s] INFO:colcon.colcon_core.shell:Creating environment hook '/home/uwrt/xbox_test_ws/src/uwrt_mars_rover/install/uwrt_mars_rover_drivetrain_hw/share/uwrt_mars_rover_drivetrain_hw/hook/ld_library_path_lib.ps1'
[1.369s] INFO:colcon.colcon_core.shell:Creating environment descriptor '/home/uwrt/xbox_test_ws/src/uwrt_mars_rover/install/uwrt_mars_rover_drivetrain_hw/share/uwrt_mars_rover_drivetrain_hw/hook/ld_library_path_lib.dsv'
[1.369s] INFO:colcon.colcon_core.shell:Creating environment hook '/home/uwrt/xbox_test_ws/src/uwrt_mars_rover/install/uwrt_mars_rover_drivetrain_hw/share/uwrt_mars_rover_drivetrain_hw/hook/ld_library_path_lib.sh'
[1.370s] Level 1:colcon.colcon_core.environment:checking '/home/uwrt/xbox_test_ws/src/uwrt_mars_rover/install/uwrt_mars_rover_drivetrain_hw/bin'
[1.370s] Level 1:colcon.colcon_core.environment:checking '/home/uwrt/xbox_test_ws/src/uwrt_mars_rover/install/uwrt_mars_rover_drivetrain_hw/lib/pkgconfig/uwrt_mars_rover_drivetrain_hw.pc'
[1.371s] Level 1:colcon.colcon_core.environment:checking '/home/uwrt/xbox_test_ws/src/uwrt_mars_rover/install/uwrt_mars_rover_drivetrain_hw/lib/python3.8/site-packages'
[1.371s] Level 1:colcon.colcon_core.environment:checking '/home/uwrt/xbox_test_ws/src/uwrt_mars_rover/install/uwrt_mars_rover_drivetrain_hw/bin'
[1.373s] INFO:colcon.colcon_core.shell:Creating package script '/home/uwrt/xbox_test_ws/src/uwrt_mars_rover/install/uwrt_mars_rover_drivetrain_hw/share/uwrt_mars_rover_drivetrain_hw/package.ps1'
[1.374s] INFO:colcon.colcon_core.shell:Creating package descriptor '/home/uwrt/xbox_test_ws/src/uwrt_mars_rover/install/uwrt_mars_rover_drivetrain_hw/share/uwrt_mars_rover_drivetrain_hw/package.dsv'
[1.375s] INFO:colcon.colcon_core.shell:Creating package script '/home/uwrt/xbox_test_ws/src/uwrt_mars_rover/install/uwrt_mars_rover_drivetrain_hw/share/uwrt_mars_rover_drivetrain_hw/package.sh'
[1.375s] INFO:colcon.colcon_core.shell:Creating package script '/home/uwrt/xbox_test_ws/src/uwrt_mars_rover/install/uwrt_mars_rover_drivetrain_hw/share/uwrt_mars_rover_drivetrain_hw/package.bash'
[1.376s] INFO:colcon.colcon_core.shell:Creating package script '/home/uwrt/xbox_test_ws/src/uwrt_mars_rover/install/uwrt_mars_rover_drivetrain_hw/share/uwrt_mars_rover_drivetrain_hw/package.zsh'
[1.376s] Level 1:colcon.colcon_core.environment:create_file_with_runtime_dependencies(/home/uwrt/xbox_test_ws/src/uwrt_mars_rover/install/uwrt_mars_rover_drivetrain_hw/share/colcon-core/packages/uwrt_mars_rover_drivetrain_hw)
[1.416s] Level 1:colcon.colcon_core.environment:create_environment_scripts_only(uwrt_mars_rover_drivetrain_hw)
[1.419s] Level 1:colcon.colcon_core.environment:checking '/home/uwrt/xbox_test_ws/src/uwrt_mars_rover/install/uwrt_mars_rover_drivetrain_hw' for CMake module files
[1.419s] Level 1:colcon.colcon_core.environment:checking '/home/uwrt/xbox_test_ws/src/uwrt_mars_rover/install/uwrt_mars_rover_drivetrain_hw' for CMake config files
[1.420s] Level 1:colcon.colcon_core.shell:create_environment_hook('uwrt_mars_rover_drivetrain_hw', 'cmake_prefix_path')
[1.422s] INFO:colcon.colcon_core.shell:Creating environment hook '/home/uwrt/xbox_test_ws/src/uwrt_mars_rover/install/uwrt_mars_rover_drivetrain_hw/share/uwrt_mars_rover_drivetrain_hw/hook/cmake_prefix_path.ps1'
[1.423s] INFO:colcon.colcon_core.shell:Creating environment descriptor '/home/uwrt/xbox_test_ws/src/uwrt_mars_rover/install/uwrt_mars_rover_drivetrain_hw/share/uwrt_mars_rover_drivetrain_hw/hook/cmake_prefix_path.dsv'
[1.423s] INFO:colcon.colcon_core.shell:Creating environment hook '/home/uwrt/xbox_test_ws/src/uwrt_mars_rover/install/uwrt_mars_rover_drivetrain_hw/share/uwrt_mars_rover_drivetrain_hw/hook/cmake_prefix_path.sh'
[1.424s] Level 1:colcon.colcon_core.environment:checking '/home/uwrt/xbox_test_ws/src/uwrt_mars_rover/install/uwrt_mars_rover_drivetrain_hw/lib'
[1.424s] Level 1:colcon.colcon_core.shell:create_environment_hook('uwrt_mars_rover_drivetrain_hw', 'ld_library_path_lib')
[1.426s] INFO:colcon.colcon_core.shell:Creating environment hook '/home/uwrt/xbox_test_ws/src/uwrt_mars_rover/install/uwrt_mars_rover_drivetrain_hw/share/uwrt_mars_rover_drivetrain_hw/hook/ld_library_path_lib.ps1'
[1.427s] INFO:colcon.colcon_core.shell:Creating environment descriptor '/home/uwrt/xbox_test_ws/src/uwrt_mars_rover/install/uwrt_mars_rover_drivetrain_hw/share/uwrt_mars_rover_drivetrain_hw/hook/ld_library_path_lib.dsv'
[1.427s] INFO:colcon.colcon_core.shell:Creating environment hook '/home/uwrt/xbox_test_ws/src/uwrt_mars_rover/install/uwrt_mars_rover_drivetrain_hw/share/uwrt_mars_rover_drivetrain_hw/hook/ld_library_path_lib.sh'
[1.428s] Level 1:colcon.colcon_core.environment:checking '/home/uwrt/xbox_test_ws/src/uwrt_mars_rover/install/uwrt_mars_rover_drivetrain_hw/bin'
[1.428s] Level 1:colcon.colcon_core.environment:checking '/home/uwrt/xbox_test_ws/src/uwrt_mars_rover/install/uwrt_mars_rover_drivetrain_hw/lib/pkgconfig/uwrt_mars_rover_drivetrain_hw.pc'
[1.429s] Level 1:colcon.colcon_core.environment:checking '/home/uwrt/xbox_test_ws/src/uwrt_mars_rover/install/uwrt_mars_rover_drivetrain_hw/lib/python3.8/site-packages'
[1.429s] Level 1:colcon.colcon_core.environment:checking '/home/uwrt/xbox_test_ws/src/uwrt_mars_rover/install/uwrt_mars_rover_drivetrain_hw/bin'
[1.431s] INFO:colcon.colcon_core.shell:Creating package script '/home/uwrt/xbox_test_ws/src/uwrt_mars_rover/install/uwrt_mars_rover_drivetrain_hw/share/uwrt_mars_rover_drivetrain_hw/package.ps1'
[1.432s] INFO:colcon.colcon_core.shell:Creating package descriptor '/home/uwrt/xbox_test_ws/src/uwrt_mars_rover/install/uwrt_mars_rover_drivetrain_hw/share/uwrt_mars_rover_drivetrain_hw/package.dsv'
[1.433s] INFO:colcon.colcon_core.shell:Creating package script '/home/uwrt/xbox_test_ws/src/uwrt_mars_rover/install/uwrt_mars_rover_drivetrain_hw/share/uwrt_mars_rover_drivetrain_hw/package.sh'
[1.433s] INFO:colcon.colcon_core.shell:Creating package script '/home/uwrt/xbox_test_ws/src/uwrt_mars_rover/install/uwrt_mars_rover_drivetrain_hw/share/uwrt_mars_rover_drivetrain_hw/package.bash'
[1.434s] INFO:colcon.colcon_core.shell:Creating package script '/home/uwrt/xbox_test_ws/src/uwrt_mars_rover/install/uwrt_mars_rover_drivetrain_hw/share/uwrt_mars_rover_drivetrain_hw/package.zsh'
[1.434s] Level 1:colcon.colcon_core.environment:create_file_with_runtime_dependencies(/home/uwrt/xbox_test_ws/src/uwrt_mars_rover/install/uwrt_mars_rover_drivetrain_hw/share/colcon-core/packages/uwrt_mars_rover_drivetrain_hw)
[1.435s] INFO:colcon.colcon_ros.task.ament_cmake.build:Building ROS package in '/home/uwrt/xbox_test_ws/src/uwrt_mars_rover/uwrt_mars_rover_drivetrain/uwrt_mars_rover_drivetrain' with build type 'ament_cmake'
[1.435s] INFO:colcon.colcon_cmake.task.cmake.build:Building CMake package in '/home/uwrt/xbox_test_ws/src/uwrt_mars_rover/uwrt_mars_rover_drivetrain/uwrt_mars_rover_drivetrain'
[1.438s] INFO:colcon.colcon_core.shell:Skip shell extension 'powershell' for command environment: Not usable outside of PowerShell
[1.439s] DEBUG:colcon.colcon_core.shell:Skip shell extension 'dsv' for command environment
[1.469s] DEBUG:colcon.colcon_core.event_handler.log_command:Invoking command in '/home/uwrt/xbox_test_ws/src/uwrt_mars_rover/build/uwrt_mars_rover_drivetrain': AMENT_PREFIX_PATH=/home/uwrt/xbox_test_ws/src/uwrt_mars_rover/install/uwrt_mars_rover_drivetrain_hw:/home/uwrt/xbox_test_ws/src/uwrt_mars_rover/install/uwrt_mars_rover_drivetrain_description:${AMENT_PREFIX_PATH} CMAKE_PREFIX_PATH=/home/uwrt/xbox_test_ws/src/uwrt_mars_rover/install/uwrt_mars_rover_drivetrain_hw:/home/uwrt/xbox_test_ws/src/uwrt_mars_rover/install/uwrt_mars_rover_drivetrain_description:/opt/ros/galactic LD_LIBRARY_PATH=/home/uwrt/xbox_test_ws/src/uwrt_mars_rover/install/uwrt_mars_rover_drivetrain_hw/lib:${LD_LIBRARY_PATH} /usr/bin/cmake --build /home/uwrt/xbox_test_ws/src/uwrt_mars_rover/build/uwrt_mars_rover_drivetrain -- -j4 -l4
[1.525s] DEBUG:colcon.colcon_core.event_handler.log_command:Invoked command in '/home/uwrt/xbox_test_ws/src/uwrt_mars_rover/build/uwrt_mars_rover_drivetrain' returned '0': AMENT_PREFIX_PATH=/home/uwrt/xbox_test_ws/src/uwrt_mars_rover/install/uwrt_mars_rover_drivetrain_hw:/home/uwrt/xbox_test_ws/src/uwrt_mars_rover/install/uwrt_mars_rover_drivetrain_description:${AMENT_PREFIX_PATH} CMAKE_PREFIX_PATH=/home/uwrt/xbox_test_ws/src/uwrt_mars_rover/install/uwrt_mars_rover_drivetrain_hw:/home/uwrt/xbox_test_ws/src/uwrt_mars_rover/install/uwrt_mars_rover_drivetrain_description:/opt/ros/galactic LD_LIBRARY_PATH=/home/uwrt/xbox_test_ws/src/uwrt_mars_rover/install/uwrt_mars_rover_drivetrain_hw/lib:${LD_LIBRARY_PATH} /usr/bin/cmake --build /home/uwrt/xbox_test_ws/src/uwrt_mars_rover/build/uwrt_mars_rover_drivetrain -- -j4 -l4
[1.559s] DEBUG:colcon.colcon_core.event_handler.log_command:Invoking command in '/home/uwrt/xbox_test_ws/src/uwrt_mars_rover/build/uwrt_mars_rover_drivetrain': AMENT_PREFIX_PATH=/home/uwrt/xbox_test_ws/src/uwrt_mars_rover/install/uwrt_mars_rover_drivetrain_hw:/home/uwrt/xbox_test_ws/src/uwrt_mars_rover/install/uwrt_mars_rover_drivetrain_description:${AMENT_PREFIX_PATH} CMAKE_PREFIX_PATH=/home/uwrt/xbox_test_ws/src/uwrt_mars_rover/install/uwrt_mars_rover_drivetrain_hw:/home/uwrt/xbox_test_ws/src/uwrt_mars_rover/install/uwrt_mars_rover_drivetrain_description:/opt/ros/galactic LD_LIBRARY_PATH=/home/uwrt/xbox_test_ws/src/uwrt_mars_rover/install/uwrt_mars_rover_drivetrain_hw/lib:${LD_LIBRARY_PATH} /usr/bin/cmake --install /home/uwrt/xbox_test_ws/src/uwrt_mars_rover/build/uwrt_mars_rover_drivetrain
[1.577s] Level 1:colcon.colcon_core.environment:create_environment_scripts_only(uwrt_mars_rover_drivetrain)
[1.580s] Level 1:colcon.colcon_core.environment:checking '/home/uwrt/xbox_test_ws/src/uwrt_mars_rover/install/uwrt_mars_rover_drivetrain' for CMake module files
[1.581s] DEBUG:colcon.colcon_core.event_handler.log_command:Invoked command in '/home/uwrt/xbox_test_ws/src/uwrt_mars_rover/build/uwrt_mars_rover_drivetrain' returned '0': AMENT_PREFIX_PATH=/home/uwrt/xbox_test_ws/src/uwrt_mars_rover/install/uwrt_mars_rover_drivetrain_hw:/home/uwrt/xbox_test_ws/src/uwrt_mars_rover/install/uwrt_mars_rover_drivetrain_description:${AMENT_PREFIX_PATH} CMAKE_PREFIX_PATH=/home/uwrt/xbox_test_ws/src/uwrt_mars_rover/install/uwrt_mars_rover_drivetrain_hw:/home/uwrt/xbox_test_ws/src/uwrt_mars_rover/install/uwrt_mars_rover_drivetrain_description:/opt/ros/galactic LD_LIBRARY_PATH=/home/uwrt/xbox_test_ws/src/uwrt_mars_rover/install/uwrt_mars_rover_drivetrain_hw/lib:${LD_LIBRARY_PATH} /usr/bin/cmake --install /home/uwrt/xbox_test_ws/src/uwrt_mars_rover/build/uwrt_mars_rover_drivetrain
[1.582s] Level 1:colcon.colcon_core.environment:checking '/home/uwrt/xbox_test_ws/src/uwrt_mars_rover/install/uwrt_mars_rover_drivetrain' for CMake config files
[1.582s] Level 1:colcon.colcon_core.shell:create_environment_hook('uwrt_mars_rover_drivetrain', 'cmake_prefix_path')
[1.586s] INFO:colcon.colcon_core.shell:Creating environment hook '/home/uwrt/xbox_test_ws/src/uwrt_mars_rover/install/uwrt_mars_rover_drivetrain/share/uwrt_mars_rover_drivetrain/hook/cmake_prefix_path.ps1'
[1.586s] INFO:colcon.colcon_core.shell:Creating environment descriptor '/home/uwrt/xbox_test_ws/src/uwrt_mars_rover/install/uwrt_mars_rover_drivetrain/share/uwrt_mars_rover_drivetrain/hook/cmake_prefix_path.dsv'
[1.587s] INFO:colcon.colcon_core.shell:Creating environment hook '/home/uwrt/xbox_test_ws/src/uwrt_mars_rover/install/uwrt_mars_rover_drivetrain/share/uwrt_mars_rover_drivetrain/hook/cmake_prefix_path.sh'
[1.588s] Level 1:colcon.colcon_core.environment:checking '/home/uwrt/xbox_test_ws/src/uwrt_mars_rover/install/uwrt_mars_rover_drivetrain/bin'
[1.588s] Level 1:colcon.colcon_core.environment:checking '/home/uwrt/xbox_test_ws/src/uwrt_mars_rover/install/uwrt_mars_rover_drivetrain/lib/pkgconfig/uwrt_mars_rover_drivetrain.pc'
[1.588s] Level 1:colcon.colcon_core.environment:checking '/home/uwrt/xbox_test_ws/src/uwrt_mars_rover/install/uwrt_mars_rover_drivetrain/lib/python3.8/site-packages'
[1.588s] Level 1:colcon.colcon_core.environment:checking '/home/uwrt/xbox_test_ws/src/uwrt_mars_rover/install/uwrt_mars_rover_drivetrain/bin'
[1.590s] INFO:colcon.colcon_core.shell:Creating package script '/home/uwrt/xbox_test_ws/src/uwrt_mars_rover/install/uwrt_mars_rover_drivetrain/share/uwrt_mars_rover_drivetrain/package.ps1'
[1.591s] INFO:colcon.colcon_core.shell:Creating package descriptor '/home/uwrt/xbox_test_ws/src/uwrt_mars_rover/install/uwrt_mars_rover_drivetrain/share/uwrt_mars_rover_drivetrain/package.dsv'
[1.591s] INFO:colcon.colcon_core.shell:Creating package script '/home/uwrt/xbox_test_ws/src/uwrt_mars_rover/install/uwrt_mars_rover_drivetrain/share/uwrt_mars_rover_drivetrain/package.sh'
[1.592s] INFO:colcon.colcon_core.shell:Creating package script '/home/uwrt/xbox_test_ws/src/uwrt_mars_rover/install/uwrt_mars_rover_drivetrain/share/uwrt_mars_rover_drivetrain/package.bash'
[1.593s] INFO:colcon.colcon_core.shell:Creating package script '/home/uwrt/xbox_test_ws/src/uwrt_mars_rover/install/uwrt_mars_rover_drivetrain/share/uwrt_mars_rover_drivetrain/package.zsh'
[1.593s] Level 1:colcon.colcon_core.environment:create_file_with_runtime_dependencies(/home/uwrt/xbox_test_ws/src/uwrt_mars_rover/install/uwrt_mars_rover_drivetrain/share/colcon-core/packages/uwrt_mars_rover_drivetrain)
[1.629s] Level 1:colcon.colcon_core.environment:create_environment_scripts_only(uwrt_mars_rover_drivetrain)
[1.631s] Level 1:colcon.colcon_core.environment:checking '/home/uwrt/xbox_test_ws/src/uwrt_mars_rover/install/uwrt_mars_rover_drivetrain' for CMake module files
[1.632s] Level 1:colcon.colcon_core.environment:checking '/home/uwrt/xbox_test_ws/src/uwrt_mars_rover/install/uwrt_mars_rover_drivetrain' for CMake config files
[1.632s] Level 1:colcon.colcon_core.shell:create_environment_hook('uwrt_mars_rover_drivetrain', 'cmake_prefix_path')
[1.634s] INFO:colcon.colcon_core.shell:Creating environment hook '/home/uwrt/xbox_test_ws/src/uwrt_mars_rover/install/uwrt_mars_rover_drivetrain/share/uwrt_mars_rover_drivetrain/hook/cmake_prefix_path.ps1'
[1.635s] INFO:colcon.colcon_core.shell:Creating environment descriptor '/home/uwrt/xbox_test_ws/src/uwrt_mars_rover/install/uwrt_mars_rover_drivetrain/share/uwrt_mars_rover_drivetrain/hook/cmake_prefix_path.dsv'
[1.635s] INFO:colcon.colcon_core.shell:Creating environment hook '/home/uwrt/xbox_test_ws/src/uwrt_mars_rover/install/uwrt_mars_rover_drivetrain/share/uwrt_mars_rover_drivetrain/hook/cmake_prefix_path.sh'
[1.636s] Level 1:colcon.colcon_core.environment:checking '/home/uwrt/xbox_test_ws/src/uwrt_mars_rover/install/uwrt_mars_rover_drivetrain/bin'
[1.636s] Level 1:colcon.colcon_core.environment:checking '/home/uwrt/xbox_test_ws/src/uwrt_mars_rover/install/uwrt_mars_rover_drivetrain/lib/pkgconfig/uwrt_mars_rover_drivetrain.pc'
[1.637s] Level 1:colcon.colcon_core.environment:checking '/home/uwrt/xbox_test_ws/src/uwrt_mars_rover/install/uwrt_mars_rover_drivetrain/lib/python3.8/site-packages'
[1.637s] Level 1:colcon.colcon_core.environment:checking '/home/uwrt/xbox_test_ws/src/uwrt_mars_rover/install/uwrt_mars_rover_drivetrain/bin'
[1.639s] INFO:colcon.colcon_core.shell:Creating package script '/home/uwrt/xbox_test_ws/src/uwrt_mars_rover/install/uwrt_mars_rover_drivetrain/share/uwrt_mars_rover_drivetrain/package.ps1'
[1.639s] INFO:colcon.colcon_core.shell:Creating package descriptor '/home/uwrt/xbox_test_ws/src/uwrt_mars_rover/install/uwrt_mars_rover_drivetrain/share/uwrt_mars_rover_drivetrain/package.dsv'
[1.640s] INFO:colcon.colcon_core.shell:Creating package script '/home/uwrt/xbox_test_ws/src/uwrt_mars_rover/install/uwrt_mars_rover_drivetrain/share/uwrt_mars_rover_drivetrain/package.sh'
[1.640s] INFO:colcon.colcon_core.shell:Creating package script '/home/uwrt/xbox_test_ws/src/uwrt_mars_rover/install/uwrt_mars_rover_drivetrain/share/uwrt_mars_rover_drivetrain/package.bash'
[1.641s] INFO:colcon.colcon_core.shell:Creating package script '/home/uwrt/xbox_test_ws/src/uwrt_mars_rover/install/uwrt_mars_rover_drivetrain/share/uwrt_mars_rover_drivetrain/package.zsh'
[1.641s] Level 1:colcon.colcon_core.environment:create_file_with_runtime_dependencies(/home/uwrt/xbox_test_ws/src/uwrt_mars_rover/install/uwrt_mars_rover_drivetrain/share/colcon-core/packages/uwrt_mars_rover_drivetrain)
[1.642s] INFO:colcon.colcon_ros.task.ament_cmake.build:Building ROS package in '/home/uwrt/xbox_test_ws/src/uwrt_mars_rover/uwrt_mars_rover' with build type 'ament_cmake'
[1.642s] INFO:colcon.colcon_cmake.task.cmake.build:Building CMake package in '/home/uwrt/xbox_test_ws/src/uwrt_mars_rover/uwrt_mars_rover'
[1.645s] INFO:colcon.colcon_core.shell:Skip shell extension 'powershell' for command environment: Not usable outside of PowerShell
[1.645s] DEBUG:colcon.colcon_core.shell:Skip shell extension 'dsv' for command environment
[1.674s] DEBUG:colcon.colcon_core.event_handler.log_command:Invoking command in '/home/uwrt/xbox_test_ws/src/uwrt_mars_rover/build/uwrt_mars_rover': AMENT_PREFIX_PATH=/home/uwrt/xbox_test_ws/src/uwrt_mars_rover/install/uwrt_mars_rover_drivetrain:/home/uwrt/xbox_test_ws/src/uwrt_mars_rover/install/uwrt_mars_rover_drivetrain_hw:/home/uwrt/xbox_test_ws/src/uwrt_mars_rover/install/uwrt_mars_rover_drivetrain_description:/home/uwrt/xbox_test_ws/src/uwrt_mars_rover/install/uwrt_mars_rover_description:${AMENT_PREFIX_PATH} CMAKE_PREFIX_PATH=/home/uwrt/xbox_test_ws/src/uwrt_mars_rover/install/uwrt_mars_rover_drivetrain:/home/uwrt/xbox_test_ws/src/uwrt_mars_rover/install/uwrt_mars_rover_drivetrain_hw:/home/uwrt/xbox_test_ws/src/uwrt_mars_rover/install/uwrt_mars_rover_drivetrain_description:/home/uwrt/xbox_test_ws/src/uwrt_mars_rover/install/uwrt_mars_rover_description:/opt/ros/galactic LD_LIBRARY_PATH=/home/uwrt/xbox_test_ws/src/uwrt_mars_rover/install/uwrt_mars_rover_drivetrain_hw/lib:${LD_LIBRARY_PATH} /usr/bin/cmake --build /home/uwrt/xbox_test_ws/src/uwrt_mars_rover/build/uwrt_mars_rover -- -j4 -l4
[1.733s] DEBUG:colcon.colcon_core.event_handler.log_command:Invoked command in '/home/uwrt/xbox_test_ws/src/uwrt_mars_rover/build/uwrt_mars_rover' returned '0': AMENT_PREFIX_PATH=/home/uwrt/xbox_test_ws/src/uwrt_mars_rover/install/uwrt_mars_rover_drivetrain:/home/uwrt/xbox_test_ws/src/uwrt_mars_rover/install/uwrt_mars_rover_drivetrain_hw:/home/uwrt/xbox_test_ws/src/uwrt_mars_rover/install/uwrt_mars_rover_drivetrain_description:/home/uwrt/xbox_test_ws/src/uwrt_mars_rover/install/uwrt_mars_rover_description:${AMENT_PREFIX_PATH} CMAKE_PREFIX_PATH=/home/uwrt/xbox_test_ws/src/uwrt_mars_rover/install/uwrt_mars_rover_drivetrain:/home/uwrt/xbox_test_ws/src/uwrt_mars_rover/install/uwrt_mars_rover_drivetrain_hw:/home/uwrt/xbox_test_ws/src/uwrt_mars_rover/install/uwrt_mars_rover_drivetrain_description:/home/uwrt/xbox_test_ws/src/uwrt_mars_rover/install/uwrt_mars_rover_description:/opt/ros/galactic LD_LIBRARY_PATH=/home/uwrt/xbox_test_ws/src/uwrt_mars_rover/install/uwrt_mars_rover_drivetrain_hw/lib:${LD_LIBRARY_PATH} /usr/bin/cmake --build /home/uwrt/xbox_test_ws/src/uwrt_mars_rover/build/uwrt_mars_rover -- -j4 -l4
[1.770s] DEBUG:colcon.colcon_core.event_handler.log_command:Invoking command in '/home/uwrt/xbox_test_ws/src/uwrt_mars_rover/build/uwrt_mars_rover': AMENT_PREFIX_PATH=/home/uwrt/xbox_test_ws/src/uwrt_mars_rover/install/uwrt_mars_rover_drivetrain:/home/uwrt/xbox_test_ws/src/uwrt_mars_rover/install/uwrt_mars_rover_drivetrain_hw:/home/uwrt/xbox_test_ws/src/uwrt_mars_rover/install/uwrt_mars_rover_drivetrain_description:/home/uwrt/xbox_test_ws/src/uwrt_mars_rover/install/uwrt_mars_rover_description:${AMENT_PREFIX_PATH} CMAKE_PREFIX_PATH=/home/uwrt/xbox_test_ws/src/uwrt_mars_rover/install/uwrt_mars_rover_drivetrain:/home/uwrt/xbox_test_ws/src/uwrt_mars_rover/install/uwrt_mars_rover_drivetrain_hw:/home/uwrt/xbox_test_ws/src/uwrt_mars_rover/install/uwrt_mars_rover_drivetrain_description:/home/uwrt/xbox_test_ws/src/uwrt_mars_rover/install/uwrt_mars_rover_description:/opt/ros/galactic LD_LIBRARY_PATH=/home/uwrt/xbox_test_ws/src/uwrt_mars_rover/install/uwrt_mars_rover_drivetrain_hw/lib:${LD_LIBRARY_PATH} /usr/bin/cmake --install /home/uwrt/xbox_test_ws/src/uwrt_mars_rover/build/uwrt_mars_rover
[1.785s] Level 1:colcon.colcon_core.environment:create_environment_scripts_only(uwrt_mars_rover)
[1.790s] Level 1:colcon.colcon_core.environment:checking '/home/uwrt/xbox_test_ws/src/uwrt_mars_rover/install/uwrt_mars_rover' for CMake module files
[1.792s] DEBUG:colcon.colcon_core.event_handler.log_command:Invoked command in '/home/uwrt/xbox_test_ws/src/uwrt_mars_rover/build/uwrt_mars_rover' returned '0': AMENT_PREFIX_PATH=/home/uwrt/xbox_test_ws/src/uwrt_mars_rover/install/uwrt_mars_rover_drivetrain:/home/uwrt/xbox_test_ws/src/uwrt_mars_rover/install/uwrt_mars_rover_drivetrain_hw:/home/uwrt/xbox_test_ws/src/uwrt_mars_rover/install/uwrt_mars_rover_drivetrain_description:/home/uwrt/xbox_test_ws/src/uwrt_mars_rover/install/uwrt_mars_rover_description:${AMENT_PREFIX_PATH} CMAKE_PREFIX_PATH=/home/uwrt/xbox_test_ws/src/uwrt_mars_rover/install/uwrt_mars_rover_drivetrain:/home/uwrt/xbox_test_ws/src/uwrt_mars_rover/install/uwrt_mars_rover_drivetrain_hw:/home/uwrt/xbox_test_ws/src/uwrt_mars_rover/install/uwrt_mars_rover_drivetrain_description:/home/uwrt/xbox_test_ws/src/uwrt_mars_rover/install/uwrt_mars_rover_description:/opt/ros/galactic LD_LIBRARY_PATH=/home/uwrt/xbox_test_ws/src/uwrt_mars_rover/install/uwrt_mars_rover_drivetrain_hw/lib:${LD_LIBRARY_PATH} /usr/bin/cmake --install /home/uwrt/xbox_test_ws/src/uwrt_mars_rover/build/uwrt_mars_rover
[1.793s] Level 1:colcon.colcon_core.environment:checking '/home/uwrt/xbox_test_ws/src/uwrt_mars_rover/install/uwrt_mars_rover' for CMake config files
[1.793s] Level 1:colcon.colcon_core.shell:create_environment_hook('uwrt_mars_rover', 'cmake_prefix_path')
[1.796s] INFO:colcon.colcon_core.shell:Creating environment hook '/home/uwrt/xbox_test_ws/src/uwrt_mars_rover/install/uwrt_mars_rover/share/uwrt_mars_rover/hook/cmake_prefix_path.ps1'
[1.797s] INFO:colcon.colcon_core.shell:Creating environment descriptor '/home/uwrt/xbox_test_ws/src/uwrt_mars_rover/install/uwrt_mars_rover/share/uwrt_mars_rover/hook/cmake_prefix_path.dsv'
[1.798s] INFO:colcon.colcon_core.shell:Creating environment hook '/home/uwrt/xbox_test_ws/src/uwrt_mars_rover/install/uwrt_mars_rover/share/uwrt_mars_rover/hook/cmake_prefix_path.sh'
[1.798s] Level 1:colcon.colcon_core.environment:checking '/home/uwrt/xbox_test_ws/src/uwrt_mars_rover/install/uwrt_mars_rover/bin'
[1.798s] Level 1:colcon.colcon_core.environment:checking '/home/uwrt/xbox_test_ws/src/uwrt_mars_rover/install/uwrt_mars_rover/lib/pkgconfig/uwrt_mars_rover.pc'
[1.799s] Level 1:colcon.colcon_core.environment:checking '/home/uwrt/xbox_test_ws/src/uwrt_mars_rover/install/uwrt_mars_rover/lib/python3.8/site-packages'
[1.799s] Level 1:colcon.colcon_core.environment:checking '/home/uwrt/xbox_test_ws/src/uwrt_mars_rover/install/uwrt_mars_rover/bin'
[1.801s] INFO:colcon.colcon_core.shell:Creating package script '/home/uwrt/xbox_test_ws/src/uwrt_mars_rover/install/uwrt_mars_rover/share/uwrt_mars_rover/package.ps1'
[1.802s] INFO:colcon.colcon_core.shell:Creating package descriptor '/home/uwrt/xbox_test_ws/src/uwrt_mars_rover/install/uwrt_mars_rover/share/uwrt_mars_rover/package.dsv'
[1.802s] INFO:colcon.colcon_core.shell:Creating package script '/home/uwrt/xbox_test_ws/src/uwrt_mars_rover/install/uwrt_mars_rover/share/uwrt_mars_rover/package.sh'
[1.803s] INFO:colcon.colcon_core.shell:Creating package script '/home/uwrt/xbox_test_ws/src/uwrt_mars_rover/install/uwrt_mars_rover/share/uwrt_mars_rover/package.bash'
[1.803s] INFO:colcon.colcon_core.shell:Creating package script '/home/uwrt/xbox_test_ws/src/uwrt_mars_rover/install/uwrt_mars_rover/share/uwrt_mars_rover/package.zsh'
[1.805s] Level 1:colcon.colcon_core.environment:create_file_with_runtime_dependencies(/home/uwrt/xbox_test_ws/src/uwrt_mars_rover/install/uwrt_mars_rover/share/colcon-core/packages/uwrt_mars_rover)
[1.840s] Level 1:colcon.colcon_core.environment:create_environment_scripts_only(uwrt_mars_rover)
[1.844s] Level 1:colcon.colcon_core.environment:checking '/home/uwrt/xbox_test_ws/src/uwrt_mars_rover/install/uwrt_mars_rover' for CMake module files
[1.845s] Level 1:colcon.colcon_core.environment:checking '/home/uwrt/xbox_test_ws/src/uwrt_mars_rover/install/uwrt_mars_rover' for CMake config files
[1.846s] Level 1:colcon.colcon_core.shell:create_environment_hook('uwrt_mars_rover', 'cmake_prefix_path')
[1.849s] INFO:colcon.colcon_core.shell:Creating environment hook '/home/uwrt/xbox_test_ws/src/uwrt_mars_rover/install/uwrt_mars_rover/share/uwrt_mars_rover/hook/cmake_prefix_path.ps1'
[1.850s] INFO:colcon.colcon_core.shell:Creating environment descriptor '/home/uwrt/xbox_test_ws/src/uwrt_mars_rover/install/uwrt_mars_rover/share/uwrt_mars_rover/hook/cmake_prefix_path.dsv'
[1.851s] INFO:colcon.colcon_core.shell:Creating environment hook '/home/uwrt/xbox_test_ws/src/uwrt_mars_rover/install/uwrt_mars_rover/share/uwrt_mars_rover/hook/cmake_prefix_path.sh'
[1.852s] Level 1:colcon.colcon_core.environment:checking '/home/uwrt/xbox_test_ws/src/uwrt_mars_rover/install/uwrt_mars_rover/bin'
[1.852s] Level 1:colcon.colcon_core.environment:checking '/home/uwrt/xbox_test_ws/src/uwrt_mars_rover/install/uwrt_mars_rover/lib/pkgconfig/uwrt_mars_rover.pc'
[1.852s] Level 1:colcon.colcon_core.environment:checking '/home/uwrt/xbox_test_ws/src/uwrt_mars_rover/install/uwrt_mars_rover/lib/python3.8/site-packages'
[1.853s] Level 1:colcon.colcon_core.environment:checking '/home/uwrt/xbox_test_ws/src/uwrt_mars_rover/install/uwrt_mars_rover/bin'
[1.856s] INFO:colcon.colcon_core.shell:Creating package script '/home/uwrt/xbox_test_ws/src/uwrt_mars_rover/install/uwrt_mars_rover/share/uwrt_mars_rover/package.ps1'
[1.857s] INFO:colcon.colcon_core.shell:Creating package descriptor '/home/uwrt/xbox_test_ws/src/uwrt_mars_rover/install/uwrt_mars_rover/share/uwrt_mars_rover/package.dsv'
[1.858s] INFO:colcon.colcon_core.shell:Creating package script '/home/uwrt/xbox_test_ws/src/uwrt_mars_rover/install/uwrt_mars_rover/share/uwrt_mars_rover/package.sh'
[1.858s] INFO:colcon.colcon_core.shell:Creating package script '/home/uwrt/xbox_test_ws/src/uwrt_mars_rover/install/uwrt_mars_rover/share/uwrt_mars_rover/package.bash'
[1.859s] INFO:colcon.colcon_core.shell:Creating package script '/home/uwrt/xbox_test_ws/src/uwrt_mars_rover/install/uwrt_mars_rover/share/uwrt_mars_rover/package.zsh'
[1.860s] Level 1:colcon.colcon_core.environment:create_file_with_runtime_dependencies(/home/uwrt/xbox_test_ws/src/uwrt_mars_rover/install/uwrt_mars_rover/share/colcon-core/packages/uwrt_mars_rover)
[10.625s] DEBUG:colcon.colcon_core.event_handler.log_command:Invoked command in '/home/uwrt/xbox_test_ws/src/uwrt_mars_rover/build/uwrt_mars_rover_xbox_controller' returned '0': CMAKE_PREFIX_PATH=/opt/ros/galactic /usr/bin/cmake --build /home/uwrt/xbox_test_ws/src/uwrt_mars_rover/build/uwrt_mars_rover_xbox_controller -- -j4 -l4
[10.704s] DEBUG:colcon.colcon_core.event_handler.log_command:Invoking command in '/home/uwrt/xbox_test_ws/src/uwrt_mars_rover/build/uwrt_mars_rover_xbox_controller': CMAKE_PREFIX_PATH=/opt/ros/galactic /usr/bin/cmake --install /home/uwrt/xbox_test_ws/src/uwrt_mars_rover/build/uwrt_mars_rover_xbox_controller
[10.790s] Level 1:colcon.colcon_core.environment:create_environment_scripts_only(uwrt_mars_rover_xbox_controller)
[10.794s] Level 1:colcon.colcon_core.environment:checking '/home/uwrt/xbox_test_ws/src/uwrt_mars_rover/install/uwrt_mars_rover_xbox_controller' for CMake module files
[10.795s] DEBUG:colcon.colcon_core.event_handler.log_command:Invoked command in '/home/uwrt/xbox_test_ws/src/uwrt_mars_rover/build/uwrt_mars_rover_xbox_controller' returned '0': CMAKE_PREFIX_PATH=/opt/ros/galactic /usr/bin/cmake --install /home/uwrt/xbox_test_ws/src/uwrt_mars_rover/build/uwrt_mars_rover_xbox_controller
[10.795s] Level 1:colcon.colcon_core.environment:checking '/home/uwrt/xbox_test_ws/src/uwrt_mars_rover/install/uwrt_mars_rover_xbox_controller' for CMake config files
[10.796s] Level 1:colcon.colcon_core.shell:create_environment_hook('uwrt_mars_rover_xbox_controller', 'cmake_prefix_path')
[10.797s] INFO:colcon.colcon_core.shell:Creating environment hook '/home/uwrt/xbox_test_ws/src/uwrt_mars_rover/install/uwrt_mars_rover_xbox_controller/share/uwrt_mars_rover_xbox_controller/hook/cmake_prefix_path.ps1'
[10.798s] INFO:colcon.colcon_core.shell:Creating environment descriptor '/home/uwrt/xbox_test_ws/src/uwrt_mars_rover/install/uwrt_mars_rover_xbox_controller/share/uwrt_mars_rover_xbox_controller/hook/cmake_prefix_path.dsv'
[10.798s] INFO:colcon.colcon_core.shell:Creating environment hook '/home/uwrt/xbox_test_ws/src/uwrt_mars_rover/install/uwrt_mars_rover_xbox_controller/share/uwrt_mars_rover_xbox_controller/hook/cmake_prefix_path.sh'
[10.799s] Level 1:colcon.colcon_core.environment:checking '/home/uwrt/xbox_test_ws/src/uwrt_mars_rover/install/uwrt_mars_rover_xbox_controller/lib'
[10.799s] Level 1:colcon.colcon_core.shell:create_environment_hook('uwrt_mars_rover_xbox_controller', 'ld_library_path_lib')
[10.801s] INFO:colcon.colcon_core.shell:Creating environment hook '/home/uwrt/xbox_test_ws/src/uwrt_mars_rover/install/uwrt_mars_rover_xbox_controller/share/uwrt_mars_rover_xbox_controller/hook/ld_library_path_lib.ps1'
[10.801s] INFO:colcon.colcon_core.shell:Creating environment descriptor '/home/uwrt/xbox_test_ws/src/uwrt_mars_rover/install/uwrt_mars_rover_xbox_controller/share/uwrt_mars_rover_xbox_controller/hook/ld_library_path_lib.dsv'
[10.801s] INFO:colcon.colcon_core.shell:Creating environment hook '/home/uwrt/xbox_test_ws/src/uwrt_mars_rover/install/uwrt_mars_rover_xbox_controller/share/uwrt_mars_rover_xbox_controller/hook/ld_library_path_lib.sh'
[10.802s] Level 1:colcon.colcon_core.environment:checking '/home/uwrt/xbox_test_ws/src/uwrt_mars_rover/install/uwrt_mars_rover_xbox_controller/bin'
[10.802s] Level 1:colcon.colcon_core.environment:checking '/home/uwrt/xbox_test_ws/src/uwrt_mars_rover/install/uwrt_mars_rover_xbox_controller/lib/pkgconfig/uwrt_mars_rover_xbox_controller.pc'
[10.802s] Level 1:colcon.colcon_core.environment:checking '/home/uwrt/xbox_test_ws/src/uwrt_mars_rover/install/uwrt_mars_rover_xbox_controller/lib/python3.8/site-packages'
[10.802s] Level 1:colcon.colcon_core.shell:create_environment_hook('uwrt_mars_rover_xbox_controller', 'pythonpath')
[10.804s] INFO:colcon.colcon_core.shell:Creating environment hook '/home/uwrt/xbox_test_ws/src/uwrt_mars_rover/install/uwrt_mars_rover_xbox_controller/share/uwrt_mars_rover_xbox_controller/hook/pythonpath.ps1'
[10.804s] INFO:colcon.colcon_core.shell:Creating environment descriptor '/home/uwrt/xbox_test_ws/src/uwrt_mars_rover/install/uwrt_mars_rover_xbox_controller/share/uwrt_mars_rover_xbox_controller/hook/pythonpath.dsv'
[10.805s] INFO:colcon.colcon_core.shell:Creating environment hook '/home/uwrt/xbox_test_ws/src/uwrt_mars_rover/install/uwrt_mars_rover_xbox_controller/share/uwrt_mars_rover_xbox_controller/hook/pythonpath.sh'
[10.805s] Level 1:colcon.colcon_core.environment:checking '/home/uwrt/xbox_test_ws/src/uwrt_mars_rover/install/uwrt_mars_rover_xbox_controller/bin'
[10.807s] INFO:colcon.colcon_core.shell:Creating package script '/home/uwrt/xbox_test_ws/src/uwrt_mars_rover/install/uwrt_mars_rover_xbox_controller/share/uwrt_mars_rover_xbox_controller/package.ps1'
[10.807s] INFO:colcon.colcon_core.shell:Creating package descriptor '/home/uwrt/xbox_test_ws/src/uwrt_mars_rover/install/uwrt_mars_rover_xbox_controller/share/uwrt_mars_rover_xbox_controller/package.dsv'
[10.808s] INFO:colcon.colcon_core.shell:Creating package script '/home/uwrt/xbox_test_ws/src/uwrt_mars_rover/install/uwrt_mars_rover_xbox_controller/share/uwrt_mars_rover_xbox_controller/package.sh'
[10.808s] INFO:colcon.colcon_core.shell:Creating package script '/home/uwrt/xbox_test_ws/src/uwrt_mars_rover/install/uwrt_mars_rover_xbox_controller/share/uwrt_mars_rover_xbox_controller/package.bash'
[10.809s] INFO:colcon.colcon_core.shell:Creating package script '/home/uwrt/xbox_test_ws/src/uwrt_mars_rover/install/uwrt_mars_rover_xbox_controller/share/uwrt_mars_rover_xbox_controller/package.zsh'
[10.809s] Level 1:colcon.colcon_core.environment:create_file_with_runtime_dependencies(/home/uwrt/xbox_test_ws/src/uwrt_mars_rover/install/uwrt_mars_rover_xbox_controller/share/colcon-core/packages/uwrt_mars_rover_xbox_controller)
[10.882s] Level 1:colcon.colcon_core.environment:create_environment_scripts_only(uwrt_mars_rover_xbox_controller)
[10.885s] Level 1:colcon.colcon_core.environment:checking '/home/uwrt/xbox_test_ws/src/uwrt_mars_rover/install/uwrt_mars_rover_xbox_controller' for CMake module files
[10.886s] Level 1:colcon.colcon_core.environment:checking '/home/uwrt/xbox_test_ws/src/uwrt_mars_rover/install/uwrt_mars_rover_xbox_controller' for CMake config files
[10.886s] Level 1:colcon.colcon_core.shell:create_environment_hook('uwrt_mars_rover_xbox_controller', 'cmake_prefix_path')
[10.887s] INFO:colcon.colcon_core.shell:Creating environment hook '/home/uwrt/xbox_test_ws/src/uwrt_mars_rover/install/uwrt_mars_rover_xbox_controller/share/uwrt_mars_rover_xbox_controller/hook/cmake_prefix_path.ps1'
[10.888s] INFO:colcon.colcon_core.shell:Creating environment descriptor '/home/uwrt/xbox_test_ws/src/uwrt_mars_rover/install/uwrt_mars_rover_xbox_controller/share/uwrt_mars_rover_xbox_controller/hook/cmake_prefix_path.dsv'
[10.889s] INFO:colcon.colcon_core.shell:Creating environment hook '/home/uwrt/xbox_test_ws/src/uwrt_mars_rover/install/uwrt_mars_rover_xbox_controller/share/uwrt_mars_rover_xbox_controller/hook/cmake_prefix_path.sh'
[10.889s] Level 1:colcon.colcon_core.environment:checking '/home/uwrt/xbox_test_ws/src/uwrt_mars_rover/install/uwrt_mars_rover_xbox_controller/lib'
[10.890s] Level 1:colcon.colcon_core.shell:create_environment_hook('uwrt_mars_rover_xbox_controller', 'ld_library_path_lib')
[10.891s] INFO:colcon.colcon_core.shell:Creating environment hook '/home/uwrt/xbox_test_ws/src/uwrt_mars_rover/install/uwrt_mars_rover_xbox_controller/share/uwrt_mars_rover_xbox_controller/hook/ld_library_path_lib.ps1'
[10.891s] INFO:colcon.colcon_core.shell:Creating environment descriptor '/home/uwrt/xbox_test_ws/src/uwrt_mars_rover/install/uwrt_mars_rover_xbox_controller/share/uwrt_mars_rover_xbox_controller/hook/ld_library_path_lib.dsv'
[10.892s] INFO:colcon.colcon_core.shell:Creating environment hook '/home/uwrt/xbox_test_ws/src/uwrt_mars_rover/install/uwrt_mars_rover_xbox_controller/share/uwrt_mars_rover_xbox_controller/hook/ld_library_path_lib.sh'
[10.892s] Level 1:colcon.colcon_core.environment:checking '/home/uwrt/xbox_test_ws/src/uwrt_mars_rover/install/uwrt_mars_rover_xbox_controller/bin'
[10.893s] Level 1:colcon.colcon_core.environment:checking '/home/uwrt/xbox_test_ws/src/uwrt_mars_rover/install/uwrt_mars_rover_xbox_controller/lib/pkgconfig/uwrt_mars_rover_xbox_controller.pc'
[10.893s] Level 1:colcon.colcon_core.environment:checking '/home/uwrt/xbox_test_ws/src/uwrt_mars_rover/install/uwrt_mars_rover_xbox_controller/lib/python3.8/site-packages'
[10.893s] Level 1:colcon.colcon_core.shell:create_environment_hook('uwrt_mars_rover_xbox_controller', 'pythonpath')
[10.895s] INFO:colcon.colcon_core.shell:Creating environment hook '/home/uwrt/xbox_test_ws/src/uwrt_mars_rover/install/uwrt_mars_rover_xbox_controller/share/uwrt_mars_rover_xbox_controller/hook/pythonpath.ps1'
[10.895s] INFO:colcon.colcon_core.shell:Creating environment descriptor '/home/uwrt/xbox_test_ws/src/uwrt_mars_rover/install/uwrt_mars_rover_xbox_controller/share/uwrt_mars_rover_xbox_controller/hook/pythonpath.dsv'
[10.895s] INFO:colcon.colcon_core.shell:Creating environment hook '/home/uwrt/xbox_test_ws/src/uwrt_mars_rover/install/uwrt_mars_rover_xbox_controller/share/uwrt_mars_rover_xbox_controller/hook/pythonpath.sh'
[10.896s] Level 1:colcon.colcon_core.environment:checking '/home/uwrt/xbox_test_ws/src/uwrt_mars_rover/install/uwrt_mars_rover_xbox_controller/bin'
[10.898s] INFO:colcon.colcon_core.shell:Creating package script '/home/uwrt/xbox_test_ws/src/uwrt_mars_rover/install/uwrt_mars_rover_xbox_controller/share/uwrt_mars_rover_xbox_controller/package.ps1'
[10.899s] INFO:colcon.colcon_core.shell:Creating package descriptor '/home/uwrt/xbox_test_ws/src/uwrt_mars_rover/install/uwrt_mars_rover_xbox_controller/share/uwrt_mars_rover_xbox_controller/package.dsv'
[10.899s] INFO:colcon.colcon_core.shell:Creating package script '/home/uwrt/xbox_test_ws/src/uwrt_mars_rover/install/uwrt_mars_rover_xbox_controller/share/uwrt_mars_rover_xbox_controller/package.sh'
[10.900s] INFO:colcon.colcon_core.shell:Creating package script '/home/uwrt/xbox_test_ws/src/uwrt_mars_rover/install/uwrt_mars_rover_xbox_controller/share/uwrt_mars_rover_xbox_controller/package.bash'
[10.900s] INFO:colcon.colcon_core.shell:Creating package script '/home/uwrt/xbox_test_ws/src/uwrt_mars_rover/install/uwrt_mars_rover_xbox_controller/share/uwrt_mars_rover_xbox_controller/package.zsh'
[10.900s] Level 1:colcon.colcon_core.environment:create_file_with_runtime_dependencies(/home/uwrt/xbox_test_ws/src/uwrt_mars_rover/install/uwrt_mars_rover_xbox_controller/share/colcon-core/packages/uwrt_mars_rover_xbox_controller)
[10.901s] DEBUG:colcon.colcon_parallel_executor.executor.parallel:closing loop
[10.901s] DEBUG:colcon.colcon_parallel_executor.executor.parallel:loop closed
[10.902s] DEBUG:colcon.colcon_parallel_executor.executor.parallel:run_until_complete finished with '0'
[10.902s] DEBUG:colcon.colcon_core.event_reactor:joining thread
[10.910s] INFO:colcon.colcon_core.plugin_system:Skipping extension 'colcon_notification.desktop_notification.terminal_notifier': Not used on non-Darwin systems
[10.910s] INFO:colcon.colcon_core.plugin_system:Skipping extension 'colcon_notification.desktop_notification.win32': Not used on non-Windows systems
[10.910s] INFO:colcon.colcon_notification.desktop_notification:Sending desktop notification using 'notify2'
[10.933s] DEBUG:colcon.colcon_core.event_reactor:joined thread
[10.936s] INFO:colcon.colcon_core.shell:Creating prefix script '/home/uwrt/xbox_test_ws/src/uwrt_mars_rover/install/local_setup.ps1'
[10.938s] INFO:colcon.colcon_core.shell:Creating prefix util module '/home/uwrt/xbox_test_ws/src/uwrt_mars_rover/install/_local_setup_util_ps1.py'
[10.941s] INFO:colcon.colcon_core.shell:Creating prefix chain script '/home/uwrt/xbox_test_ws/src/uwrt_mars_rover/install/setup.ps1'
[10.943s] INFO:colcon.colcon_core.shell:Creating prefix script '/home/uwrt/xbox_test_ws/src/uwrt_mars_rover/install/local_setup.sh'
[10.944s] INFO:colcon.colcon_core.shell:Creating prefix util module '/home/uwrt/xbox_test_ws/src/uwrt_mars_rover/install/_local_setup_util_sh.py'
[10.945s] INFO:colcon.colcon_core.shell:Creating prefix chain script '/home/uwrt/xbox_test_ws/src/uwrt_mars_rover/install/setup.sh'
[10.946s] INFO:colcon.colcon_core.shell:Creating prefix script '/home/uwrt/xbox_test_ws/src/uwrt_mars_rover/install/local_setup.bash'
[10.947s] INFO:colcon.colcon_core.shell:Creating prefix chain script '/home/uwrt/xbox_test_ws/src/uwrt_mars_rover/install/setup.bash'
[10.948s] INFO:colcon.colcon_core.shell:Creating prefix script '/home/uwrt/xbox_test_ws/src/uwrt_mars_rover/install/local_setup.zsh'
[10.949s] INFO:colcon.colcon_core.shell:Creating prefix chain script '/home/uwrt/xbox_test_ws/src/uwrt_mars_rover/install/setup.zsh'
