Performing C SOURCE FILE Test CMAKE_HAVE_LIBC_PTHREAD failed with the following output:
Change Dir: /home/uwrt/xbox_test_ws/src/uwrt_mars_rover/build/uwrt_mars_rover_xbox_controller/CMakeFiles/CMakeTmp

Run Build Command(s):/usr/bin/make cmTC_00f84/fast && /usr/bin/make -f CMakeFiles/cmTC_00f84.dir/build.make CMakeFiles/cmTC_00f84.dir/build
make[1]: Entering directory '/home/uwrt/xbox_test_ws/src/uwrt_mars_rover/build/uwrt_mars_rover_xbox_controller/CMakeFiles/CMakeTmp'
Building C object CMakeFiles/cmTC_00f84.dir/src.c.o
/usr/bin/cc   -DCMAKE_HAVE_LIBC_PTHREAD   -o CMakeFiles/cmTC_00f84.dir/src.c.o   -c /home/uwrt/xbox_test_ws/src/uwrt_mars_rover/build/uwrt_mars_rover_xbox_controller/CMakeFiles/CMakeTmp/src.c
Linking C executable cmTC_00f84
/usr/bin/cmake -E cmake_link_script CMakeFiles/cmTC_00f84.dir/link.txt --verbose=1
/usr/bin/cc  -DCMAKE_HAVE_LIBC_PTHREAD    CMakeFiles/cmTC_00f84.dir/src.c.o  -o cmTC_00f84 
/usr/bin/ld: CMakeFiles/cmTC_00f84.dir/src.c.o: in function `main':
src.c:(.text+0x46): undefined reference to `pthread_create'
/usr/bin/ld: src.c:(.text+0x52): undefined reference to `pthread_detach'
/usr/bin/ld: src.c:(.text+0x63): undefined reference to `pthread_join'
collect2: error: ld returned 1 exit status
make[1]: *** [CMakeFiles/cmTC_00f84.dir/build.make:87: cmTC_00f84] Error 1
make[1]: Leaving directory '/home/uwrt/xbox_test_ws/src/uwrt_mars_rover/build/uwrt_mars_rover_xbox_controller/CMakeFiles/CMakeTmp'
make: *** [Makefile:121: cmTC_00f84/fast] Error 2


Source file was:
#include <pthread.h>

void* test_func(void* data)
{
  return data;
}

int main(void)
{
  pthread_t thread;
  pthread_create(&thread, NULL, test_func, NULL);
  pthread_detach(thread);
  pthread_join(thread, NULL);
  pthread_atfork(NULL, NULL, NULL);
  pthread_exit(NULL);

  return 0;
}

Determining if the function pthread_create exists in the pthreads failed with the following output:
Change Dir: /home/uwrt/xbox_test_ws/src/uwrt_mars_rover/build/uwrt_mars_rover_xbox_controller/CMakeFiles/CMakeTmp

Run Build Command(s):/usr/bin/make cmTC_26010/fast && /usr/bin/make -f CMakeFiles/cmTC_26010.dir/build.make CMakeFiles/cmTC_26010.dir/build
make[1]: Entering directory '/home/uwrt/xbox_test_ws/src/uwrt_mars_rover/build/uwrt_mars_rover_xbox_controller/CMakeFiles/CMakeTmp'
Building C object CMakeFiles/cmTC_26010.dir/CheckFunctionExists.c.o
/usr/bin/cc   -DCHECK_FUNCTION_EXISTS=pthread_create   -o CMakeFiles/cmTC_26010.dir/CheckFunctionExists.c.o   -c /usr/share/cmake-3.16/Modules/CheckFunctionExists.c
Linking C executable cmTC_26010
/usr/bin/cmake -E cmake_link_script CMakeFiles/cmTC_26010.dir/link.txt --verbose=1
/usr/bin/cc  -DCHECK_FUNCTION_EXISTS=pthread_create    CMakeFiles/cmTC_26010.dir/CheckFunctionExists.c.o  -o cmTC_26010  -lpthreads 
/usr/bin/ld: cannot find -lpthreads
collect2: error: ld returned 1 exit status
make[1]: *** [CMakeFiles/cmTC_26010.dir/build.make:87: cmTC_26010] Error 1
make[1]: Leaving directory '/home/uwrt/xbox_test_ws/src/uwrt_mars_rover/build/uwrt_mars_rover_xbox_controller/CMakeFiles/CMakeTmp'
make: *** [Makefile:121: cmTC_26010/fast] Error 2



