[0.046s] Invoking command in '/home/uwrt/xbox_test_ws/src/uwrt_mars_rover/build/uwrt_mars_rover': AMENT_PREFIX_PATH=/home/uwrt/xbox_test_ws/src/uwrt_mars_rover/install/uwrt_mars_rover_drivetrain:/home/uwrt/xbox_test_ws/src/uwrt_mars_rover/install/uwrt_mars_rover_drivetrain_hw:/home/uwrt/xbox_test_ws/src/uwrt_mars_rover/install/uwrt_mars_rover_drivetrain_description:/home/uwrt/xbox_test_ws/src/uwrt_mars_rover/install/uwrt_mars_rover_description:${AMENT_PREFIX_PATH} CMAKE_PREFIX_PATH=/home/uwrt/xbox_test_ws/src/uwrt_mars_rover/install/uwrt_mars_rover_drivetrain:/home/uwrt/xbox_test_ws/src/uwrt_mars_rover/install/uwrt_mars_rover_drivetrain_hw:/home/uwrt/xbox_test_ws/src/uwrt_mars_rover/install/uwrt_mars_rover_drivetrain_description:/home/uwrt/xbox_test_ws/src/uwrt_mars_rover/install/uwrt_mars_rover_description:/opt/ros/galactic LD_LIBRARY_PATH=/home/uwrt/xbox_test_ws/src/uwrt_mars_rover/install/uwrt_mars_rover_drivetrain_hw/lib:${LD_LIBRARY_PATH} /usr/bin/cmake /home/uwrt/xbox_test_ws/src/uwrt_mars_rover/uwrt_mars_rover -DCMAKE_INSTALL_PREFIX=/home/uwrt/xbox_test_ws/src/uwrt_mars_rover/install/uwrt_mars_rover
[0.177s] -- The C compiler identification is GNU 9.4.0
[0.298s] -- The CXX compiler identification is GNU 9.4.0
[0.309s] -- Check for working C compiler: /usr/bin/cc
[0.459s] -- Check for working C compiler: /usr/bin/cc -- works
[0.459s] -- Detecting C compiler ABI info
[0.616s] -- Detecting C compiler ABI info - done
[0.643s] -- Detecting C compile features
[0.643s] -- Detecting C compile features - done
[0.658s] -- Check for working CXX compiler: /usr/bin/c++
[0.848s] -- Check for working CXX compiler: /usr/bin/c++ -- works
[0.848s] -- Detecting CXX compiler ABI info
[1.040s] -- Detecting CXX compiler ABI info - done
[1.058s] -- Detecting CXX compile features
[1.060s] -- Detecting CXX compile features - done
[1.070s] -- Found ament_cmake: 1.1.6 (/opt/ros/galactic/share/ament_cmake/cmake)
[1.132s] -- Found PythonInterp: /usr/bin/python3 (found suitable version "3.8.10", minimum required is "3") 
[1.133s] -- Using PYTHON_EXECUTABLE: /usr/bin/python3
[1.377s] -- Found ament_cmake_xmllint: 0.10.7 (/opt/ros/galactic/share/ament_cmake_xmllint/cmake)
[1.510s] -- Configuring done
[1.515s] -- Generating done
[1.517s] -- Build files have been written to: /home/uwrt/xbox_test_ws/src/uwrt_mars_rover/build/uwrt_mars_rover
[1.528s] Invoked command in '/home/uwrt/xbox_test_ws/src/uwrt_mars_rover/build/uwrt_mars_rover' returned '0': AMENT_PREFIX_PATH=/home/uwrt/xbox_test_ws/src/uwrt_mars_rover/install/uwrt_mars_rover_drivetrain:/home/uwrt/xbox_test_ws/src/uwrt_mars_rover/install/uwrt_mars_rover_drivetrain_hw:/home/uwrt/xbox_test_ws/src/uwrt_mars_rover/install/uwrt_mars_rover_drivetrain_description:/home/uwrt/xbox_test_ws/src/uwrt_mars_rover/install/uwrt_mars_rover_description:${AMENT_PREFIX_PATH} CMAKE_PREFIX_PATH=/home/uwrt/xbox_test_ws/src/uwrt_mars_rover/install/uwrt_mars_rover_drivetrain:/home/uwrt/xbox_test_ws/src/uwrt_mars_rover/install/uwrt_mars_rover_drivetrain_hw:/home/uwrt/xbox_test_ws/src/uwrt_mars_rover/install/uwrt_mars_rover_drivetrain_description:/home/uwrt/xbox_test_ws/src/uwrt_mars_rover/install/uwrt_mars_rover_description:/opt/ros/galactic LD_LIBRARY_PATH=/home/uwrt/xbox_test_ws/src/uwrt_mars_rover/install/uwrt_mars_rover_drivetrain_hw/lib:${LD_LIBRARY_PATH} /usr/bin/cmake /home/uwrt/xbox_test_ws/src/uwrt_mars_rover/uwrt_mars_rover -DCMAKE_INSTALL_PREFIX=/home/uwrt/xbox_test_ws/src/uwrt_mars_rover/install/uwrt_mars_rover
[1.529s] Invoking command in '/home/uwrt/xbox_test_ws/src/uwrt_mars_rover/build/uwrt_mars_rover': AMENT_PREFIX_PATH=/home/uwrt/xbox_test_ws/src/uwrt_mars_rover/install/uwrt_mars_rover_drivetrain:/home/uwrt/xbox_test_ws/src/uwrt_mars_rover/install/uwrt_mars_rover_drivetrain_hw:/home/uwrt/xbox_test_ws/src/uwrt_mars_rover/install/uwrt_mars_rover_drivetrain_description:/home/uwrt/xbox_test_ws/src/uwrt_mars_rover/install/uwrt_mars_rover_description:${AMENT_PREFIX_PATH} CMAKE_PREFIX_PATH=/home/uwrt/xbox_test_ws/src/uwrt_mars_rover/install/uwrt_mars_rover_drivetrain:/home/uwrt/xbox_test_ws/src/uwrt_mars_rover/install/uwrt_mars_rover_drivetrain_hw:/home/uwrt/xbox_test_ws/src/uwrt_mars_rover/install/uwrt_mars_rover_drivetrain_description:/home/uwrt/xbox_test_ws/src/uwrt_mars_rover/install/uwrt_mars_rover_description:/opt/ros/galactic LD_LIBRARY_PATH=/home/uwrt/xbox_test_ws/src/uwrt_mars_rover/install/uwrt_mars_rover_drivetrain_hw/lib:${LD_LIBRARY_PATH} /usr/bin/cmake --build /home/uwrt/xbox_test_ws/src/uwrt_mars_rover/build/uwrt_mars_rover -- -j4 -l4
[1.614s] Invoked command in '/home/uwrt/xbox_test_ws/src/uwrt_mars_rover/build/uwrt_mars_rover' returned '0': AMENT_PREFIX_PATH=/home/uwrt/xbox_test_ws/src/uwrt_mars_rover/install/uwrt_mars_rover_drivetrain:/home/uwrt/xbox_test_ws/src/uwrt_mars_rover/install/uwrt_mars_rover_drivetrain_hw:/home/uwrt/xbox_test_ws/src/uwrt_mars_rover/install/uwrt_mars_rover_drivetrain_description:/home/uwrt/xbox_test_ws/src/uwrt_mars_rover/install/uwrt_mars_rover_description:${AMENT_PREFIX_PATH} CMAKE_PREFIX_PATH=/home/uwrt/xbox_test_ws/src/uwrt_mars_rover/install/uwrt_mars_rover_drivetrain:/home/uwrt/xbox_test_ws/src/uwrt_mars_rover/install/uwrt_mars_rover_drivetrain_hw:/home/uwrt/xbox_test_ws/src/uwrt_mars_rover/install/uwrt_mars_rover_drivetrain_description:/home/uwrt/xbox_test_ws/src/uwrt_mars_rover/install/uwrt_mars_rover_description:/opt/ros/galactic LD_LIBRARY_PATH=/home/uwrt/xbox_test_ws/src/uwrt_mars_rover/install/uwrt_mars_rover_drivetrain_hw/lib:${LD_LIBRARY_PATH} /usr/bin/cmake --build /home/uwrt/xbox_test_ws/src/uwrt_mars_rover/build/uwrt_mars_rover -- -j4 -l4
[1.656s] Invoking command in '/home/uwrt/xbox_test_ws/src/uwrt_mars_rover/build/uwrt_mars_rover': AMENT_PREFIX_PATH=/home/uwrt/xbox_test_ws/src/uwrt_mars_rover/install/uwrt_mars_rover_drivetrain:/home/uwrt/xbox_test_ws/src/uwrt_mars_rover/install/uwrt_mars_rover_drivetrain_hw:/home/uwrt/xbox_test_ws/src/uwrt_mars_rover/install/uwrt_mars_rover_drivetrain_description:/home/uwrt/xbox_test_ws/src/uwrt_mars_rover/install/uwrt_mars_rover_description:${AMENT_PREFIX_PATH} CMAKE_PREFIX_PATH=/home/uwrt/xbox_test_ws/src/uwrt_mars_rover/install/uwrt_mars_rover_drivetrain:/home/uwrt/xbox_test_ws/src/uwrt_mars_rover/install/uwrt_mars_rover_drivetrain_hw:/home/uwrt/xbox_test_ws/src/uwrt_mars_rover/install/uwrt_mars_rover_drivetrain_description:/home/uwrt/xbox_test_ws/src/uwrt_mars_rover/install/uwrt_mars_rover_description:/opt/ros/galactic LD_LIBRARY_PATH=/home/uwrt/xbox_test_ws/src/uwrt_mars_rover/install/uwrt_mars_rover_drivetrain_hw/lib:${LD_LIBRARY_PATH} /usr/bin/cmake --install /home/uwrt/xbox_test_ws/src/uwrt_mars_rover/build/uwrt_mars_rover
[1.676s] -- Install configuration: ""
[1.676s] -- Installing: /home/uwrt/xbox_test_ws/src/uwrt_mars_rover/install/uwrt_mars_rover/share/ament_index/resource_index/package_run_dependencies/uwrt_mars_rover
[1.676s] -- Installing: /home/uwrt/xbox_test_ws/src/uwrt_mars_rover/install/uwrt_mars_rover/share/ament_index/resource_index/parent_prefix_path/uwrt_mars_rover
[1.676s] -- Installing: /home/uwrt/xbox_test_ws/src/uwrt_mars_rover/install/uwrt_mars_rover/share/uwrt_mars_rover/environment/ament_prefix_path.sh
[1.677s] -- Installing: /home/uwrt/xbox_test_ws/src/uwrt_mars_rover/install/uwrt_mars_rover/share/uwrt_mars_rover/environment/ament_prefix_path.dsv
[1.677s] -- Installing: /home/uwrt/xbox_test_ws/src/uwrt_mars_rover/install/uwrt_mars_rover/share/uwrt_mars_rover/environment/path.sh
[1.677s] -- Installing: /home/uwrt/xbox_test_ws/src/uwrt_mars_rover/install/uwrt_mars_rover/share/uwrt_mars_rover/environment/path.dsv
[1.678s] -- Installing: /home/uwrt/xbox_test_ws/src/uwrt_mars_rover/install/uwrt_mars_rover/share/uwrt_mars_rover/local_setup.bash
[1.678s] -- Installing: /home/uwrt/xbox_test_ws/src/uwrt_mars_rover/install/uwrt_mars_rover/share/uwrt_mars_rover/local_setup.sh
[1.678s] -- Installing: /home/uwrt/xbox_test_ws/src/uwrt_mars_rover/install/uwrt_mars_rover/share/uwrt_mars_rover/local_setup.zsh
[1.679s] -- Installing: /home/uwrt/xbox_test_ws/src/uwrt_mars_rover/install/uwrt_mars_rover/share/uwrt_mars_rover/local_setup.dsv
[1.679s] -- Installing: /home/uwrt/xbox_test_ws/src/uwrt_mars_rover/install/uwrt_mars_rover/share/uwrt_mars_rover/package.dsv
[1.679s] -- Installing: /home/uwrt/xbox_test_ws/src/uwrt_mars_rover/install/uwrt_mars_rover/share/ament_index/resource_index/packages/uwrt_mars_rover
[1.680s] -- Installing: /home/uwrt/xbox_test_ws/src/uwrt_mars_rover/install/uwrt_mars_rover/share/uwrt_mars_rover/cmake/uwrt_mars_roverConfig.cmake
[1.680s] -- Installing: /home/uwrt/xbox_test_ws/src/uwrt_mars_rover/install/uwrt_mars_rover/share/uwrt_mars_rover/cmake/uwrt_mars_roverConfig-version.cmake
[1.680s] -- Installing: /home/uwrt/xbox_test_ws/src/uwrt_mars_rover/install/uwrt_mars_rover/share/uwrt_mars_rover/package.xml
[1.690s] Invoked command in '/home/uwrt/xbox_test_ws/src/uwrt_mars_rover/build/uwrt_mars_rover' returned '0': AMENT_PREFIX_PATH=/home/uwrt/xbox_test_ws/src/uwrt_mars_rover/install/uwrt_mars_rover_drivetrain:/home/uwrt/xbox_test_ws/src/uwrt_mars_rover/install/uwrt_mars_rover_drivetrain_hw:/home/uwrt/xbox_test_ws/src/uwrt_mars_rover/install/uwrt_mars_rover_drivetrain_description:/home/uwrt/xbox_test_ws/src/uwrt_mars_rover/install/uwrt_mars_rover_description:${AMENT_PREFIX_PATH} CMAKE_PREFIX_PATH=/home/uwrt/xbox_test_ws/src/uwrt_mars_rover/install/uwrt_mars_rover_drivetrain:/home/uwrt/xbox_test_ws/src/uwrt_mars_rover/install/uwrt_mars_rover_drivetrain_hw:/home/uwrt/xbox_test_ws/src/uwrt_mars_rover/install/uwrt_mars_rover_drivetrain_description:/home/uwrt/xbox_test_ws/src/uwrt_mars_rover/install/uwrt_mars_rover_description:/opt/ros/galactic LD_LIBRARY_PATH=/home/uwrt/xbox_test_ws/src/uwrt_mars_rover/install/uwrt_mars_rover_drivetrain_hw/lib:${LD_LIBRARY_PATH} /usr/bin/cmake --install /home/uwrt/xbox_test_ws/src/uwrt_mars_rover/build/uwrt_mars_rover
