[0.039s] Invoking command in '/home/uwrt/xbox_test_ws/src/uwrt_mars_rover/build/uwrt_mars_rover_xbox_controller': CMAKE_PREFIX_PATH=/opt/ros/galactic /usr/bin/cmake --build /home/uwrt/xbox_test_ws/src/uwrt_mars_rover/build/uwrt_mars_rover_xbox_controller -- -j4 -l4
[0.146s] [  2%] Built target uwrt_mars_rover_xbox_controller__cpp
[0.151s] [ 11%] Built target uwrt_mars_rover_xbox_controller__rosidl_generator_c
[0.206s] [ 20%] Built target uwrt_mars_rover_xbox_controller__rosidl_typesupport_c
[0.209s] [ 28%] Built target uwrt_mars_rover_xbox_controller__rosidl_typesupport_fastrtps_cpp
[0.216s] [ 37%] Built target uwrt_mars_rover_xbox_controller__rosidl_typesupport_introspection_cpp
[0.225s] [ 45%] Built target uwrt_mars_rover_xbox_controller__rosidl_typesupport_cpp
[0.269s] [ 54%] Built target uwrt_mars_rover_xbox_controller__rosidl_typesupport_introspection_c
[0.270s] [ 62%] Built target uwrt_mars_rover_xbox_controller__rosidl_typesupport_fastrtps_c
[0.309s] [ 62%] Built target uwrt_mars_rover_xbox_controller
[0.393s] [ 65%] Built target uwrt_mars_rover_xbox_controller__py
[0.400s] [ 71%] Built target coordinateNode
[0.408s] [ 77%] Built target xbox_controller
[0.459s] [ 82%] Built target uwrt_mars_rover_xbox_controller__python
[0.531s] [ 88%] Built target uwrt_mars_rover_xbox_controller__rosidl_typesupport_fastrtps_c__pyext
[0.533s] [ 94%] Built target uwrt_mars_rover_xbox_controller__rosidl_typesupport_introspection_c__pyext
[0.542s] [100%] Built target uwrt_mars_rover_xbox_controller__rosidl_typesupport_c__pyext
[0.572s] Invoked command in '/home/uwrt/xbox_test_ws/src/uwrt_mars_rover/build/uwrt_mars_rover_xbox_controller' returned '0': CMAKE_PREFIX_PATH=/opt/ros/galactic /usr/bin/cmake --build /home/uwrt/xbox_test_ws/src/uwrt_mars_rover/build/uwrt_mars_rover_xbox_controller -- -j4 -l4
[0.686s] Invoking command in '/home/uwrt/xbox_test_ws/src/uwrt_mars_rover/build/uwrt_mars_rover_xbox_controller': CMAKE_PREFIX_PATH=/opt/ros/galactic /usr/bin/cmake --install /home/uwrt/xbox_test_ws/src/uwrt_mars_rover/build/uwrt_mars_rover_xbox_controller
[0.700s] -- Install configuration: ""
[0.700s] -- Up-to-date: /home/uwrt/xbox_test_ws/src/uwrt_mars_rover/install/uwrt_mars_rover_xbox_controller/share/ament_index/resource_index/rosidl_interfaces/uwrt_mars_rover_xbox_controller
[0.700s] -- Up-to-date: /home/uwrt/xbox_test_ws/src/uwrt_mars_rover/install/uwrt_mars_rover_xbox_controller/include/uwrt_mars_rover_xbox_controller
[0.700s] -- Up-to-date: /home/uwrt/xbox_test_ws/src/uwrt_mars_rover/install/uwrt_mars_rover_xbox_controller/include/uwrt_mars_rover_xbox_controller/msg
[0.701s] -- Up-to-date: /home/uwrt/xbox_test_ws/src/uwrt_mars_rover/install/uwrt_mars_rover_xbox_controller/include/uwrt_mars_rover_xbox_controller/msg/xbox_controller.h
[0.701s] -- Up-to-date: /home/uwrt/xbox_test_ws/src/uwrt_mars_rover/install/uwrt_mars_rover_xbox_controller/include/uwrt_mars_rover_xbox_controller/msg/detail
[0.701s] -- Up-to-date: /home/uwrt/xbox_test_ws/src/uwrt_mars_rover/install/uwrt_mars_rover_xbox_controller/include/uwrt_mars_rover_xbox_controller/msg/detail/xbox_controller__functions.h
[0.701s] -- Up-to-date: /home/uwrt/xbox_test_ws/src/uwrt_mars_rover/install/uwrt_mars_rover_xbox_controller/include/uwrt_mars_rover_xbox_controller/msg/detail/xbox_controller__functions.c
[0.701s] -- Up-to-date: /home/uwrt/xbox_test_ws/src/uwrt_mars_rover/install/uwrt_mars_rover_xbox_controller/include/uwrt_mars_rover_xbox_controller/msg/detail/xbox_controller__struct.h
[0.701s] -- Up-to-date: /home/uwrt/xbox_test_ws/src/uwrt_mars_rover/install/uwrt_mars_rover_xbox_controller/include/uwrt_mars_rover_xbox_controller/msg/detail/xbox_controller__type_support.h
[0.702s] -- Up-to-date: /home/uwrt/xbox_test_ws/src/uwrt_mars_rover/install/uwrt_mars_rover_xbox_controller/include/uwrt_mars_rover_xbox_controller/msg/rosidl_generator_c__visibility_control.h
[0.702s] -- Up-to-date: /home/uwrt/xbox_test_ws/src/uwrt_mars_rover/install/uwrt_mars_rover_xbox_controller/share/uwrt_mars_rover_xbox_controller/environment/library_path.sh
[0.702s] -- Up-to-date: /home/uwrt/xbox_test_ws/src/uwrt_mars_rover/install/uwrt_mars_rover_xbox_controller/share/uwrt_mars_rover_xbox_controller/environment/library_path.dsv
[0.702s] -- Up-to-date: /home/uwrt/xbox_test_ws/src/uwrt_mars_rover/install/uwrt_mars_rover_xbox_controller/lib/libuwrt_mars_rover_xbox_controller__rosidl_generator_c.so
[0.702s] -- Up-to-date: /home/uwrt/xbox_test_ws/src/uwrt_mars_rover/install/uwrt_mars_rover_xbox_controller/include/uwrt_mars_rover_xbox_controller
[0.703s] -- Up-to-date: /home/uwrt/xbox_test_ws/src/uwrt_mars_rover/install/uwrt_mars_rover_xbox_controller/include/uwrt_mars_rover_xbox_controller/msg
[0.703s] -- Up-to-date: /home/uwrt/xbox_test_ws/src/uwrt_mars_rover/install/uwrt_mars_rover_xbox_controller/include/uwrt_mars_rover_xbox_controller/msg/rosidl_typesupport_fastrtps_c__visibility_control.h
[0.703s] -- Up-to-date: /home/uwrt/xbox_test_ws/src/uwrt_mars_rover/install/uwrt_mars_rover_xbox_controller/include/uwrt_mars_rover_xbox_controller/msg/detail
[0.703s] -- Up-to-date: /home/uwrt/xbox_test_ws/src/uwrt_mars_rover/install/uwrt_mars_rover_xbox_controller/include/uwrt_mars_rover_xbox_controller/msg/detail/xbox_controller__rosidl_typesupport_fastrtps_c.h
[0.703s] -- Up-to-date: /home/uwrt/xbox_test_ws/src/uwrt_mars_rover/install/uwrt_mars_rover_xbox_controller/lib/libuwrt_mars_rover_xbox_controller__rosidl_typesupport_fastrtps_c.so
[0.703s] -- Up-to-date: /home/uwrt/xbox_test_ws/src/uwrt_mars_rover/install/uwrt_mars_rover_xbox_controller/include/uwrt_mars_rover_xbox_controller
[0.703s] -- Up-to-date: /home/uwrt/xbox_test_ws/src/uwrt_mars_rover/install/uwrt_mars_rover_xbox_controller/include/uwrt_mars_rover_xbox_controller/msg
[0.704s] -- Up-to-date: /home/uwrt/xbox_test_ws/src/uwrt_mars_rover/install/uwrt_mars_rover_xbox_controller/include/uwrt_mars_rover_xbox_controller/msg/detail
[0.704s] -- Up-to-date: /home/uwrt/xbox_test_ws/src/uwrt_mars_rover/install/uwrt_mars_rover_xbox_controller/include/uwrt_mars_rover_xbox_controller/msg/detail/xbox_controller__rosidl_typesupport_fastrtps_cpp.hpp
[0.704s] -- Up-to-date: /home/uwrt/xbox_test_ws/src/uwrt_mars_rover/install/uwrt_mars_rover_xbox_controller/include/uwrt_mars_rover_xbox_controller/msg/detail/dds_fastrtps
[0.704s] -- Up-to-date: /home/uwrt/xbox_test_ws/src/uwrt_mars_rover/install/uwrt_mars_rover_xbox_controller/include/uwrt_mars_rover_xbox_controller/msg/rosidl_typesupport_fastrtps_cpp__visibility_control.h
[0.704s] -- Up-to-date: /home/uwrt/xbox_test_ws/src/uwrt_mars_rover/install/uwrt_mars_rover_xbox_controller/lib/libuwrt_mars_rover_xbox_controller__rosidl_typesupport_fastrtps_cpp.so
[0.704s] -- Up-to-date: /home/uwrt/xbox_test_ws/src/uwrt_mars_rover/install/uwrt_mars_rover_xbox_controller/include/uwrt_mars_rover_xbox_controller
[0.705s] -- Up-to-date: /home/uwrt/xbox_test_ws/src/uwrt_mars_rover/install/uwrt_mars_rover_xbox_controller/include/uwrt_mars_rover_xbox_controller/msg
[0.705s] -- Up-to-date: /home/uwrt/xbox_test_ws/src/uwrt_mars_rover/install/uwrt_mars_rover_xbox_controller/include/uwrt_mars_rover_xbox_controller/msg/detail
[0.705s] -- Up-to-date: /home/uwrt/xbox_test_ws/src/uwrt_mars_rover/install/uwrt_mars_rover_xbox_controller/include/uwrt_mars_rover_xbox_controller/msg/detail/xbox_controller__type_support.c
[0.705s] -- Up-to-date: /home/uwrt/xbox_test_ws/src/uwrt_mars_rover/install/uwrt_mars_rover_xbox_controller/include/uwrt_mars_rover_xbox_controller/msg/detail/xbox_controller__rosidl_typesupport_introspection_c.h
[0.705s] -- Up-to-date: /home/uwrt/xbox_test_ws/src/uwrt_mars_rover/install/uwrt_mars_rover_xbox_controller/include/uwrt_mars_rover_xbox_controller/msg/rosidl_typesupport_introspection_c__visibility_control.h
[0.705s] -- Up-to-date: /home/uwrt/xbox_test_ws/src/uwrt_mars_rover/install/uwrt_mars_rover_xbox_controller/lib/libuwrt_mars_rover_xbox_controller__rosidl_typesupport_introspection_c.so
[0.706s] -- Up-to-date: /home/uwrt/xbox_test_ws/src/uwrt_mars_rover/install/uwrt_mars_rover_xbox_controller/lib/libuwrt_mars_rover_xbox_controller__rosidl_typesupport_c.so
[0.707s] -- Up-to-date: /home/uwrt/xbox_test_ws/src/uwrt_mars_rover/install/uwrt_mars_rover_xbox_controller/include/uwrt_mars_rover_xbox_controller
[0.707s] -- Up-to-date: /home/uwrt/xbox_test_ws/src/uwrt_mars_rover/install/uwrt_mars_rover_xbox_controller/include/uwrt_mars_rover_xbox_controller/msg
[0.708s] -- Up-to-date: /home/uwrt/xbox_test_ws/src/uwrt_mars_rover/install/uwrt_mars_rover_xbox_controller/include/uwrt_mars_rover_xbox_controller/msg/detail
[0.708s] -- Up-to-date: /home/uwrt/xbox_test_ws/src/uwrt_mars_rover/install/uwrt_mars_rover_xbox_controller/include/uwrt_mars_rover_xbox_controller/msg/detail/xbox_controller__struct.hpp
[0.708s] -- Up-to-date: /home/uwrt/xbox_test_ws/src/uwrt_mars_rover/install/uwrt_mars_rover_xbox_controller/include/uwrt_mars_rover_xbox_controller/msg/detail/xbox_controller__builder.hpp
[0.709s] -- Up-to-date: /home/uwrt/xbox_test_ws/src/uwrt_mars_rover/install/uwrt_mars_rover_xbox_controller/include/uwrt_mars_rover_xbox_controller/msg/detail/xbox_controller__traits.hpp
[0.709s] -- Up-to-date: /home/uwrt/xbox_test_ws/src/uwrt_mars_rover/install/uwrt_mars_rover_xbox_controller/include/uwrt_mars_rover_xbox_controller/msg/xbox_controller.hpp
[0.709s] -- Up-to-date: /home/uwrt/xbox_test_ws/src/uwrt_mars_rover/install/uwrt_mars_rover_xbox_controller/include/uwrt_mars_rover_xbox_controller
[0.709s] -- Up-to-date: /home/uwrt/xbox_test_ws/src/uwrt_mars_rover/install/uwrt_mars_rover_xbox_controller/include/uwrt_mars_rover_xbox_controller/msg
[0.709s] -- Up-to-date: /home/uwrt/xbox_test_ws/src/uwrt_mars_rover/install/uwrt_mars_rover_xbox_controller/include/uwrt_mars_rover_xbox_controller/msg/detail
[0.709s] -- Up-to-date: /home/uwrt/xbox_test_ws/src/uwrt_mars_rover/install/uwrt_mars_rover_xbox_controller/include/uwrt_mars_rover_xbox_controller/msg/detail/xbox_controller__type_support.cpp
[0.709s] -- Up-to-date: /home/uwrt/xbox_test_ws/src/uwrt_mars_rover/install/uwrt_mars_rover_xbox_controller/include/uwrt_mars_rover_xbox_controller/msg/detail/xbox_controller__rosidl_typesupport_introspection_cpp.hpp
[0.710s] -- Up-to-date: /home/uwrt/xbox_test_ws/src/uwrt_mars_rover/install/uwrt_mars_rover_xbox_controller/lib/libuwrt_mars_rover_xbox_controller__rosidl_typesupport_introspection_cpp.so
[0.710s] -- Up-to-date: /home/uwrt/xbox_test_ws/src/uwrt_mars_rover/install/uwrt_mars_rover_xbox_controller/lib/libuwrt_mars_rover_xbox_controller__rosidl_typesupport_cpp.so
[0.710s] -- Up-to-date: /home/uwrt/xbox_test_ws/src/uwrt_mars_rover/install/uwrt_mars_rover_xbox_controller/share/uwrt_mars_rover_xbox_controller/environment/pythonpath.sh
[0.710s] -- Up-to-date: /home/uwrt/xbox_test_ws/src/uwrt_mars_rover/install/uwrt_mars_rover_xbox_controller/share/uwrt_mars_rover_xbox_controller/environment/pythonpath.dsv
[0.710s] -- Up-to-date: /home/uwrt/xbox_test_ws/src/uwrt_mars_rover/install/uwrt_mars_rover_xbox_controller/lib/python3.8/site-packages/uwrt_mars_rover_xbox_controller/__init__.py
[0.785s] -- Up-to-date: /home/uwrt/xbox_test_ws/src/uwrt_mars_rover/install/uwrt_mars_rover_xbox_controller/lib/python3.8/site-packages/uwrt_mars_rover_xbox_controller/msg
[0.787s] -- Up-to-date: /home/uwrt/xbox_test_ws/src/uwrt_mars_rover/install/uwrt_mars_rover_xbox_controller/lib/python3.8/site-packages/uwrt_mars_rover_xbox_controller/msg/_xbox_controller_s.c
[0.789s] -- Up-to-date: /home/uwrt/xbox_test_ws/src/uwrt_mars_rover/install/uwrt_mars_rover_xbox_controller/lib/python3.8/site-packages/uwrt_mars_rover_xbox_controller/msg/_xbox_controller.py
[0.791s] -- Up-to-date: /home/uwrt/xbox_test_ws/src/uwrt_mars_rover/install/uwrt_mars_rover_xbox_controller/lib/python3.8/site-packages/uwrt_mars_rover_xbox_controller/msg/__init__.py
[0.792s] -- Up-to-date: /home/uwrt/xbox_test_ws/src/uwrt_mars_rover/install/uwrt_mars_rover_xbox_controller/lib/python3.8/site-packages/uwrt_mars_rover_xbox_controller/uwrt_mars_rover_xbox_controller_s__rosidl_typesupport_fastrtps_c.cpython-38-x86_64-linux-gnu.so
[0.793s] -- Up-to-date: /home/uwrt/xbox_test_ws/src/uwrt_mars_rover/install/uwrt_mars_rover_xbox_controller/lib/python3.8/site-packages/uwrt_mars_rover_xbox_controller/uwrt_mars_rover_xbox_controller_s__rosidl_typesupport_introspection_c.cpython-38-x86_64-linux-gnu.so
[0.799s] -- Up-to-date: /home/uwrt/xbox_test_ws/src/uwrt_mars_rover/install/uwrt_mars_rover_xbox_controller/lib/python3.8/site-packages/uwrt_mars_rover_xbox_controller/uwrt_mars_rover_xbox_controller_s__rosidl_typesupport_c.cpython-38-x86_64-linux-gnu.so
[0.799s] -- Up-to-date: /home/uwrt/xbox_test_ws/src/uwrt_mars_rover/install/uwrt_mars_rover_xbox_controller/lib/libuwrt_mars_rover_xbox_controller__python.so
[0.800s] -- Up-to-date: /home/uwrt/xbox_test_ws/src/uwrt_mars_rover/install/uwrt_mars_rover_xbox_controller/share/uwrt_mars_rover_xbox_controller/msg/XboxController.idl
[0.800s] -- Up-to-date: /home/uwrt/xbox_test_ws/src/uwrt_mars_rover/install/uwrt_mars_rover_xbox_controller/share/uwrt_mars_rover_xbox_controller/msg/XboxController.msg
[0.800s] -- Up-to-date: /home/uwrt/xbox_test_ws/src/uwrt_mars_rover/install/uwrt_mars_rover_xbox_controller/share/uwrt_mars_rover_xbox_controller/launch
[0.800s] -- Up-to-date: /home/uwrt/xbox_test_ws/src/uwrt_mars_rover/install/uwrt_mars_rover_xbox_controller/share/uwrt_mars_rover_xbox_controller/launch/xbox_launch.py
[0.801s] -- Up-to-date: /home/uwrt/xbox_test_ws/src/uwrt_mars_rover/install/uwrt_mars_rover_xbox_controller/share/uwrt_mars_rover_xbox_controller/launch/location_launch.py
[0.801s] -- Up-to-date: /home/uwrt/xbox_test_ws/src/uwrt_mars_rover/install/uwrt_mars_rover_xbox_controller/lib/libxbox_controller.so
[0.801s] -- Up-to-date: /home/uwrt/xbox_test_ws/src/uwrt_mars_rover/install/uwrt_mars_rover_xbox_controller/lib/libcoordinateNode.so
[0.801s] -- Up-to-date: /home/uwrt/xbox_test_ws/src/uwrt_mars_rover/install/uwrt_mars_rover_xbox_controller/share/ament_index/resource_index/package_run_dependencies/uwrt_mars_rover_xbox_controller
[0.802s] -- Up-to-date: /home/uwrt/xbox_test_ws/src/uwrt_mars_rover/install/uwrt_mars_rover_xbox_controller/share/ament_index/resource_index/parent_prefix_path/uwrt_mars_rover_xbox_controller
[0.802s] -- Up-to-date: /home/uwrt/xbox_test_ws/src/uwrt_mars_rover/install/uwrt_mars_rover_xbox_controller/share/uwrt_mars_rover_xbox_controller/environment/ament_prefix_path.sh
[0.802s] -- Up-to-date: /home/uwrt/xbox_test_ws/src/uwrt_mars_rover/install/uwrt_mars_rover_xbox_controller/share/uwrt_mars_rover_xbox_controller/environment/ament_prefix_path.dsv
[0.802s] -- Up-to-date: /home/uwrt/xbox_test_ws/src/uwrt_mars_rover/install/uwrt_mars_rover_xbox_controller/share/uwrt_mars_rover_xbox_controller/environment/path.sh
[0.802s] -- Up-to-date: /home/uwrt/xbox_test_ws/src/uwrt_mars_rover/install/uwrt_mars_rover_xbox_controller/share/uwrt_mars_rover_xbox_controller/environment/path.dsv
[0.803s] -- Up-to-date: /home/uwrt/xbox_test_ws/src/uwrt_mars_rover/install/uwrt_mars_rover_xbox_controller/share/uwrt_mars_rover_xbox_controller/local_setup.bash
[0.803s] -- Up-to-date: /home/uwrt/xbox_test_ws/src/uwrt_mars_rover/install/uwrt_mars_rover_xbox_controller/share/uwrt_mars_rover_xbox_controller/local_setup.sh
[0.803s] -- Up-to-date: /home/uwrt/xbox_test_ws/src/uwrt_mars_rover/install/uwrt_mars_rover_xbox_controller/share/uwrt_mars_rover_xbox_controller/local_setup.zsh
[0.803s] -- Up-to-date: /home/uwrt/xbox_test_ws/src/uwrt_mars_rover/install/uwrt_mars_rover_xbox_controller/share/uwrt_mars_rover_xbox_controller/local_setup.dsv
[0.803s] -- Installing: /home/uwrt/xbox_test_ws/src/uwrt_mars_rover/install/uwrt_mars_rover_xbox_controller/share/uwrt_mars_rover_xbox_controller/package.dsv
[0.804s] -- Up-to-date: /home/uwrt/xbox_test_ws/src/uwrt_mars_rover/install/uwrt_mars_rover_xbox_controller/share/ament_index/resource_index/packages/uwrt_mars_rover_xbox_controller
[0.804s] -- Up-to-date: /home/uwrt/xbox_test_ws/src/uwrt_mars_rover/install/uwrt_mars_rover_xbox_controller/share/uwrt_mars_rover_xbox_controller/cmake/uwrt_mars_rover_xbox_controller__rosidl_generator_cExport.cmake
[0.804s] -- Up-to-date: /home/uwrt/xbox_test_ws/src/uwrt_mars_rover/install/uwrt_mars_rover_xbox_controller/share/uwrt_mars_rover_xbox_controller/cmake/uwrt_mars_rover_xbox_controller__rosidl_generator_cExport-noconfig.cmake
[0.804s] -- Up-to-date: /home/uwrt/xbox_test_ws/src/uwrt_mars_rover/install/uwrt_mars_rover_xbox_controller/share/uwrt_mars_rover_xbox_controller/cmake/uwrt_mars_rover_xbox_controller__rosidl_typesupport_introspection_cExport.cmake
[0.808s] -- Up-to-date: /home/uwrt/xbox_test_ws/src/uwrt_mars_rover/install/uwrt_mars_rover_xbox_controller/share/uwrt_mars_rover_xbox_controller/cmake/uwrt_mars_rover_xbox_controller__rosidl_typesupport_introspection_cExport-noconfig.cmake
[0.808s] -- Up-to-date: /home/uwrt/xbox_test_ws/src/uwrt_mars_rover/install/uwrt_mars_rover_xbox_controller/share/uwrt_mars_rover_xbox_controller/cmake/uwrt_mars_rover_xbox_controller__rosidl_typesupport_cExport.cmake
[0.808s] -- Up-to-date: /home/uwrt/xbox_test_ws/src/uwrt_mars_rover/install/uwrt_mars_rover_xbox_controller/share/uwrt_mars_rover_xbox_controller/cmake/uwrt_mars_rover_xbox_controller__rosidl_typesupport_cExport-noconfig.cmake
[0.809s] -- Up-to-date: /home/uwrt/xbox_test_ws/src/uwrt_mars_rover/install/uwrt_mars_rover_xbox_controller/share/uwrt_mars_rover_xbox_controller/cmake/uwrt_mars_rover_xbox_controller__rosidl_generator_cppExport.cmake
[0.809s] -- Up-to-date: /home/uwrt/xbox_test_ws/src/uwrt_mars_rover/install/uwrt_mars_rover_xbox_controller/share/uwrt_mars_rover_xbox_controller/cmake/uwrt_mars_rover_xbox_controller__rosidl_typesupport_introspection_cppExport.cmake
[0.809s] -- Up-to-date: /home/uwrt/xbox_test_ws/src/uwrt_mars_rover/install/uwrt_mars_rover_xbox_controller/share/uwrt_mars_rover_xbox_controller/cmake/uwrt_mars_rover_xbox_controller__rosidl_typesupport_introspection_cppExport-noconfig.cmake
[0.810s] -- Up-to-date: /home/uwrt/xbox_test_ws/src/uwrt_mars_rover/install/uwrt_mars_rover_xbox_controller/share/uwrt_mars_rover_xbox_controller/cmake/uwrt_mars_rover_xbox_controller__rosidl_typesupport_cppExport.cmake
[0.810s] -- Up-to-date: /home/uwrt/xbox_test_ws/src/uwrt_mars_rover/install/uwrt_mars_rover_xbox_controller/share/uwrt_mars_rover_xbox_controller/cmake/uwrt_mars_rover_xbox_controller__rosidl_typesupport_cppExport-noconfig.cmake
[0.811s] -- Up-to-date: /home/uwrt/xbox_test_ws/src/uwrt_mars_rover/install/uwrt_mars_rover_xbox_controller/share/ament_index/resource_index/rclcpp_components/uwrt_mars_rover_xbox_controller
[0.811s] -- Up-to-date: /home/uwrt/xbox_test_ws/src/uwrt_mars_rover/install/uwrt_mars_rover_xbox_controller/share/uwrt_mars_rover_xbox_controller/cmake/rosidl_cmake-extras.cmake
[0.811s] -- Up-to-date: /home/uwrt/xbox_test_ws/src/uwrt_mars_rover/install/uwrt_mars_rover_xbox_controller/share/uwrt_mars_rover_xbox_controller/cmake/ament_cmake_export_dependencies-extras.cmake
[0.811s] -- Up-to-date: /home/uwrt/xbox_test_ws/src/uwrt_mars_rover/install/uwrt_mars_rover_xbox_controller/share/uwrt_mars_rover_xbox_controller/cmake/ament_cmake_export_libraries-extras.cmake
[0.811s] -- Up-to-date: /home/uwrt/xbox_test_ws/src/uwrt_mars_rover/install/uwrt_mars_rover_xbox_controller/share/uwrt_mars_rover_xbox_controller/cmake/ament_cmake_export_targets-extras.cmake
[0.811s] -- Up-to-date: /home/uwrt/xbox_test_ws/src/uwrt_mars_rover/install/uwrt_mars_rover_xbox_controller/share/uwrt_mars_rover_xbox_controller/cmake/ament_cmake_export_include_directories-extras.cmake
[0.812s] -- Up-to-date: /home/uwrt/xbox_test_ws/src/uwrt_mars_rover/install/uwrt_mars_rover_xbox_controller/share/uwrt_mars_rover_xbox_controller/cmake/rosidl_cmake_export_typesupport_libraries-extras.cmake
[0.812s] -- Up-to-date: /home/uwrt/xbox_test_ws/src/uwrt_mars_rover/install/uwrt_mars_rover_xbox_controller/share/uwrt_mars_rover_xbox_controller/cmake/rosidl_cmake_export_typesupport_targets-extras.cmake
[0.812s] -- Up-to-date: /home/uwrt/xbox_test_ws/src/uwrt_mars_rover/install/uwrt_mars_rover_xbox_controller/share/uwrt_mars_rover_xbox_controller/cmake/uwrt_mars_rover_xbox_controllerConfig.cmake
[0.814s] -- Up-to-date: /home/uwrt/xbox_test_ws/src/uwrt_mars_rover/install/uwrt_mars_rover_xbox_controller/share/uwrt_mars_rover_xbox_controller/cmake/uwrt_mars_rover_xbox_controllerConfig-version.cmake
[0.815s] -- Up-to-date: /home/uwrt/xbox_test_ws/src/uwrt_mars_rover/install/uwrt_mars_rover_xbox_controller/share/uwrt_mars_rover_xbox_controller/package.xml
[0.815s] Invoked command in '/home/uwrt/xbox_test_ws/src/uwrt_mars_rover/build/uwrt_mars_rover_xbox_controller' returned '0': CMAKE_PREFIX_PATH=/opt/ros/galactic /usr/bin/cmake --install /home/uwrt/xbox_test_ws/src/uwrt_mars_rover/build/uwrt_mars_rover_xbox_controller
