-- The C compiler identification is GNU 9.4.0
-- The CXX compiler identification is GNU 9.4.0
-- Check for working C compiler: /usr/bin/cc
-- Check for working C compiler: /usr/bin/cc -- works
-- Detecting C compiler ABI info
-- Detecting C compiler ABI info - done
-- Detecting C compile features
-- Detecting C compile features - done
-- Check for working CXX compiler: /usr/bin/c++
-- Check for working CXX compiler: /usr/bin/c++ -- works
-- Detecting CXX compiler ABI info
-- Detecting CXX compiler ABI info - done
-- Detecting CXX compile features
-- Detecting CXX compile features - done
-- Found ament_cmake: 1.1.6 (/opt/ros/galactic/share/ament_cmake/cmake)
-- Found PythonInterp: /usr/bin/python3 (found suitable version "3.8.10", minimum required is "3") 
-- Using PYTHON_EXECUTABLE: /usr/bin/python3
-- Found ament_lint_auto: 0.10.7 (/opt/ros/galactic/share/ament_lint_auto/cmake)
-- Added test 'copyright' to check source files copyright and LICENSE
-- Added test 'lint_cmake' to check CMake code style
-- Added test 'xmllint' to check XML markup files
-- Configuring done
-- Generating done
-- Build files have been written to: /home/uwrt/xbox_test_ws/src/uwrt_mars_rover/build/uwrt_mars_rover_description
-- Install configuration: ""
-- Installing: /home/uwrt/xbox_test_ws/src/uwrt_mars_rover/install/uwrt_mars_rover_description/share/ament_index/resource_index/package_run_dependencies/uwrt_mars_rover_description
-- Installing: /home/uwrt/xbox_test_ws/src/uwrt_mars_rover/install/uwrt_mars_rover_description/share/ament_index/resource_index/parent_prefix_path/uwrt_mars_rover_description
-- Installing: /home/uwrt/xbox_test_ws/src/uwrt_mars_rover/install/uwrt_mars_rover_description/share/uwrt_mars_rover_description/environment/ament_prefix_path.sh
-- Installing: /home/uwrt/xbox_test_ws/src/uwrt_mars_rover/install/uwrt_mars_rover_description/share/uwrt_mars_rover_description/environment/ament_prefix_path.dsv
-- Installing: /home/uwrt/xbox_test_ws/src/uwrt_mars_rover/install/uwrt_mars_rover_description/share/uwrt_mars_rover_description/environment/path.sh
-- Installing: /home/uwrt/xbox_test_ws/src/uwrt_mars_rover/install/uwrt_mars_rover_description/share/uwrt_mars_rover_description/environment/path.dsv
-- Installing: /home/uwrt/xbox_test_ws/src/uwrt_mars_rover/install/uwrt_mars_rover_description/share/uwrt_mars_rover_description/local_setup.bash
-- Installing: /home/uwrt/xbox_test_ws/src/uwrt_mars_rover/install/uwrt_mars_rover_description/share/uwrt_mars_rover_description/local_setup.sh
-- Installing: /home/uwrt/xbox_test_ws/src/uwrt_mars_rover/install/uwrt_mars_rover_description/share/uwrt_mars_rover_description/local_setup.zsh
-- Installing: /home/uwrt/xbox_test_ws/src/uwrt_mars_rover/install/uwrt_mars_rover_description/share/uwrt_mars_rover_description/local_setup.dsv
-- Installing: /home/uwrt/xbox_test_ws/src/uwrt_mars_rover/install/uwrt_mars_rover_description/share/uwrt_mars_rover_description/package.dsv
-- Installing: /home/uwrt/xbox_test_ws/src/uwrt_mars_rover/install/uwrt_mars_rover_description/share/ament_index/resource_index/packages/uwrt_mars_rover_description
-- Installing: /home/uwrt/xbox_test_ws/src/uwrt_mars_rover/install/uwrt_mars_rover_description/share/uwrt_mars_rover_description/cmake/uwrt_mars_rover_descriptionConfig.cmake
-- Installing: /home/uwrt/xbox_test_ws/src/uwrt_mars_rover/install/uwrt_mars_rover_description/share/uwrt_mars_rover_description/cmake/uwrt_mars_rover_descriptionConfig-version.cmake
-- Installing: /home/uwrt/xbox_test_ws/src/uwrt_mars_rover/install/uwrt_mars_rover_description/share/uwrt_mars_rover_description/package.xml
